core_cm0plus.h:733:22:__NVIC_EnableIRQ	16	static
fsl_clock.h:463:20:CLOCK_EnableClock	16	static
fsl_clock.h:473:20:CLOCK_DisableClock	16	static
fsl_common.h:405:28:EnableIRQ	16	static
fsl_usart.h:365:20:USART_EnableInterrupts	16	static
fsl_usart.h:383:20:USART_DisableInterrupts	16	static
fsl_usart.h:414:20:USART_EnableTx	16	static
fsl_usart.h:436:20:USART_EnableRx	16	static
fsl_usart.c:79:10:USART_GetInstance	24	static
fsl_usart.c:95:8:USART_TransferGetRxRingBufferLength	24	static
fsl_usart.c:113:13:USART_TransferIsRxRingBufferFull	24	static
fsl_usart.c:131:6:USART_TransferStartRingBuffer	24	static
fsl_usart.c:148:6:USART_TransferStopRingBuffer	16	static
fsl_usart.c:165:10:USART_Init	32	static
fsl_usart.c:201:6:USART_Deinit	16	static
fsl_usart.c:215:6:USART_GetDefaultConfig	16	static
fsl_usart.c:231:10:USART_SetBaudRate	56	static
fsl_usart.c:296:6:USART_WriteBlocking	24	static
fsl_usart.c:316:10:USART_ReadBlocking	32	static
fsl_usart.c:359:10:USART_TransferCreateHandle	32	static
fsl_usart.c:388:10:USART_TransferSendNonBlocking	24	static
fsl_usart.c:414:6:USART_TransferAbortSend	16	static
fsl_usart.c:425:10:USART_TransferGetSendCount	24	static
fsl_usart.c:440:10:USART_TransferReceiveNonBlocking	48	static
fsl_usart.c:539:6:USART_TransferAbortReceive	16	static
fsl_usart.c:553:10:USART_TransferGetReceiveCount	24	static
fsl_usart.c:568:6:USART_TransferHandleIRQ	32	static
fsl_usart.c:673:6:USART0_DriverIRQHandler	8	static
fsl_usart.c:680:6:USART1_DriverIRQHandler	8	static
fsl_usart.c:687:6:USART2_DriverIRQHandler	8	static
fsl_usart.c:694:6:PIN_INT6_USART3_DriverIRQHandler	8	static
fsl_usart.c:701:6:PIN_INT7_USART4_DriverIRQHandler	8	static
