fsl_clock.h:563:24:CLOCK_GetCoreSysClkFreq	8	static
fsl_clock.h:586:24:CLOCK_GetSystemPLLFreq	8	static
fsl_clock.h:594:24:CLOCK_GetWdtOscFreq	8	static
fsl_clock.h:602:24:CLOCK_GetExtClkFreq	8	static
fsl_clock.c:86:17:CLOCK_GetFRGInputClkFreq	24	static
fsl_clock.c:104:13:CLOCK_SetFRGClkFreq	48	static
fsl_clock.c:124:13:CLOCK_UpdateClkSrc	16	static
fsl_clock.c:135:6:CLOCK_SetFRG0ClkFreq	16	static
fsl_clock.c:140:6:CLOCK_SetFRG1ClkFreq	16	static
fsl_clock.c:145:10:CLOCK_GetFRG0ClkFreq	8	static
fsl_clock.c:151:10:CLOCK_GetFRG1ClkFreq	8	static
fsl_clock.c:157:10:CLOCK_GetMainClkFreq	16	static
fsl_clock.c:190:10:CLOCK_GetFroFreq	16	static
fsl_clock.c:217:10:CLOCK_GetClockOutClkFreq	16	static
fsl_clock.c:250:10:CLOCK_GetFreq	24	static
fsl_clock.c:292:10:CLOCK_GetSystemPLLInClockRate	16	static
fsl_clock.c:322:17:findSyestemPllPsel	24	static
fsl_clock.c:346:6:CLOCK_InitSystemPll	32	static
fsl_clock.c:380:6:CLOCK_InitExtClkin	16	static
fsl_clock.c:394:6:CLOCK_InitXtalin	24	static
fsl_clock.c:422:6:CLOCK_InitSysOsc	24	static
fsl_clock.c:451:6:CLOCK_InitWdtOsc	24	static
fsl_clock.c:470:6:CLOCK_SetMainClkSrc	24	static
fsl_clock.c:488:6:CLOCK_SetFroOutClkSrc	16	static
