Archive member included to satisfy reference by file (symbol)

c:/nxp/mcuxpressoide_10.3.0_2200/ide/plugins/com.nxp.mcuxpresso.tools.win32_10.3.0.201811011841/tools/bin/../lib/gcc/arm-none-eabi/7.3.1/../../../../arm-none-eabi/lib/thumb/v6-m\libcr_nohost_nf.a(_cr__main.o)
                              ./startup/startup_lpc845.o (__main)
c:/nxp/mcuxpressoide_10.3.0_2200/ide/plugins/com.nxp.mcuxpresso.tools.win32_10.3.0.201811011841/tools/bin/../lib/gcc/arm-none-eabi/7.3.1/../../../../arm-none-eabi/lib/thumb/v6-m\libcr_nohost_nf.a(_cr_assert.o)
                              ./drivers/fsl_clock.o (__assertion_failed)
c:/nxp/mcuxpressoide_10.3.0_2200/ide/plugins/com.nxp.mcuxpresso.tools.win32_10.3.0.201811011841/tools/bin/../lib/gcc/arm-none-eabi/7.3.1/../../../../arm-none-eabi/lib/thumb/v6-m\libcr_nohost_nf.a(__ciob.o)
                              c:/nxp/mcuxpressoide_10.3.0_2200/ide/plugins/com.nxp.mcuxpresso.tools.win32_10.3.0.201811011841/tools/bin/../lib/gcc/arm-none-eabi/7.3.1/../../../../arm-none-eabi/lib/thumb/v6-m\libcr_nohost_nf.a(_cr_assert.o) (__Ciob)
c:/nxp/mcuxpressoide_10.3.0_2200/ide/plugins/com.nxp.mcuxpresso.tools.win32_10.3.0.201811011841/tools/bin/../lib/gcc/arm-none-eabi/7.3.1/../../../../arm-none-eabi/lib/thumb/v6-m\libcr_nohost_nf.a(__sys_appexit.o)
                              c:/nxp/mcuxpressoide_10.3.0_2200/ide/plugins/com.nxp.mcuxpresso.tools.win32_10.3.0.201811011841/tools/bin/../lib/gcc/arm-none-eabi/7.3.1/../../../../arm-none-eabi/lib/thumb/v6-m\libcr_nohost_nf.a(_cr_assert.o) (__sys_appexit)
c:/nxp/mcuxpressoide_10.3.0_2200/ide/plugins/com.nxp.mcuxpresso.tools.win32_10.3.0.201811011841/tools/bin/../lib/gcc/arm-none-eabi/7.3.1/../../../../arm-none-eabi/lib/thumb/v6-m\libcr_c.a(memset.o)
                              ./source/LPC845_BoB_OLED.o (memset)
c:/nxp/mcuxpressoide_10.3.0_2200/ide/plugins/com.nxp.mcuxpresso.tools.win32_10.3.0.201811011841/tools/bin/../lib/gcc/arm-none-eabi/7.3.1/../../../../arm-none-eabi/lib/thumb/v6-m\libcr_c.a(_deferredlazyseek.o)
                              c:/nxp/mcuxpressoide_10.3.0_2200/ide/plugins/com.nxp.mcuxpresso.tools.win32_10.3.0.201811011841/tools/bin/../lib/gcc/arm-none-eabi/7.3.1/../../../../arm-none-eabi/lib/thumb/v6-m\libcr_nohost_nf.a(_cr_assert.o) (__flsbuf)
c:/nxp/mcuxpressoide_10.3.0_2200/ide/plugins/com.nxp.mcuxpresso.tools.win32_10.3.0.201811011841/tools/bin/../lib/gcc/arm-none-eabi/7.3.1/../../../../arm-none-eabi/lib/thumb/v6-m\libcr_c.a(_fflush.o)
                              c:/nxp/mcuxpressoide_10.3.0_2200/ide/plugins/com.nxp.mcuxpresso.tools.win32_10.3.0.201811011841/tools/bin/../lib/gcc/arm-none-eabi/7.3.1/../../../../arm-none-eabi/lib/thumb/v6-m\libcr_c.a(_deferredlazyseek.o) (_fflush)
c:/nxp/mcuxpressoide_10.3.0_2200/ide/plugins/com.nxp.mcuxpresso.tools.win32_10.3.0.201811011841/tools/bin/../lib/gcc/arm-none-eabi/7.3.1/../../../../arm-none-eabi/lib/thumb/v6-m\libcr_c.a(_writebuf.o)
                              c:/nxp/mcuxpressoide_10.3.0_2200/ide/plugins/com.nxp.mcuxpresso.tools.win32_10.3.0.201811011841/tools/bin/../lib/gcc/arm-none-eabi/7.3.1/../../../../arm-none-eabi/lib/thumb/v6-m\libcr_c.a(_deferredlazyseek.o) (_Cwritebuf)
c:/nxp/mcuxpressoide_10.3.0_2200/ide/plugins/com.nxp.mcuxpresso.tools.win32_10.3.0.201811011841/tools/bin/../lib/gcc/arm-none-eabi/7.3.1/../../../../arm-none-eabi/lib/thumb/v6-m\libcr_c.a(alloc.o)
                              ./drivers/fsl_common.o (malloc)
c:/nxp/mcuxpressoide_10.3.0_2200/ide/plugins/com.nxp.mcuxpresso.tools.win32_10.3.0.201811011841/tools/bin/../lib/gcc/arm-none-eabi/7.3.1/../../../../arm-none-eabi/lib/thumb/v6-m\libcr_c.a(fputs.o)
                              c:/nxp/mcuxpressoide_10.3.0_2200/ide/plugins/com.nxp.mcuxpresso.tools.win32_10.3.0.201811011841/tools/bin/../lib/gcc/arm-none-eabi/7.3.1/../../../../arm-none-eabi/lib/thumb/v6-m\libcr_nohost_nf.a(_cr_assert.o) (fputs)
c:/nxp/mcuxpressoide_10.3.0_2200/ide/plugins/com.nxp.mcuxpresso.tools.win32_10.3.0.201811011841/tools/bin/../lib/gcc/arm-none-eabi/7.3.1/../../../../arm-none-eabi/lib/thumb/v6-m\libcr_c.a(fseek.o)
                              c:/nxp/mcuxpressoide_10.3.0_2200/ide/plugins/com.nxp.mcuxpresso.tools.win32_10.3.0.201811011841/tools/bin/../lib/gcc/arm-none-eabi/7.3.1/../../../../arm-none-eabi/lib/thumb/v6-m\libcr_c.a(_deferredlazyseek.o) (fseek)
c:/nxp/mcuxpressoide_10.3.0_2200/ide/plugins/com.nxp.mcuxpresso.tools.win32_10.3.0.201811011841/tools/bin/../lib/gcc/arm-none-eabi/7.3.1/../../../../arm-none-eabi/lib/thumb/v6-m\libcr_c.a(ftell.o)
                              c:/nxp/mcuxpressoide_10.3.0_2200/ide/plugins/com.nxp.mcuxpresso.tools.win32_10.3.0.201811011841/tools/bin/../lib/gcc/arm-none-eabi/7.3.1/../../../../arm-none-eabi/lib/thumb/v6-m\libcr_c.a(fseek.o) (ftell)
c:/nxp/mcuxpressoide_10.3.0_2200/ide/plugins/com.nxp.mcuxpresso.tools.win32_10.3.0.201811011841/tools/bin/../lib/gcc/arm-none-eabi/7.3.1/../../../../arm-none-eabi/lib/thumb/v6-m\libcr_c.a(initio.o)
[...]
Memory Configuration

Name             Origin             Length             Attributes
PROGRAM_FLASH    0x00000000         0x00010000         xr
SRAM             0x10000000         0x00004000         xrw
*default*        0x00000000         0xffffffff

Linker script and memory map

LOAD ./utilities/fsl_assert.o
LOAD ./utilities/fsl_debug_console.o
LOAD ./startup/aeabi_romdiv_patch.o
LOAD ./startup/startup_lpc845.o
LOAD ./source/LPC845_BoB_OLED.o
LOAD ./source/mtb.o
LOAD ./source/semihost_hardfault.o
LOAD ./drivers/fsl_SSD1306.o
LOAD ./drivers/fsl_Systick_Delay.o
LOAD ./drivers/fsl_clock.o
LOAD ./drivers/fsl_common.o
LOAD ./drivers/fsl_gpio.o
LOAD ./drivers/fsl_power.o
LOAD ./drivers/fsl_reset.o
LOAD ./drivers/fsl_spi.o
LOAD ./drivers/fsl_swm.o
LOAD ./drivers/fsl_usart.o
LOAD ./board/board.o
LOAD ./board/clock_config.o
LOAD ./board/peripherals.o
LOAD ./board/pin_mux.o
LOAD ./CMSIS/system_LPC845.o
START GROUP
LOAD c:/nxp/mcuxpressoide_10.3.0_2200/ide/plugins/com.nxp.mcuxpresso.tools.win32_10.3.0.201811011841/tools/bin/../lib/gcc/arm-none-eabi/7.3.1/../../../../arm-none-eabi/lib/thumb/v6-m\libcr_nohost_nf.a
LOAD c:/nxp/mcuxpressoide_10.3.0_2200/ide/plugins/com.nxp.mcuxpresso.tools.win32_10.3.0.201811011841/tools/bin/../lib/gcc/arm-none-eabi/7.3.1/../../../../arm-none-eabi/lib/thumb/v6-m\libcr_c.a
LOAD c:/nxp/mcuxpressoide_10.3.0_2200/ide/plugins/com.nxp.mcuxpresso.tools.win32_10.3.0.201811011841/tools/bin/../lib/gcc/arm-none-eabi/7.3.1/thumb/v6-m\libcr_eabihelpers.a
END GROUP
                0x00000000                __base_PROGRAM_FLASH = 0x0
                0x00000000                __base_Flash = 0x0
                0x00010000                __top_PROGRAM_FLASH = 0x10000
                0x00010000                __top_Flash = 0x10000
                0x10000000                __base_SRAM = 0x10000000
                0x10000000                __base_RAM = 0x10000000
                0x10004000                __top_SRAM = 0x10004000
                0x10004000                __top_RAM = 0x10004000

.text           0x00000000     0x46f0
 FILL mask 0xff
                0x00000000                __vectors_start__ = ABSOLUTE (.)
 *(SORT_BY_ALIGNMENT(.isr_vector))
 .isr_vector    0x00000000       0xc0 ./startup/startup_lpc845.o
                0x00000000                g_pfnVectors
                0x00000000                __Vectors
                0x000000c0                . = ALIGN (0x4)
                0x000000c0                __section_table_start = .
                0x000000c0                __data_section_table = .
                0x000000c0        0x4 LONG 0x46f0 LOADADDR (.data)
                0x000000c4        0x4 LONG 0x10000080 ADDR (.data)
                0x000000c8        0x4 LONG 0x4 SIZEOF (.data)
                0x000000cc                __data_section_table_end = .
                0x000000cc                __bss_section_table = .
                0x000000cc        0x4 LONG 0x10000084 ADDR (.bss)
                0x000000d0        0x4 LONG 0x508 SIZEOF (.bss)
                0x000000d4                __bss_section_table_end = .
                0x000000d4                __section_table_end = .
 *(SORT_BY_ALIGNMENT(.after_vectors*))
 .after_vectors.reset
                0x000000d4       0x4c ./startup/startup_lpc845.o
                0x000000d4                ResetISR
 .after_vectors.init_data
                0x00000120       0x16 ./startup/startup_lpc845.o
                0x00000120                data_init
 .after_vectors.init_bss
                0x00000136       0x12 ./startup/startup_lpc845.o
                0x00000136                bss_init
 .after_vectors
                0x00000148      0x10c ./startup/startup_lpc845.o
                0x00000148                NMI_Handler
                0x0000014c                SVC_Handler
                0x0000014e                PendSV_Handler
                0x00000152                DMA0_DriverIRQHandler
                0x00000152                I2C0_DriverIRQHandler
                0x00000152                SCT0_DriverIRQHandler
                0x00000152                ADC0_OVR_DriverIRQHandler
                0x00000152                BOD_DriverIRQHandler
                0x00000152                PIN_INT1_DriverIRQHandler
                0x00000152                I2C3_DriverIRQHandler
                0x00000152                WDT_DriverIRQHandler
                0x00000152                PIN_INT3_DriverIRQHandler
                0x00000152                PIN_INT5_DAC1_DriverIRQHandler
                0x00000152                PIN_INT2_DriverIRQHandler
                0x00000152                I2C1_DriverIRQHandler
                0x00000152                I2C2_DriverIRQHandler
                0x00000152                PIN_INT0_DriverIRQHandler
                0x00000152                CTIMER0_DriverIRQHandler
                0x00000152                ADC0_SEQB_DriverIRQHandler
                0x00000152                IntDefaultHandler
                0x00000152                FLASH_DriverIRQHandler
                0x00000152                WKT_DriverIRQHandler
                0x00000152                DAC0_DriverIRQHandler
                0x00000152                MRT0_DriverIRQHandler
                0x00000152                PIN_INT4_DriverIRQHandler
                0x00000152                ADC0_SEQA_DriverIRQHandler
                0x00000152                CMP_CAPT_DriverIRQHandler
                0x00000152                ADC0_THCMP_DriverIRQHandler
                0x00000152                Reserved22_DriverIRQHandler
                0x00000154                SPI0_IRQHandler
                0x0000015c                SPI1_IRQHandler
                0x00000164                DAC0_IRQHandler
                0x0000016c                USART0_IRQHandler
                0x00000174                USART1_IRQHandler
                0x0000017c                USART2_IRQHandler
                0x00000184                Reserved22_IRQHandler
                0x0000018c                I2C1_IRQHandler
                0x00000194                I2C0_IRQHandler
                0x0000019c                SCT0_IRQHandler
                0x000001a4                MRT0_IRQHandler
                0x000001ac                CMP_CAPT_IRQHandler
                0x000001b4                WDT_IRQHandler
                0x000001bc                BOD_IRQHandler
                0x000001c4                FLASH_IRQHandler
                0x000001cc                WKT_IRQHandler
                0x000001d4                ADC0_SEQA_IRQHandler
                0x000001dc                ADC0_SEQB_IRQHandler
                0x000001e4                ADC0_THCMP_IRQHandler
                0x000001ec                ADC0_OVR_IRQHandler
                0x000001f4                DMA0_IRQHandler
                0x000001fc                I2C2_IRQHandler
                0x00000204                I2C3_IRQHandler
                0x0000020c                CTIMER0_IRQHandler
                0x00000214                PIN_INT0_IRQHandler
                0x0000021c                PIN_INT1_IRQHandler
                0x00000224                PIN_INT2_IRQHandler
                0x0000022c                PIN_INT3_IRQHandler
                0x00000234                PIN_INT4_IRQHandler
                0x0000023c                PIN_INT5_DAC1_IRQHandler
                0x00000244                PIN_INT6_USART3_IRQHandler
                0x0000024c                PIN_INT7_USART4_IRQHandler
                0x000002fc                . = 0x2fc
 *fill*         0x00000254       0xa8 ff
                0x000002fc                PROVIDE (__CRP_WORD_START__ = .)
 *(SORT_BY_ALIGNMENT(.crp))
 .crp           0x000002fc        0x4 ./startup/startup_lpc845.o
                0x000002fc                CRP_WORD
                0x00000300                PROVIDE (__CRP_WORD_END__ = .)
                0x00000001                ASSERT (! ((__CRP_WORD_START__ == __CRP_WORD_END__)), Linker CRP Enabled, but no CRP_WORD provided within application)
 *(SORT_BY_ALIGNMENT(.text*))
 .text.DbgConsole_Init
                0x00000300       0x7c ./utilities/fsl_debug_console.o
                0x00000300                DbgConsole_Init
 .text.CLOCK_Select
                0x0000037c       0x38 ./source/LPC845_BoB_OLED.o
 .text.main     0x000003b4      0x11c ./source/LPC845_BoB_OLED.o
                0x000003b4                main
 .text.HardFault_Handler
                0x000004d0       0x30 ./source/semihost_hardfault.o
                0x000004d0                HardFault_Handler
 .text.OLED_Command
                0x00000500       0x90 ./drivers/fsl_SSD1306.o
 .text.OLED_Data
                0x00000590       0x8c ./drivers/fsl_SSD1306.o
 .text.OLED_Render_Char
                0x0000061c      0x448 ./drivers/fsl_SSD1306.o
 .text.OLED_Refresh
                0x00000a64       0x28 ./drivers/fsl_SSD1306.o
                0x00000a64                OLED_Refresh
 .text.OLED_Clear
                0x00000a8c       0x1c ./drivers/fsl_SSD1306.o
                0x00000a8c                OLED_Clear
 .text.OLED_Set_Pixel
                0x00000aa8       0xcc ./drivers/fsl_SSD1306.o
                0x00000aa8                OLED_Set_Pixel
 .text.OLED_Copy_Image
                0x00000b74       0x58 ./drivers/fsl_SSD1306.o
                0x00000b74                OLED_Copy_Image
 .text.__NVIC_EnableIRQ
                0x00000bcc       0x34 ./drivers/fsl_Systick_Delay.o
 .text.__NVIC_SetPriority
                0x00000c00       0xdc ./drivers/fsl_Systick_Delay.o
 .text.SysTick_Config
                0x00000cdc       0x48 ./drivers/fsl_Systick_Delay.o
 .text.SysTick_Handler
                0x00000d24       0x18 ./drivers/fsl_Systick_Delay.o
                0x00000d24                SysTick_Handler
 .text.Ticks_Delay
                0x00000d3c       0x2c ./drivers/fsl_Systick_Delay.o
                0x00000d3c                Ticks_Delay
 .text.CLOCK_GetCoreSysClkFreq
                0x00000d68       0x24 ./drivers/fsl_clock.o
 .text.CLOCK_GetSystemPLLFreq
                0x00000d8c       0x20 ./drivers/fsl_clock.o
 .text.CLOCK_GetWdtOscFreq
                0x00000dac       0x14 ./drivers/fsl_clock.o
 .text.CLOCK_GetExtClkFreq
                0x00000dc0       0x14 ./drivers/fsl_clock.o
 .text.CLOCK_SetFRGClkFreq
                0x00000dd4       0x8c ./drivers/fsl_clock.o
 .text.CLOCK_UpdateClkSrc
                0x00000e60       0x4c ./drivers/fsl_clock.o
 .text.CLOCK_SetFRG0ClkFreq
                0x00000eac       0x24 ./drivers/fsl_clock.o
                0x00000eac                CLOCK_SetFRG0ClkFreq
 .text.CLOCK_SetFRG1ClkFreq
                0x00000ed0       0x24 ./drivers/fsl_clock.o
                0x00000ed0                CLOCK_SetFRG1ClkFreq
 .text.CLOCK_GetFRG0ClkFreq
                0x00000ef4       0x34 ./drivers/fsl_clock.o
                0x00000ef4                CLOCK_GetFRG0ClkFreq
 .text.CLOCK_GetFRG1ClkFreq
                0x00000f28       0x34 ./drivers/fsl_clock.o
                0x00000f28                CLOCK_GetFRG1ClkFreq
 .text.CLOCK_GetMainClkFreq
                0x00000f5c       0x6c ./drivers/fsl_clock.o
                0x00000f5c                CLOCK_GetMainClkFreq
 .text.CLOCK_GetFroFreq
                0x00000fc8       0x78 ./drivers/fsl_clock.o
                0x00000fc8                CLOCK_GetFroFreq
 .text.CLOCK_GetFreq
                0x00001040       0x90 ./drivers/fsl_clock.o
                0x00001040                CLOCK_GetFreq
 .text.CLOCK_GetSystemPLLInClockRate
                0x000010d0       0x58 ./drivers/fsl_clock.o
                0x000010d0                CLOCK_GetSystemPLLInClockRate
 .text.findSyestemPllPsel
                0x00001128       0x50 ./drivers/fsl_clock.o
 .text.CLOCK_InitSystemPll
                0x00001178      0x100 ./drivers/fsl_clock.o
                0x00001178                CLOCK_InitSystemPll
 .text.CLOCK_SetMainClkSrc
                0x00001278       0x9c ./drivers/fsl_clock.o
                0x00001278                CLOCK_SetMainClkSrc
 .text.CLOCK_SetFroOutClkSrc
                0x00001314       0x48 ./drivers/fsl_clock.o
                0x00001314                CLOCK_SetFroOutClkSrc
 .text.CLOCK_EnableClock
                0x0000135c       0x54 ./drivers/fsl_gpio.o
 .text.GPIO_PortInit
                0x000013b0       0x38 ./drivers/fsl_gpio.o
                0x000013b0                GPIO_PortInit
 .text.RESET_SetPeripheralReset
                0x000013e8       0x70 ./drivers/fsl_reset.o
                0x000013e8                RESET_SetPeripheralReset
 .text.RESET_ClearPeripheralReset
                0x00001458       0x6c ./drivers/fsl_reset.o
                0x00001458                RESET_ClearPeripheralReset
 .text.CLOCK_EnableClock
                0x000014c4       0x54 ./drivers/fsl_spi.o
 .text.SPI_GetInstance
                0x00001518       0x5c ./drivers/fsl_spi.o
                0x00001518                SPI_GetInstance
 .text.SPI_SetDummyData
                0x00001574       0x34 ./drivers/fsl_spi.o
                0x00001574                SPI_SetDummyData
 .text.SPI_SetTransferDelay
                0x000015a8       0x58 ./drivers/fsl_spi.o
                0x000015a8                SPI_SetTransferDelay
 .text.SPI_MasterGetDefaultConfig
                0x00001600       0x7c ./drivers/fsl_spi.o
                0x00001600                SPI_MasterGetDefaultConfig
 .text.SPI_MasterInit
                0x0000167c      0x128 ./drivers/fsl_spi.o
                0x0000167c                SPI_MasterInit
 .text.SPI_MasterSetBaudRate
                0x000017a4       0x74 ./drivers/fsl_spi.o
                0x000017a4                SPI_MasterSetBaudRate
 .text.SPI_MasterTransferBlocking
                0x00001818      0x1ac ./drivers/fsl_spi.o
                0x00001818                SPI_MasterTransferBlocking
 .text.SPI_CommonIRQHandler
                0x000019c4       0x40 ./drivers/fsl_spi.o
 .text.SPI0_DriverIRQHandler
                0x00001a04       0x34 ./drivers/fsl_spi.o
                0x00001a04                SPI0_DriverIRQHandler
 .text.SPI1_DriverIRQHandler
                0x00001a38       0x34 ./drivers/fsl_spi.o
                0x00001a38                SPI1_DriverIRQHandler
 .text.SWM_SetMovablePinSelect
                0x00001a6c       0x9c ./drivers/fsl_swm.o
                0x00001a6c                SWM_SetMovablePinSelect
 .text.SWM_SetFixedPinSelect
                0x00001b08       0xbc ./drivers/fsl_swm.o
                0x00001b08                SWM_SetFixedPinSelect
 .text.CLOCK_EnableClock
                0x00001bc4       0x54 ./drivers/fsl_usart.o
 .text.USART_GetInstance
                0x00001c18       0x44 ./drivers/fsl_usart.o
                0x00001c18                USART_GetInstance
 .text.USART_Init
                0x00001c5c      0x100 ./drivers/fsl_usart.o
                0x00001c5c                USART_Init
 .text.USART_GetDefaultConfig
                0x00001d5c       0x54 ./drivers/fsl_usart.o
                0x00001d5c                USART_GetDefaultConfig
 .text.USART_SetBaudRate
                0x00001db0      0x10c ./drivers/fsl_usart.o
                0x00001db0                USART_SetBaudRate
 .text.USART_WriteBlocking
                0x00001ebc       0x60 ./drivers/fsl_usart.o
                0x00001ebc                USART_WriteBlocking
 .text.USART_ReadBlocking
                0x00001f1c       0xe0 ./drivers/fsl_usart.o
                0x00001f1c                USART_ReadBlocking
 .text.USART0_DriverIRQHandler
                0x00001ffc       0x24 ./drivers/fsl_usart.o
                0x00001ffc                USART0_DriverIRQHandler
 .text.USART1_DriverIRQHandler
                0x00002020       0x24 ./drivers/fsl_usart.o
                0x00002020                USART1_DriverIRQHandler
 .text.USART2_DriverIRQHandler
                0x00002044       0x24 ./drivers/fsl_usart.o
                0x00002044                USART2_DriverIRQHandler
 .text.PIN_INT6_USART3_DriverIRQHandler
                0x00002068       0x24 ./drivers/fsl_usart.o
                0x00002068                PIN_INT6_USART3_DriverIRQHandler
 .text.PIN_INT7_USART4_DriverIRQHandler
                0x0000208c       0x24 ./drivers/fsl_usart.o
                0x0000208c                PIN_INT7_USART4_DriverIRQHandler
 .text.CLOCK_Select
                0x000020b0       0x38 ./board/board.o
 .text.BOARD_InitDebugConsole
                0x000020e8       0x50 ./board/board.o
                0x000020e8                BOARD_InitDebugConsole
 .text.CLOCK_Select
                0x00002138       0x38 ./board/clock_config.o
 .text.CLOCK_SetCoreSysClkDiv
                0x00002170       0x3c ./board/clock_config.o
 .text.CLOCK_SetFroOscFreq
                0x000021ac       0x24 ./board/clock_config.o
 .text.POWER_DisablePD
                0x000021d0       0x2c ./board/clock_config.o
 .text.BOARD_BootClockRUN
                0x000021fc       0xb0 ./board/clock_config.o
                0x000021fc                BOARD_BootClockRUN
 .text.CLOCK_EnableClock
                0x000022ac       0x54 ./board/pin_mux.o
 .text.CLOCK_DisableClock
                0x00002300       0x58 ./board/pin_mux.o
 .text.BOARD_InitPins
                0x00002358      0x104 ./board/pin_mux.o
                0x00002358                BOARD_InitPins
 .text.SystemInit
                0x0000245c       0x2c ./CMSIS/system_LPC845.o
                0x0000245c                SystemInit
 .text.__assertion_failed
                0x00002488       0x4c c:/nxp/mcuxpressoide_10.3.0_2200/ide/plugins/com.nxp.mcuxpresso.tools.win32_10.3.0.201811011841/tools/bin/../lib/gcc/arm-none-eabi/7.3.1/../../../../arm-none-eabi/lib/thumb/v6-m\libcr_nohost_nf.a(_cr_assert.o)
                0x00002488                __assertion_failed
 .text._deferredlazyseek
                0x000024d4       0x40 c:/nxp/mcuxpressoide_10.3.0_2200/ide/plugins/com.nxp.mcuxpresso.tools.win32_10.3.0.201811011841/tools/bin/../lib/gcc/arm-none-eabi/7.3.1/../../../../arm-none-eabi/lib/thumb/v6-m\libcr_c.a(_deferredlazyseek.o)
                0x000024d4                _deferredlazyseek
 .text.__flsbuf
                0x00002514      0x14c c:/nxp/mcuxpressoide_10.3.0_2200/ide/plugins/com.nxp.mcuxpresso.tools.win32_10.3.0.201811011841/tools/bin/../lib/gcc/arm-none-eabi/7.3.1/../../../../arm-none-eabi/lib/thumb/v6-m\libcr_c.a(_deferredlazyseek.o)
                0x00002514                __flsbuf
 .text._fflush  0x00002660       0x5c c:/nxp/mcuxpressoide_10.3.0_2200/ide/plugins/com.nxp.mcuxpresso.tools.win32_10.3.0.201811011841/tools/bin/../lib/gcc/arm-none-eabi/7.3.1/../../../../arm-none-eabi/lib/thumb/v6-m\libcr_c.a(_fflush.o)
                0x00002660                _fflush
 .text._Cwritebuf
                0x000026bc       0x68 c:/nxp/mcuxpressoide_10.3.0_2200/ide/plugins/com.nxp.mcuxpresso.tools.win32_10.3.0.201811011841/tools/bin/../lib/gcc/arm-none-eabi/7.3.1/../../../../arm-none-eabi/lib/thumb/v6-m\libcr_c.a(_writebuf.o)
                0x000026bc                _Cwritebuf
 .text.malloc   0x00002724       0xcc c:/nxp/mcuxpressoide_10.3.0_2200/ide/plugins/com.nxp.mcuxpresso.tools.win32_10.3.0.201811011841/tools/bin/../lib/gcc/arm-none-eabi/7.3.1/../../../../arm-none-eabi/lib/thumb/v6-m\libcr_c.a(alloc.o)
                0x00002724                malloc
 .text._Csys_alloc
                0x000027f0       0x20 c:/nxp/mcuxpressoide_10.3.0_2200/ide/plugins/com.nxp.mcuxpresso.tools.win32_10.3.0.201811011841/tools/bin/../lib/gcc/arm-none-eabi/7.3.1/../../../../arm-none-eabi/lib/thumb/v6-m\libcr_c.a(alloc.o)
                0x000027f0                _Csys_alloc
 .text.fseek    0x00002810       0xf0 c:/nxp/mcuxpressoide_10.3.0_2200/ide/plugins/com.nxp.mcuxpresso.tools.win32_10.3.0.201811011841/tools/bin/../lib/gcc/arm-none-eabi/7.3.1/../../../../arm-none-eabi/lib/thumb/v6-m\libcr_c.a(fseek.o)
                0x00002810                fseek
 .text.ftell    0x00002900       0x48 c:/nxp/mcuxpressoide_10.3.0_2200/ide/plugins/com.nxp.mcuxpresso.tools.win32_10.3.0.201811011841/tools/bin/../lib/gcc/arm-none-eabi/7.3.1/../../../../arm-none-eabi/lib/thumb/v6-m\libcr_c.a(ftell.o)
                0x00002900                ftell
 .text._initio  0x00002948       0x7c c:/nxp/mcuxpressoide_10.3.0_2200/ide/plugins/com.nxp.mcuxpresso.tools.win32_10.3.0.201811011841/tools/bin/../lib/gcc/arm-none-eabi/7.3.1/../../../../arm-none-eabi/lib/thumb/v6-m\libcr_c.a(initio.o)
                0x00002948                _initio
 .text.setvbuf  0x000029c4       0x48 c:/nxp/mcuxpressoide_10.3.0_2200/ide/plugins/com.nxp.mcuxpresso.tools.win32_10.3.0.201811011841/tools/bin/../lib/gcc/arm-none-eabi/7.3.1/../../../../arm-none-eabi/lib/thumb/v6-m\libcr_c.a(setvbuf.o)
                0x000029c4                setvbuf
 .text.strlen   0x00002a0c       0x58 c:/nxp/mcuxpressoide_10.3.0_2200/ide/plugins/com.nxp.mcuxpresso.tools.win32_10.3.0.201811011841/tools/bin/../lib/gcc/arm-none-eabi/7.3.1/../../../../arm-none-eabi/lib/thumb/v6-m\libcr_c.a(strlen.o)
                0x00002a0c                strlen
 .text._sbrk    0x00002a64       0x40 c:/nxp/mcuxpressoide_10.3.0_2200/ide/plugins/com.nxp.mcuxpresso.tools.win32_10.3.0.201811011841/tools/bin/../lib/gcc/arm-none-eabi/7.3.1/../../../../arm-none-eabi/lib/thumb/v6-m\libcr_c.a(_cr_sbrk.o)
                0x00002a64                _sbrk
 .text._fdopen  0x00002aa4       0x74 c:/nxp/mcuxpressoide_10.3.0_2200/ide/plugins/com.nxp.mcuxpresso.tools.win32_10.3.0.201811011841/tools/bin/../lib/gcc/arm-none-eabi/7.3.1/../../../../arm-none-eabi/lib/thumb/v6-m\libcr_c.a(_fdopen.o)
                0x00002aa4                _fdopen
 .text.fclose   0x00002b18       0x5c c:/nxp/mcuxpressoide_10.3.0_2200/ide/plugins/com.nxp.mcuxpresso.tools.win32_10.3.0.201811011841/tools/bin/../lib/gcc/arm-none-eabi/7.3.1/../../../../arm-none-eabi/lib/thumb/v6-m\libcr_c.a(fclose.o)
                0x00002b18                fclose
 .text.fflush   0x00002b74       0x44 c:/nxp/mcuxpressoide_10.3.0_2200/ide/plugins/com.nxp.mcuxpresso.tools.win32_10.3.0.201811011841/tools/bin/../lib/gcc/arm-none-eabi/7.3.1/../../../../arm-none-eabi/lib/thumb/v6-m\libcr_c.a(fflush.o)
                0x00002b74                fflush
 .text.__check_heap_overflow
                0x00002bb8       0x14 c:/nxp/mcuxpressoide_10.3.0_2200/ide/plugins/com.nxp.mcuxpresso.tools.win32_10.3.0.201811011841/tools/bin/../lib/gcc/arm-none-eabi/7.3.1/../../../../arm-none-eabi/lib/thumb/v6-m\libcr_c.a(_cr_check_heap.o)
                0x00002bb8                __check_heap_overflow
 .text._do_fflush
                0x00002bcc       0x44 c:/nxp/mcuxpressoide_10.3.0_2200/ide/plugins/com.nxp.mcuxpresso.tools.win32_10.3.0.201811011841/tools/bin/../lib/gcc/arm-none-eabi/7.3.1/../../../../arm-none-eabi/lib/thumb/v6-m\libcr_c.a(_do_fflush.o)
                0x00002bcc                _do_fflush
 .text.GPIO_PortSet
                0x00002c10       0x26 ./drivers/fsl_SSD1306.o
 .text.GPIO_PortClear
                0x00002c36       0x26 ./drivers/fsl_SSD1306.o
 .text.OLED_Reset
                0x00002c5c       0x46 ./drivers/fsl_SSD1306.o
 .text.OLED_Config_Display
                0x00002ca2       0xe0 ./drivers/fsl_SSD1306.o
 .text.OLED_Init
                0x00002d82       0x16 ./drivers/fsl_SSD1306.o
                0x00002d82                OLED_Init
 .text.OLED_Set_Text
                0x00002d98       0xc6 ./drivers/fsl_SSD1306.o
                0x00002d98                OLED_Set_Text
 .text.Systick_Init
                0x00002e5e       0x3c ./drivers/fsl_Systick_Delay.o
                0x00002e5e                Systick_Init
 .text.CLOCK_GetFRGInputClkFreq
                0x00002e9a       0x3e ./drivers/fsl_clock.o
 .text.GPIO_PinInit
                0x00002ed8       0xb4 ./drivers/fsl_gpio.o
                0x00002ed8                GPIO_PinInit
 .text.RESET_PeripheralReset
                0x00002f8c       0x20 ./drivers/fsl_reset.o
                0x00002f8c                RESET_PeripheralReset
 .text.SPI_Enable
                0x00002fac       0x3a ./drivers/fsl_spi.o
 .text.SPI_IsMaster
                0x00002fe6       0x1e ./drivers/fsl_spi.o
 .text.SPI_WriteConfigFlags
                0x00003004       0x24 ./drivers/fsl_spi.o
 .text.USART_EnableTx
                0x00003028       0x46 ./drivers/fsl_usart.o
 .text.USART_EnableRx
                0x0000306e       0x44 ./drivers/fsl_usart.o
 .text.BOARD_InitBootClocks
                0x000030b2        0xe ./board/clock_config.o
                0x000030b2                BOARD_InitBootClocks
 .text.IOCON_PinMuxSet
                0x000030c0       0x26 ./board/pin_mux.o
 .text.BOARD_InitBootPins
                0x000030e6        0xe ./board/pin_mux.o
                0x000030e6                BOARD_InitBootPins
 .text.SystemInitHook
                0x000030f4        0xa ./CMSIS/system_LPC845.o
                0x000030f4                SystemInitHook
 .text.__main   0x000030fe        0xc c:/nxp/mcuxpressoide_10.3.0_2200/ide/plugins/com.nxp.mcuxpresso.tools.win32_10.3.0.201811011841/tools/bin/../lib/gcc/arm-none-eabi/7.3.1/../../../../arm-none-eabi/lib/thumb/v6-m\libcr_nohost_nf.a(_cr__main.o)
                0x000030fe                __main
 .text.__sys_appexit
                0x0000310a        0x2 c:/nxp/mcuxpressoide_10.3.0_2200/ide/plugins/com.nxp.mcuxpresso.tools.win32_10.3.0.201811011841/tools/bin/../lib/gcc/arm-none-eabi/7.3.1/../../../../arm-none-eabi/lib/thumb/v6-m\libcr_nohost_nf.a(__sys_appexit.o)
                0x0000310a                __sys_appexit
                0x0000310a                __exit
 .text.memset   0x0000310c        0x8 c:/nxp/mcuxpressoide_10.3.0_2200/ide/plugins/com.nxp.mcuxpresso.tools.win32_10.3.0.201811011841/tools/bin/../lib/gcc/arm-none-eabi/7.3.1/../../../../arm-none-eabi/lib/thumb/v6-m\libcr_c.a(memset.o)
                0x0000310c                memset
 .text.free     0x00003114       0x2c c:/nxp/mcuxpressoide_10.3.0_2200/ide/plugins/com.nxp.mcuxpresso.tools.win32_10.3.0.201811011841/tools/bin/../lib/gcc/arm-none-eabi/7.3.1/../../../../arm-none-eabi/lib/thumb/v6-m\libcr_c.a(alloc.o)
                0x00003114                free
 .text.fputs    0x00003140       0x2e c:/nxp/mcuxpressoide_10.3.0_2200/ide/plugins/com.nxp.mcuxpresso.tools.win32_10.3.0.201811011841/tools/bin/../lib/gcc/arm-none-eabi/7.3.1/../../../../arm-none-eabi/lib/thumb/v6-m\libcr_c.a(fputs.o)
                0x00003140                fputs
 .text.remove   0x0000316e       0x12 c:/nxp/mcuxpressoide_10.3.0_2200/ide/plugins/com.nxp.mcuxpresso.tools.win32_10.3.0.201811011841/tools/bin/../lib/gcc/arm-none-eabi/7.3.1/../../../../arm-none-eabi/lib/thumb/v6-m\libcr_c.a(remove.o)
                0x0000316e                remove
 .text.__aeabi_division_idivmod
                0x00003180       0x78 c:/nxp/mcuxpressoide_10.3.0_2200/ide/plugins/com.nxp.mcuxpresso.tools.win32_10.3.0.201811011841/tools/bin/../lib/gcc/arm-none-eabi/7.3.1/thumb/v6-m\libcr_eabihelpers.a(division_32.o)
                0x00003180                __aeabi_idivmod
                0x00003180                __aeabi_idiv
                0x00003186                __aeabi_uidivmod
                0x00003186                __aeabi_uidiv
 .text.__aeabi_division_uldivmod
                0x000031f8       0x5a c:/nxp/mcuxpressoide_10.3.0_2200/ide/plugins/com.nxp.mcuxpresso.tools.win32_10.3.0.201811011841/tools/bin/../lib/gcc/arm-none-eabi/7.3.1/thumb/v6-m\libcr_eabihelpers.a(division_64.o)
                0x000031f8                __aeabi_uldivmod
 .text.__aeabi_division_idiv0
                0x00003252        0x2 c:/nxp/mcuxpressoide_10.3.0_2200/ide/plugins/com.nxp.mcuxpresso.tools.win32_10.3.0.201811011841/tools/bin/../lib/gcc/arm-none-eabi/7.3.1/thumb/v6-m\libcr_eabihelpers.a(division_idiv0.o)
                0x00003252                __aeabi_idiv0
 .text.__aeabi_memset_lowlevel
                0x00003254       0x2a c:/nxp/mcuxpressoide_10.3.0_2200/ide/plugins/com.nxp.mcuxpresso.tools.win32_10.3.0.201811011841/tools/bin/../lib/gcc/arm-none-eabi/7.3.1/thumb/v6-m\libcr_eabihelpers.a(memcpy.o)
                0x00003254                __aeabi_lowlevel_memset
 .text.__sys_close
                0x0000327e        0x6 c:/nxp/mcuxpressoide_10.3.0_2200/ide/plugins/com.nxp.mcuxpresso.tools.win32_10.3.0.201811011841/tools/bin/../lib/gcc/arm-none-eabi/7.3.1/../../../../arm-none-eabi/lib/thumb/v6-m\libcr_nohost_nf.a(__sys_close.o)
                0x0000327e                __sys_close
 .text.__sys_flen
                0x00003284        0x6 c:/nxp/mcuxpressoide_10.3.0_2200/ide/plugins/com.nxp.mcuxpresso.tools.win32_10.3.0.201811011841/tools/bin/../lib/gcc/arm-none-eabi/7.3.1/../../../../arm-none-eabi/lib/thumb/v6-m\libcr_nohost_nf.a(__sys_flen.o)
                0x00003284                __sys_flen
 .text.__sys_istty
                0x0000328a        0x6 c:/nxp/mcuxpressoide_10.3.0_2200/ide/plugins/com.nxp.mcuxpresso.tools.win32_10.3.0.201811011841/tools/bin/../lib/gcc/arm-none-eabi/7.3.1/../../../../arm-none-eabi/lib/thumb/v6-m\libcr_nohost_nf.a(__sys_istty.o)
                0x0000328a                __sys_istty
 .text.__sys_remove
                0x00003290        0x6 c:/nxp/mcuxpressoide_10.3.0_2200/ide/plugins/com.nxp.mcuxpresso.tools.win32_10.3.0.201811011841/tools/bin/../lib/gcc/arm-none-eabi/7.3.1/../../../../arm-none-eabi/lib/thumb/v6-m\libcr_nohost_nf.a(__sys_remove.o)
                0x00003290                __sys_remove
 .text.__sys_seek
                0x00003296        0x6 c:/nxp/mcuxpressoide_10.3.0_2200/ide/plugins/com.nxp.mcuxpresso.tools.win32_10.3.0.201811011841/tools/bin/../lib/gcc/arm-none-eabi/7.3.1/../../../../arm-none-eabi/lib/thumb/v6-m\libcr_nohost_nf.a(__sys_seek.o)
                0x00003296                __sys_seek
 .text.__sys_tmpnam
                0x0000329c        0x6 c:/nxp/mcuxpressoide_10.3.0_2200/ide/plugins/com.nxp.mcuxpresso.tools.win32_10.3.0.201811011841/tools/bin/../lib/gcc/arm-none-eabi/7.3.1/../../../../arm-none-eabi/lib/thumb/v6-m\libcr_nohost_nf.a(__sys_tmpnam.o)
                0x0000329c                __sys_tmpnam
 .text.__sys_write
                0x000032a2        0x4 c:/nxp/mcuxpressoide_10.3.0_2200/ide/plugins/com.nxp.mcuxpresso.tools.win32_10.3.0.201811011841/tools/bin/../lib/gcc/arm-none-eabi/7.3.1/../../../../arm-none-eabi/lib/thumb/v6-m\libcr_nohost_nf.a(__sys_write.o)
                0x000032a2                __sys_write
 *(SORT_BY_ALIGNMENT(.rodata) SORT_BY_ALIGNMENT(.rodata.*) SORT_BY_ALIGNMENT(.constdata) SORT_BY_ALIGNMENT(.constdata.*))
 *fill*         0x000032a6        0x2 ff
 .rodata.logo_nxp
                0x000032a8      0x282 ./source/LPC845_BoB_OLED.o
 *fill*         0x0000352a        0x2 ff
 .rodata        0x0000352c        0xe ./source/LPC845_BoB_OLED.o
 *fill*         0x0000353a        0x2 ff
 .rodata.font5x7
                0x0000353c      0x379 ./drivers/fsl_SSD1306.o
 *fill*         0x000038b5        0x3 ff
 .rodata        0x000038b8       0xf5 ./drivers/fsl_clock.o
 *fill*         0x000039ad        0x3 ff
 .rodata.CLOCK_GetFreq
                0x000039b0       0x24 ./drivers/fsl_clock.o
 .rodata.s_gpioClockName
                0x000039d4        0x4 ./drivers/fsl_gpio.o
 .rodata        0x000039d8       0x3e ./drivers/fsl_gpio.o
 *fill*         0x00003a16        0x2 ff
 .rodata        0x00003a18       0x55 ./drivers/fsl_reset.o
 *fill*         0x00003a6d        0x3 ff
 .rodata        0x00003a70      0x502 ./drivers/fsl_spi.o
 *fill*         0x00003f72        0x2 ff
 .rodata.s_spiBaseAddrs
                0x00003f74        0x8 ./drivers/fsl_spi.o
 .rodata.s_spiClock
                0x00003f7c        0x4 ./drivers/fsl_spi.o
 .rodata.s_spiReset
                0x00003f80        0x8 ./drivers/fsl_spi.o
 .rodata        0x00003f88       0xcf ./drivers/fsl_swm.o
 *fill*         0x00004057        0x1 ff
 .rodata.s_usartBaseAddrs
                0x00004058       0x14 ./drivers/fsl_usart.o
 .rodata.s_usartClock
                0x0000406c        0xa ./drivers/fsl_usart.o
 *fill*         0x00004076        0x2 ff
 .rodata.s_usartRest
                0x00004078       0x14 ./drivers/fsl_usart.o
 .rodata        0x0000408c      0x5d0 ./drivers/fsl_usart.o
 .rodata        0x0000465c       0x30 ./board/board.o
 .rodata        0x0000468c       0x29 ./board/clock_config.o
 *fill*         0x000046b5        0x3 ff
 .rodata.__num_Ciob_streams
                0x000046b8        0x4 c:/nxp/mcuxpressoide_10.3.0_2200/ide/plugins/com.nxp.mcuxpresso.tools.win32_10.3.0.201811011841/tools/bin/../lib/gcc/arm-none-eabi/7.3.1/../../../../arm-none-eabi/lib/thumb/v6-m\libcr_nohost_nf.a(__ciob.o)
                0x000046b8                __num_Ciob_streams
 .rodata.__assertion_failed.str1.1
                0x000046bc       0x15 c:/nxp/mcuxpressoide_10.3.0_2200/ide/plugins/com.nxp.mcuxpresso.tools.win32_10.3.0.201811011841/tools/bin/../lib/gcc/arm-none-eabi/7.3.1/../../../../arm-none-eabi/lib/thumb/v6-m\libcr_nohost_nf.a(_cr_assert.o)
 .rodata._Csys_alloc.str1.1
                0x000046d1       0x18 c:/nxp/mcuxpressoide_10.3.0_2200/ide/plugins/com.nxp.mcuxpresso.tools.win32_10.3.0.201811011841/tools/bin/../lib/gcc/arm-none-eabi/7.3.1/../../../../arm-none-eabi/lib/thumb/v6-m\libcr_c.a(alloc.o)
 .rodata._initio.str1.1
                0x000046e9        0x4 c:/nxp/mcuxpressoide_10.3.0_2200/ide/plugins/com.nxp.mcuxpresso.tools.win32_10.3.0.201811011841/tools/bin/../lib/gcc/arm-none-eabi/7.3.1/../../../../arm-none-eabi/lib/thumb/v6-m\libcr_c.a(initio.o)
                0x000046f0                . = ALIGN (0x4)
 *fill*         0x000046ed        0x3 ff

.glue_7         0x000046f0        0x0
 .glue_7        0x000046f0        0x0 linker stubs

.glue_7t        0x000046f0        0x0
 .glue_7t       0x000046f0        0x0 linker stubs

.vfp11_veneer   0x000046f0        0x0
 .vfp11_veneer  0x000046f0        0x0 linker stubs

.v4_bx          0x000046f0        0x0
 .v4_bx         0x000046f0        0x0 linker stubs

.iplt           0x000046f0        0x0
 .iplt          0x000046f0        0x0 ./utilities/fsl_debug_console.o

.rel.dyn        0x000046f0        0x0
 .rel.iplt      0x000046f0        0x0 ./utilities/fsl_debug_console.o

.ARM.extab
 *(SORT_BY_ALIGNMENT(.ARM.extab*) SORT_BY_ALIGNMENT(.gnu.linkonce.armextab.*))
                0x000046f0                __exidx_start = .

.ARM.exidx
 *(SORT_BY_ALIGNMENT(.ARM.exidx*) SORT_BY_ALIGNMENT(.gnu.linkonce.armexidx.*))
                0x000046f0                __exidx_end = .
                0x000046f0                _etext = .

.mtb_buffer_default
                0x10000000       0x80
 *(SORT_BY_ALIGNMENT(.mtb*))
 .mtb.$RAM1     0x10000000       0x80 ./source/mtb.o
                0x10000000                __mtb_buffer__

.uninit_RESERVED
                0x10000080        0x0
 *(SORT_BY_ALIGNMENT(.bss.$RESERVED*))
                0x10000080                . = ALIGN (0x4)
                0x10000080                _end_uninit_RESERVED = .

.data           0x10000080        0x4 load address 0x000046f0
 FILL mask 0xff
                0x10000080                _data = .
 *(SORT_BY_ALIGNMENT(vtable))
 *(SORT_BY_ALIGNMENT(.ramfunc*))
 *(SORT_BY_ALIGNMENT(.data*))
 .data.SystemCoreClock
                0x10000080        0x4 ./CMSIS/system_LPC845.o
                0x10000080                SystemCoreClock
                0x10000084                . = ALIGN (0x4)
                0x10000084                _edata = .

.igot.plt       0x10000084        0x0 load address 0x000046f4
 .igot.plt      0x10000084        0x0 ./utilities/fsl_debug_console.o

.bss            0x10000084      0x508 load address 0x000046f4
                0x10000084                _bss = .
 *(SORT_BY_ALIGNMENT(.bss*))
 .bss.s_debugConsole
                0x10000084       0x10 ./utilities/fsl_debug_console.o
 .bss.OLED_Buffer
                0x10000094      0x400 ./drivers/fsl_SSD1306.o
 .bss.g_delay_ms_ticks
                0x10000494        0x4 ./drivers/fsl_Systick_Delay.o
                0x10000494                g_delay_ms_ticks
 .bss.g_Ext_Clk_Freq
                0x10000498        0x4 ./drivers/fsl_clock.o
                0x10000498                g_Ext_Clk_Freq
 .bss.g_Wdt_Osc_Freq
                0x1000049c        0x4 ./drivers/fsl_clock.o
                0x1000049c                g_Wdt_Osc_Freq
 .bss.s_spiHandle
                0x100004a0        0x8 ./drivers/fsl_spi.o
 .bss.s_spiMasterIsr
                0x100004a8        0x4 ./drivers/fsl_spi.o
 .bss.s_spiSlaveIsr
                0x100004ac        0x4 ./drivers/fsl_spi.o
 .bss.s_dummyData
                0x100004b0        0x4 ./drivers/fsl_spi.o
                0x100004b0                s_dummyData
 .bss.s_usartHandle
                0x100004b4       0x14 ./drivers/fsl_usart.o
 .bss.s_usartIsr
                0x100004c8        0x4 ./drivers/fsl_usart.o
 .bss.__Ciob    0x100004cc       0xb4 c:/nxp/mcuxpressoide_10.3.0_2200/ide/plugins/com.nxp.mcuxpresso.tools.win32_10.3.0.201811011841/tools/bin/../lib/gcc/arm-none-eabi/7.3.1/../../../../arm-none-eabi/lib/thumb/v6-m\libcr_nohost_nf.a(__ciob.o)
                0x100004cc                __Ciob
 .bss.__end_of_heap
                0x10000580        0x4 c:/nxp/mcuxpressoide_10.3.0_2200/ide/plugins/com.nxp.mcuxpresso.tools.win32_10.3.0.201811011841/tools/bin/../lib/gcc/arm-none-eabi/7.3.1/../../../../arm-none-eabi/lib/thumb/v6-m\libcr_c.a(__init_alloc.o)
                0x10000580                __end_of_heap
 .bss.__heaps   0x10000584        0x4 c:/nxp/mcuxpressoide_10.3.0_2200/ide/plugins/com.nxp.mcuxpresso.tools.win32_10.3.0.201811011841/tools/bin/../lib/gcc/arm-none-eabi/7.3.1/../../../../arm-none-eabi/lib/thumb/v6-m\libcr_c.a(__init_alloc.o)
                0x10000584                __heaps
 .bss.errno     0x10000588        0x4 c:/nxp/mcuxpressoide_10.3.0_2200/ide/plugins/com.nxp.mcuxpresso.tools.win32_10.3.0.201811011841/tools/bin/../lib/gcc/arm-none-eabi/7.3.1/../../../../arm-none-eabi/lib/thumb/v6-m\libcr_c.a(errno.o)
                0x10000588                errno
 *(SORT_BY_ALIGNMENT(COMMON))
                0x1000058c                . = ALIGN (0x4)
                0x1000058c                _ebss = .
                [!provide]                PROVIDE (end = .)

.noinit         0x1000058c        0x0 load address 0x000046f4
                0x1000058c                _noinit = .
 *(SORT_BY_ALIGNMENT(.noinit*))
                0x1000058c                . = ALIGN (0x4)
                0x1000058c                _end_noinit = .
                0x00000400                _HeapSize = 0x400

.heap           0x1000058c      0x400 load address 0x000046f4
                0x1000058c                _pvHeapStart = .
                0x1000098c                . = (. + _HeapSize)
 *fill*         0x1000058c      0x400 
                0x1000098c                . = ALIGN (0x4)
                0x1000098c                _pvHeapLimit = .
                0x00000400                _StackSize = 0x400

.heap2stackfill
                0x1000098c      0x400 load address 0x000046f4
                0x10000d8c                . = (. + _StackSize)
 *fill*         0x1000098c      0x400 

.stack          0x10003c00        0x0
                0x10003c00                _vStackBase = .
                0x10003c00                . = ALIGN (0x4)
                0x10004000                _vStackTop = (. + _StackSize)
                0xefffb911                PROVIDE (__valid_user_code_checksum = (0x0 - (((_vStackTop + (ResetISR + 0x1)) + (DEFINED (NMI_Handler)?NMI_Handler:M0_NMI_Handler + 0x1)) + (DEFINED (HardFault_Handler)?HardFault_Handler:M0_HardFault_Handler + 0x1))))
                0x00000000                _image_start = LOADADDR (.text)
                0x000046f4                _image_end = (LOADADDR (.data) + SIZEOF (.data))
                0x000046f4                _image_size = (_image_end - _image_start)
OUTPUT(LPC845_BoB_OLED.axf elf32-littlearm)

.debug_info     0x00000000     0xc2b9
 .debug_info    0x00000000     0x1018 ./utilities/fsl_debug_console.o
 .debug_info    0x00001018      0x462 ./startup/startup_lpc845.o
 .debug_info    0x0000147a     0x109f ./source/LPC845_BoB_OLED.o
 .debug_info    0x00002519       0x52 ./source/mtb.o
 .debug_info    0x0000256b       0x3b ./source/semihost_hardfault.o
 .debug_info    0x000025a6      0xe30 ./drivers/fsl_SSD1306.o
 .debug_info    0x000033d6      0xb14 ./drivers/fsl_Systick_Delay.o
 .debug_info    0x00003eea      0xf11 ./drivers/fsl_clock.o
 .debug_info    0x00004dfb      0xb33 ./drivers/fsl_gpio.o
 .debug_info    0x0000592e      0x722 ./drivers/fsl_reset.o
 .debug_info    0x00006050     0x1a43 ./drivers/fsl_spi.o
 .debug_info    0x00007a93      0x73a ./drivers/fsl_swm.o
 .debug_info    0x000081cd     0x17c4 ./drivers/fsl_usart.o
 .debug_info    0x00009991      0x9da ./board/board.o
 .debug_info    0x0000a36b      0x9e0 ./board/clock_config.o
 .debug_info    0x0000ad4b      0xee5 ./board/pin_mux.o
 .debug_info    0x0000bc30      0x689 ./CMSIS/system_LPC845.o

.debug_abbrev   0x00000000     0x1ea1
 .debug_abbrev  0x00000000      0x295 ./utilities/fsl_debug_console.o
 .debug_abbrev  0x00000295      0x151 ./startup/startup_lpc845.o
 .debug_abbrev  0x000003e6      0x1c4 ./source/LPC845_BoB_OLED.o
 .debug_abbrev  0x000005aa       0x44 ./source/mtb.o
 .debug_abbrev  0x000005ee       0x2f ./source/semihost_hardfault.o
 .debug_abbrev  0x0000061d      0x285 ./drivers/fsl_SSD1306.o
 .debug_abbrev  0x000008a2      0x210 ./drivers/fsl_Systick_Delay.o
 .debug_abbrev  0x00000ab2      0x2e0 ./drivers/fsl_clock.o
 .debug_abbrev  0x00000d92      0x1c6 ./drivers/fsl_gpio.o
 .debug_abbrev  0x00000f58      0x163 ./drivers/fsl_reset.o
 .debug_abbrev  0x000010bb      0x2f5 ./drivers/fsl_spi.o
 .debug_abbrev  0x000013b0      0x189 ./drivers/fsl_swm.o
 .debug_abbrev  0x00001539      0x2b8 ./drivers/fsl_usart.o
 .debug_abbrev  0x000017f1      0x17f ./board/board.o
 .debug_abbrev  0x00001970      0x1f2 ./board/clock_config.o
 .debug_abbrev  0x00001b62      0x203 ./board/pin_mux.o
 .debug_abbrev  0x00001d65      0x13c ./CMSIS/system_LPC845.o

.debug_aranges  0x00000000      0x7a0
 .debug_aranges
                0x00000000       0x70 ./utilities/fsl_debug_console.o
 .debug_aranges
                0x00000070      0x160 ./startup/startup_lpc845.o
 .debug_aranges
                0x000001d0       0x28 ./source/LPC845_BoB_OLED.o
 .debug_aranges
                0x000001f8       0x18 ./source/mtb.o
 .debug_aranges
                0x00000210       0x20 ./source/semihost_hardfault.o
 .debug_aranges
                0x00000230       0x90 ./drivers/fsl_SSD1306.o
 .debug_aranges
                0x000002c0       0x50 ./drivers/fsl_Systick_Delay.o
 .debug_aranges
                0x00000310       0xd8 ./drivers/fsl_clock.o
 .debug_aranges
                0x000003e8       0x30 ./drivers/fsl_gpio.o
 .debug_aranges
                0x00000418       0x30 ./drivers/fsl_reset.o
 .debug_aranges
                0x00000448      0x138 ./drivers/fsl_spi.o
 .debug_aranges
                0x00000580       0x28 ./drivers/fsl_swm.o
 .debug_aranges
                0x000005a8      0x118 ./drivers/fsl_usart.o
 .debug_aranges
                0x000006c0       0x28 ./board/board.o
 .debug_aranges
                0x000006e8       0x48 ./board/clock_config.o
 .debug_aranges
                0x00000730       0x40 ./board/pin_mux.o
 .debug_aranges
                0x00000770       0x30 ./CMSIS/system_LPC845.o

.debug_ranges   0x00000000      0x688
 .debug_ranges  0x00000000       0x60 ./utilities/fsl_debug_console.o
 .debug_ranges  0x00000060      0x150 ./startup/startup_lpc845.o
 .debug_ranges  0x000001b0       0x18 ./source/LPC845_BoB_OLED.o
 .debug_ranges  0x000001c8       0x10 ./source/semihost_hardfault.o
 .debug_ranges  0x000001d8       0x80 ./drivers/fsl_SSD1306.o
 .debug_ranges  0x00000258       0x40 ./drivers/fsl_Systick_Delay.o
 .debug_ranges  0x00000298       0xc8 ./drivers/fsl_clock.o
 .debug_ranges  0x00000360       0x20 ./drivers/fsl_gpio.o
 .debug_ranges  0x00000380       0x20 ./drivers/fsl_reset.o
 .debug_ranges  0x000003a0      0x128 ./drivers/fsl_spi.o
 .debug_ranges  0x000004c8       0x18 ./drivers/fsl_swm.o
 .debug_ranges  0x000004e0      0x108 ./drivers/fsl_usart.o
 .debug_ranges  0x000005e8       0x18 ./board/board.o
 .debug_ranges  0x00000600       0x38 ./board/clock_config.o
 .debug_ranges  0x00000638       0x30 ./board/pin_mux.o
 .debug_ranges  0x00000668       0x20 ./CMSIS/system_LPC845.o

.debug_macro    0x00000000     0x17bb
 .debug_macro   0x00000000      0x14a ./utilities/fsl_debug_console.o
 .debug_macro   0x0000014a       0x16 ./utilities/fsl_debug_console.o
 .debug_macro   0x00000160       0x10 ./utilities/fsl_debug_console.o
 .debug_macro   0x00000170       0x28 ./utilities/fsl_debug_console.o
 .debug_macro   0x00000198       0xc4 ./utilities/fsl_debug_console.o
 .debug_macro   0x0000025c       0x2e ./utilities/fsl_debug_console.o
 .debug_macro   0x0000028a       0x32 ./startup/startup_lpc845.o
 .debug_macro   0x000002bc       0x34 ./startup/startup_lpc845.o
 .debug_macro   0x000002f0      0x1b9 ./source/LPC845_BoB_OLED.o
 .debug_macro   0x000004a9       0xd8 ./source/LPC845_BoB_OLED.o
 .debug_macro   0x00000581       0x16 ./source/LPC845_BoB_OLED.o
 .debug_macro   0x00000597      0x1c5 ./source/LPC845_BoB_OLED.o
 .debug_macro   0x0000075c       0x10 ./source/LPC845_BoB_OLED.o
 .debug_macro   0x0000076c      0x106 ./source/LPC845_BoB_OLED.o
 .debug_macro   0x00000872       0x16 ./source/LPC845_BoB_OLED.o
 .debug_macro   0x00000888       0x2f ./source/mtb.o
 .debug_macro   0x000008b7       0x82 ./source/mtb.o
 .debug_macro   0x00000939       0x10 ./source/mtb.o
 .debug_macro   0x00000949       0x11 ./source/semihost_hardfault.o
 .debug_macro   0x0000095a      0x144 ./drivers/fsl_SSD1306.o
 .debug_macro   0x00000a9e       0x10 ./drivers/fsl_SSD1306.o
 .debug_macro   0x00000aae      0x120 ./drivers/fsl_Systick_Delay.o
 .debug_macro   0x00000bce      0x13a ./drivers/fsl_clock.o
 .debug_macro   0x00000d08      0x126 ./drivers/fsl_gpio.o
 .debug_macro   0x00000e2e      0x116 ./drivers/fsl_reset.o
 .debug_macro   0x00000f44      0x125 ./drivers/fsl_spi.o
 .debug_macro   0x00001069       0x10 ./drivers/fsl_spi.o
 .debug_macro   0x00001079      0x130 ./drivers/fsl_swm.o
 .debug_macro   0x000011a9      0x126 ./drivers/fsl_usart.o
 .debug_macro   0x000012cf      0x14c ./board/board.o
 .debug_macro   0x0000141b       0x1c ./board/board.o
 .debug_macro   0x00001437      0x137 ./board/clock_config.o
 .debug_macro   0x0000156e      0x146 ./board/pin_mux.o
 .debug_macro   0x000016b4       0x70 ./board/pin_mux.o
 .debug_macro   0x00001724       0x97 ./CMSIS/system_LPC845.o

.debug_line     0x00000000     0x3cf3
 .debug_line    0x00000000      0x695 ./utilities/fsl_debug_console.o
 .debug_line    0x00000695      0x1ab ./startup/startup_lpc845.o
 .debug_line    0x00000840      0x36d ./source/LPC845_BoB_OLED.o
 .debug_line    0x00000bad       0xd1 ./source/mtb.o
 .debug_line    0x00000c7e       0x54 ./source/semihost_hardfault.o
 .debug_line    0x00000cd2      0x4b3 ./drivers/fsl_SSD1306.o
 .debug_line    0x00001185      0x31d ./drivers/fsl_Systick_Delay.o
 .debug_line    0x000014a2      0x575 ./drivers/fsl_clock.o
 .debug_line    0x00001a17      0x2c0 ./drivers/fsl_gpio.o
 .debug_line    0x00001cd7      0x2b7 ./drivers/fsl_reset.o
 .debug_line    0x00001f8e      0x749 ./drivers/fsl_spi.o
 .debug_line    0x000026d7      0x2eb ./drivers/fsl_swm.o
 .debug_line    0x000029c2      0x78a ./drivers/fsl_usart.o
 .debug_line    0x0000314c      0x2e9 ./board/board.o
 .debug_line    0x00003435      0x31d ./board/clock_config.o
 .debug_line    0x00003752      0x331 ./board/pin_mux.o
 .debug_line    0x00003a83      0x270 ./CMSIS/system_LPC845.o

.debug_str      0x00000000    0x3b9c2
 .debug_str     0x00000000    0x35d79 ./utilities/fsl_debug_console.o
                              0x35eb4 (size before relaxing)
 .debug_str     0x00035d79      0x513 ./startup/startup_lpc845.o
                               0x3212 (size before relaxing)
 .debug_str     0x0003628c     0x1ecc ./source/LPC845_BoB_OLED.o
                              0x37204 (size before relaxing)
 .debug_str     0x00038158      0x532 ./source/mtb.o
                               0x3230 (size before relaxing)
 .debug_str     0x0003868a       0x1f ./source/semihost_hardfault.o
                               0x2d1d (size before relaxing)
 .debug_str     0x000386a9      0x1c6 ./drivers/fsl_SSD1306.o
                              0x35a21 (size before relaxing)
 .debug_str     0x0003886f      0x328 ./drivers/fsl_Systick_Delay.o
                              0x355ab (size before relaxing)
 .debug_str     0x00038b97      0x7db ./drivers/fsl_clock.o
                              0x35a8a (size before relaxing)
 .debug_str     0x00039372      0x22b ./drivers/fsl_gpio.o
                              0x35528 (size before relaxing)
 .debug_str     0x0003959d      0x393 ./drivers/fsl_reset.o
                              0x35031 (size before relaxing)
 .debug_str     0x00039930      0x6d9 ./drivers/fsl_spi.o
                              0x364e9 (size before relaxing)
 .debug_str     0x0003a009      0xafd ./drivers/fsl_swm.o
                              0x355eb (size before relaxing)
 .debug_str     0x0003ab06      0x812 ./drivers/fsl_usart.o
                              0x364d9 (size before relaxing)
 .debug_str     0x0003b318       0x28 ./board/board.o
                              0x358f8 (size before relaxing)
 .debug_str     0x0003b340      0x21e ./board/clock_config.o
                              0x3578e (size before relaxing)
 .debug_str     0x0003b55e      0x40b ./board/pin_mux.o
                              0x36726 (size before relaxing)
 .debug_str     0x0003b969       0x59 ./CMSIS/system_LPC845.o
                              0x33986 (size before relaxing)

.comment        0x00000000       0x7f
 .comment       0x00000000       0x7f ./utilities/fsl_debug_console.o
                                 0x80 (size before relaxing)
 .comment       0x0000007f       0x80 ./startup/startup_lpc845.o
 .comment       0x0000007f       0x80 ./source/LPC845_BoB_OLED.o
 .comment       0x0000007f       0x80 ./source/mtb.o
 .comment       0x0000007f       0x80 ./source/semihost_hardfault.o
 .comment       0x0000007f       0x80 ./drivers/fsl_SSD1306.o
 .comment       0x0000007f       0x80 ./drivers/fsl_Systick_Delay.o
 .comment       0x0000007f       0x80 ./drivers/fsl_clock.o
 .comment       0x0000007f       0x80 ./drivers/fsl_gpio.o
 .comment       0x0000007f       0x80 ./drivers/fsl_reset.o
 .comment       0x0000007f       0x80 ./drivers/fsl_spi.o
 .comment       0x0000007f       0x80 ./drivers/fsl_swm.o
 .comment       0x0000007f       0x80 ./drivers/fsl_usart.o
 .comment       0x0000007f       0x80 ./board/board.o
 .comment       0x0000007f       0x80 ./board/clock_config.o
 .comment       0x0000007f       0x80 ./board/pin_mux.o
 .comment       0x0000007f       0x80 ./CMSIS/system_LPC845.o
 .comment       0x0000007f       0x80 c:/nxp/mcuxpressoide_10.3.0_2200/ide/plugins/com.nxp.mcuxpresso.tools.win32_10.3.0.201811011841/tools/bin/../lib/gcc/arm-none-eabi/7.3.1/../../../../arm-none-eabi/lib/thumb/v6-m\libcr_nohost_nf.a(_cr__main.o)
 .comment       0x0000007f       0x80 c:/nxp/mcuxpressoide_10.3.0_2200/ide/plugins/com.nxp.mcuxpresso.tools.win32_10.3.0.201811011841/tools/bin/../lib/gcc/arm-none-eabi/7.3.1/../../../../arm-none-eabi/lib/thumb/v6-m\libcr_nohost_nf.a(_cr_assert.o)
 .comment       0x0000007f       0x80 c:/nxp/mcuxpressoide_10.3.0_2200/ide/plugins/com.nxp.mcuxpresso.tools.win32_10.3.0.201811011841/tools/bin/../lib/gcc/arm-none-eabi/7.3.1/../../../../arm-none-eabi/lib/thumb/v6-m\libcr_nohost_nf.a(__ciob.o)
 .comment       0x0000007f       0x80 c:/nxp/mcuxpressoide_10.3.0_2200/ide/plugins/com.nxp.mcuxpresso.tools.win32_10.3.0.201811011841/tools/bin/../lib/gcc/arm-none-eabi/7.3.1/../../../../arm-none-eabi/lib/thumb/v6-m\libcr_nohost_nf.a(__sys_appexit.o)
 .comment       0x0000007f       0x80 c:/nxp/mcuxpressoide_10.3.0_2200/ide/plugins/com.nxp.mcuxpresso.tools.win32_10.3.0.201811011841/tools/bin/../lib/gcc/arm-none-eabi/7.3.1/../../../../arm-none-eabi/lib/thumb/v6-m\libcr_c.a(memset.o)
 .comment       0x0000007f       0x80 c:/nxp/mcuxpressoide_10.3.0_2200/ide/plugins/com.nxp.mcuxpresso.tools.win32_10.3.0.201811011841/tools/bin/../lib/gcc/arm-none-eabi/7.3.1/../../../../arm-none-eabi/lib/thumb/v6-m\libcr_c.a(_deferredlazyseek.o)
 .comment       0x0000007f       0x80 c:/nxp/mcuxpressoide_10.3.0_2200/ide/plugins/com.nxp.mcuxpresso.tools.win32_10.3.0.201811011841/tools/bin/../lib/gcc/arm-none-eabi/7.3.1/../../../../arm-none-eabi/lib/thumb/v6-m\libcr_c.a(_fflush.o)
 .comment       0x0000007f       0x80 c:/nxp/mcuxpressoide_10.3.0_2200/ide/plugins/com.nxp.mcuxpresso.tools.win32_10.3.0.201811011841/tools/bin/../lib/gcc/arm-none-eabi/7.3.1/../../../../arm-none-eabi/lib/thumb/v6-m\libcr_c.a(_writebuf.o)
 .comment       0x0000007f       0x80 c:/nxp/mcuxpressoide_10.3.0_2200/ide/plugins/com.nxp.mcuxpresso.tools.win32_10.3.0.201811011841/tools/bin/../lib/gcc/arm-none-eabi/7.3.1/../../../../arm-none-eabi/lib/thumb/v6-m\libcr_c.a(alloc.o)
 .comment       0x0000007f       0x80 c:/nxp/mcuxpressoide_10.3.0_2200/ide/plugins/com.nxp.mcuxpresso.tools.win32_10.3.0.201811011841/tools/bin/../lib/gcc/arm-none-eabi/7.3.1/../../../../arm-none-eabi/lib/thumb/v6-m\libcr_c.a(fputs.o)
 .comment       0x0000007f       0x80 c:/nxp/mcuxpressoide_10.3.0_2200/ide/plugins/com.nxp.mcuxpresso.tools.win32_10.3.0.201811011841/tools/bin/../lib/gcc/arm-none-eabi/7.3.1/../../../../arm-none-eabi/lib/thumb/v6-m\libcr_c.a(fseek.o)
 .comment       0x0000007f       0x80 c:/nxp/mcuxpressoide_10.3.0_2200/ide/plugins/com.nxp.mcuxpresso.tools.win32_10.3.0.201811011841/tools/bin/../lib/gcc/arm-none-eabi/7.3.1/../../../../arm-none-eabi/lib/thumb/v6-m\libcr_c.a(ftell.o)
 .comment       0x0000007f       0x80 c:/nxp/mcuxpressoide_10.3.0_2200/ide/plugins/com.nxp.mcuxpresso.tools.win32_10.3.0.201811011841/tools/bin/../lib/gcc/arm-none-eabi/7.3.1/../../../../arm-none-eabi/lib/thumb/v6-m\libcr_c.a(initio.o)
 .comment       0x0000007f       0x80 c:/nxp/mcuxpressoide_10.3.0_2200/ide/plugins/com.nxp.mcuxpresso.tools.win32_10.3.0.201811011841/tools/bin/../lib/gcc/arm-none-eabi/7.3.1/../../../../arm-none-eabi/lib/thumb/v6-m\libcr_c.a(setvbuf.o)
 .comment       0x0000007f       0x80 c:/nxp/mcuxpressoide_10.3.0_2200/ide/plugins/com.nxp.mcuxpresso.tools.win32_10.3.0.201811011841/tools/bin/../lib/gcc/arm-none-eabi/7.3.1/../../../../arm-none-eabi/lib/thumb/v6-m\libcr_c.a(strlen.o)
 .comment       0x0000007f       0x80 c:/nxp/mcuxpressoide_10.3.0_2200/ide/plugins/com.nxp.mcuxpresso.tools.win32_10.3.0.201811011841/tools/bin/../lib/gcc/arm-none-eabi/7.3.1/../../../../arm-none-eabi/lib/thumb/v6-m\libcr_c.a(__init_alloc.o)
 .comment       0x0000007f       0x80 c:/nxp/mcuxpressoide_10.3.0_2200/ide/plugins/com.nxp.mcuxpresso.tools.win32_10.3.0.201811011841/tools/bin/../lib/gcc/arm-none-eabi/7.3.1/../../../../arm-none-eabi/lib/thumb/v6-m\libcr_c.a(_cr_sbrk.o)
 .comment       0x0000007f       0x80 c:/nxp/mcuxpressoide_10.3.0_2200/ide/plugins/com.nxp.mcuxpresso.tools.win32_10.3.0.201811011841/tools/bin/../lib/gcc/arm-none-eabi/7.3.1/../../../../arm-none-eabi/lib/thumb/v6-m\libcr_c.a(_fdopen.o)
 .comment       0x0000007f       0x80 c:/nxp/mcuxpressoide_10.3.0_2200/ide/plugins/com.nxp.mcuxpresso.tools.win32_10.3.0.201811011841/tools/bin/../lib/gcc/arm-none-eabi/7.3.1/../../../../arm-none-eabi/lib/thumb/v6-m\libcr_c.a(errno.o)
 .comment       0x0000007f       0x80 c:/nxp/mcuxpressoide_10.3.0_2200/ide/plugins/com.nxp.mcuxpresso.tools.win32_10.3.0.201811011841/tools/bin/../lib/gcc/arm-none-eabi/7.3.1/../../../../arm-none-eabi/lib/thumb/v6-m\libcr_c.a(fclose.o)
 .comment       0x0000007f       0x80 c:/nxp/mcuxpressoide_10.3.0_2200/ide/plugins/com.nxp.mcuxpresso.tools.win32_10.3.0.201811011841/tools/bin/../lib/gcc/arm-none-eabi/7.3.1/../../../../arm-none-eabi/lib/thumb/v6-m\libcr_c.a(fflush.o)
 .comment       0x0000007f       0x80 c:/nxp/mcuxpressoide_10.3.0_2200/ide/plugins/com.nxp.mcuxpresso.tools.win32_10.3.0.201811011841/tools/bin/../lib/gcc/arm-none-eabi/7.3.1/../../../../arm-none-eabi/lib/thumb/v6-m\libcr_c.a(remove.o)
 .comment       0x0000007f       0x80 c:/nxp/mcuxpressoide_10.3.0_2200/ide/plugins/com.nxp.mcuxpresso.tools.win32_10.3.0.201811011841/tools/bin/../lib/gcc/arm-none-eabi/7.3.1/../../../../arm-none-eabi/lib/thumb/v6-m\libcr_c.a(_cr_check_heap.o)
 .comment       0x0000007f       0x80 c:/nxp/mcuxpressoide_10.3.0_2200/ide/plugins/com.nxp.mcuxpresso.tools.win32_10.3.0.201811011841/tools/bin/../lib/gcc/arm-none-eabi/7.3.1/../../../../arm-none-eabi/lib/thumb/v6-m\libcr_c.a(_do_fflush.o)
 .comment       0x0000007f       0x80 c:/nxp/mcuxpressoide_10.3.0_2200/ide/plugins/com.nxp.mcuxpresso.tools.win32_10.3.0.201811011841/tools/bin/../lib/gcc/arm-none-eabi/7.3.1/../../../../arm-none-eabi/lib/thumb/v6-m\libcr_nohost_nf.a(__sys_close.o)
 .comment       0x0000007f       0x80 c:/nxp/mcuxpressoide_10.3.0_2200/ide/plugins/com.nxp.mcuxpresso.tools.win32_10.3.0.201811011841/tools/bin/../lib/gcc/arm-none-eabi/7.3.1/../../../../arm-none-eabi/lib/thumb/v6-m\libcr_nohost_nf.a(__sys_flen.o)
 .comment       0x0000007f       0x80 c:/nxp/mcuxpressoide_10.3.0_2200/ide/plugins/com.nxp.mcuxpresso.tools.win32_10.3.0.201811011841/tools/bin/../lib/gcc/arm-none-eabi/7.3.1/../../../../arm-none-eabi/lib/thumb/v6-m\libcr_nohost_nf.a(__sys_istty.o)
 .comment       0x0000007f       0x80 c:/nxp/mcuxpressoide_10.3.0_2200/ide/plugins/com.nxp.mcuxpresso.tools.win32_10.3.0.201811011841/tools/bin/../lib/gcc/arm-none-eabi/7.3.1/../../../../arm-none-eabi/lib/thumb/v6-m\libcr_nohost_nf.a(__sys_remove.o)
 .comment       0x0000007f       0x80 c:/nxp/mcuxpressoide_10.3.0_2200/ide/plugins/com.nxp.mcuxpresso.tools.win32_10.3.0.201811011841/tools/bin/../lib/gcc/arm-none-eabi/7.3.1/../../../../arm-none-eabi/lib/thumb/v6-m\libcr_nohost_nf.a(__sys_seek.o)
 .comment       0x0000007f       0x80 c:/nxp/mcuxpressoide_10.3.0_2200/ide/plugins/com.nxp.mcuxpresso.tools.win32_10.3.0.201811011841/tools/bin/../lib/gcc/arm-none-eabi/7.3.1/../../../../arm-none-eabi/lib/thumb/v6-m\libcr_nohost_nf.a(__sys_tmpnam.o)
 .comment       0x0000007f       0x80 c:/nxp/mcuxpressoide_10.3.0_2200/ide/plugins/com.nxp.mcuxpresso.tools.win32_10.3.0.201811011841/tools/bin/../lib/gcc/arm-none-eabi/7.3.1/../../../../arm-none-eabi/lib/thumb/v6-m\libcr_nohost_nf.a(__sys_write.o)

.ARM.attributes
                0x00000000       0x30
 .ARM.attributes
                0x00000000       0x32 ./utilities/fsl_debug_console.o
 .ARM.attributes
                0x00000032       0x32 ./startup/startup_lpc845.o
 .ARM.attributes
                0x00000064       0x32 ./source/LPC845_BoB_OLED.o
 .ARM.attributes
                0x00000096       0x32 ./source/mtb.o
 .ARM.attributes
                0x000000c8       0x32 ./source/semihost_hardfault.o
 .ARM.attributes
                0x000000fa       0x32 ./drivers/fsl_SSD1306.o
 .ARM.attributes
                0x0000012c       0x32 ./drivers/fsl_Systick_Delay.o
 .ARM.attributes
                0x0000015e       0x32 ./drivers/fsl_clock.o
 .ARM.attributes
                0x00000190       0x32 ./drivers/fsl_gpio.o
 .ARM.attributes
                0x000001c2       0x32 ./drivers/fsl_reset.o
 .ARM.attributes
                0x000001f4       0x32 ./drivers/fsl_spi.o
 .ARM.attributes
                0x00000226       0x32 ./drivers/fsl_swm.o
 .ARM.attributes
                0x00000258       0x32 ./drivers/fsl_usart.o
 .ARM.attributes
                0x0000028a       0x32 ./board/board.o
 .ARM.attributes
                0x000002bc       0x32 ./board/clock_config.o
 .ARM.attributes
                0x000002ee       0x32 ./board/pin_mux.o
 .ARM.attributes
                0x00000320       0x32 ./CMSIS/system_LPC845.o
 .ARM.attributes
                0x00000352       0x31 c:/nxp/mcuxpressoide_10.3.0_2200/ide/plugins/com.nxp.mcuxpresso.tools.win32_10.3.0.201811011841/tools/bin/../lib/gcc/arm-none-eabi/7.3.1/../../../../arm-none-eabi/lib/thumb/v6-m\libcr_nohost_nf.a(_cr__main.o)
 .ARM.attributes
                0x00000383       0x31 c:/nxp/mcuxpressoide_10.3.0_2200/ide/plugins/com.nxp.mcuxpresso.tools.win32_10.3.0.201811011841/tools/bin/../lib/gcc/arm-none-eabi/7.3.1/../../../../arm-none-eabi/lib/thumb/v6-m\libcr_nohost_nf.a(_cr_assert.o)
 .ARM.attributes
                0x000003b4       0x31 c:/nxp/mcuxpressoide_10.3.0_2200/ide/plugins/com.nxp.mcuxpresso.tools.win32_10.3.0.201811011841/tools/bin/../lib/gcc/arm-none-eabi/7.3.1/../../../../arm-none-eabi/lib/thumb/v6-m\libcr_nohost_nf.a(__ciob.o)
 .ARM.attributes
                0x000003e5       0x31 c:/nxp/mcuxpressoide_10.3.0_2200/ide/plugins/com.nxp.mcuxpresso.tools.win32_10.3.0.201811011841/tools/bin/../lib/gcc/arm-none-eabi/7.3.1/../../../../arm-none-eabi/lib/thumb/v6-m\libcr_nohost_nf.a(__sys_appexit.o)
 .ARM.attributes
                0x00000416       0x31 c:/nxp/mcuxpressoide_10.3.0_2200/ide/plugins/com.nxp.mcuxpresso.tools.win32_10.3.0.201811011841/tools/bin/../lib/gcc/arm-none-eabi/7.3.1/../../../../arm-none-eabi/lib/thumb/v6-m\libcr_c.a(memset.o)
 .ARM.attributes
                0x00000447       0x31 c:/nxp/mcuxpressoide_10.3.0_2200/ide/plugins/com.nxp.mcuxpresso.tools.win32_10.3.0.201811011841/tools/bin/../lib/gcc/arm-none-eabi/7.3.1/../../../../arm-none-eabi/lib/thumb/v6-m\libcr_c.a(_deferredlazyseek.o)
 .ARM.attributes
                0x00000478       0x31 c:/nxp/mcuxpressoide_10.3.0_2200/ide/plugins/com.nxp.mcuxpresso.tools.win32_10.3.0.201811011841/tools/bin/../lib/gcc/arm-none-eabi/7.3.1/../../../../arm-none-eabi/lib/thumb/v6-m\libcr_c.a(_fflush.o)
 .ARM.attributes
                0x000004a9       0x31 c:/nxp/mcuxpressoide_10.3.0_2200/ide/plugins/com.nxp.mcuxpresso.tools.win32_10.3.0.201811011841/tools/bin/../lib/gcc/arm-none-eabi/7.3.1/../../../../arm-none-eabi/lib/thumb/v6-m\libcr_c.a(_writebuf.o)
 .ARM.attributes
                0x000004da       0x31 c:/nxp/mcuxpressoide_10.3.0_2200/ide/plugins/com.nxp.mcuxpresso.tools.win32_10.3.0.201811011841/tools/bin/../lib/gcc/arm-none-eabi/7.3.1/../../../../arm-none-eabi/lib/thumb/v6-m\libcr_c.a(alloc.o)
 .ARM.attributes
                0x0000050b       0x31 c:/nxp/mcuxpressoide_10.3.0_2200/ide/plugins/com.nxp.mcuxpresso.tools.win32_10.3.0.201811011841/tools/bin/../lib/gcc/arm-none-eabi/7.3.1/../../../../arm-none-eabi/lib/thumb/v6-m\libcr_c.a(fputs.o)
 .ARM.attributes
                0x0000053c       0x31 c:/nxp/mcuxpressoide_10.3.0_2200/ide/plugins/com.nxp.mcuxpresso.tools.win32_10.3.0.201811011841/tools/bin/../lib/gcc/arm-none-eabi/7.3.1/../../../../arm-none-eabi/lib/thumb/v6-m\libcr_c.a(fseek.o)
 .ARM.attributes
                0x0000056d       0x31 c:/nxp/mcuxpressoide_10.3.0_2200/ide/plugins/com.nxp.mcuxpresso.tools.win32_10.3.0.201811011841/tools/bin/../lib/gcc/arm-none-eabi/7.3.1/../../../../arm-none-eabi/lib/thumb/v6-m\libcr_c.a(ftell.o)
 .ARM.attributes
                0x0000059e       0x31 c:/nxp/mcuxpressoide_10.3.0_2200/ide/plugins/com.nxp.mcuxpresso.tools.win32_10.3.0.201811011841/tools/bin/../lib/gcc/arm-none-eabi/7.3.1/../../../../arm-none-eabi/lib/thumb/v6-m\libcr_c.a(initio.o)
 .ARM.attributes
                0x000005cf       0x31 c:/nxp/mcuxpressoide_10.3.0_2200/ide/plugins/com.nxp.mcuxpresso.tools.win32_10.3.0.201811011841/tools/bin/../lib/gcc/arm-none-eabi/7.3.1/../../../../arm-none-eabi/lib/thumb/v6-m\libcr_c.a(setvbuf.o)
 .ARM.attributes
                0x00000600       0x31 c:/nxp/mcuxpressoide_10.3.0_2200/ide/plugins/com.nxp.mcuxpresso.tools.win32_10.3.0.201811011841/tools/bin/../lib/gcc/arm-none-eabi/7.3.1/../../../../arm-none-eabi/lib/thumb/v6-m\libcr_c.a(strlen.o)
 .ARM.attributes
                0x00000631       0x31 c:/nxp/mcuxpressoide_10.3.0_2200/ide/plugins/com.nxp.mcuxpresso.tools.win32_10.3.0.201811011841/tools/bin/../lib/gcc/arm-none-eabi/7.3.1/../../../../arm-none-eabi/lib/thumb/v6-m\libcr_c.a(__init_alloc.o)
 .ARM.attributes
                0x00000662       0x31 c:/nxp/mcuxpressoide_10.3.0_2200/ide/plugins/com.nxp.mcuxpresso.tools.win32_10.3.0.201811011841/tools/bin/../lib/gcc/arm-none-eabi/7.3.1/../../../../arm-none-eabi/lib/thumb/v6-m\libcr_c.a(_cr_sbrk.o)
 .ARM.attributes
                0x00000693       0x31 c:/nxp/mcuxpressoide_10.3.0_2200/ide/plugins/com.nxp.mcuxpresso.tools.win32_10.3.0.201811011841/tools/bin/../lib/gcc/arm-none-eabi/7.3.1/../../../../arm-none-eabi/lib/thumb/v6-m\libcr_c.a(_fdopen.o)
 .ARM.attributes
                0x000006c4       0x31 c:/nxp/mcuxpressoide_10.3.0_2200/ide/plugins/com.nxp.mcuxpresso.tools.win32_10.3.0.201811011841/tools/bin/../lib/gcc/arm-none-eabi/7.3.1/../../../../arm-none-eabi/lib/thumb/v6-m\libcr_c.a(errno.o)
 .ARM.attributes
                0x000006f5       0x31 c:/nxp/mcuxpressoide_10.3.0_2200/ide/plugins/com.nxp.mcuxpresso.tools.win32_10.3.0.201811011841/tools/bin/../lib/gcc/arm-none-eabi/7.3.1/../../../../arm-none-eabi/lib/thumb/v6-m\libcr_c.a(fclose.o)
 .ARM.attributes
                0x00000726       0x31 c:/nxp/mcuxpressoide_10.3.0_2200/ide/plugins/com.nxp.mcuxpresso.tools.win32_10.3.0.201811011841/tools/bin/../lib/gcc/arm-none-eabi/7.3.1/../../../../arm-none-eabi/lib/thumb/v6-m\libcr_c.a(fflush.o)
 .ARM.attributes
                0x00000757       0x31 c:/nxp/mcuxpressoide_10.3.0_2200/ide/plugins/com.nxp.mcuxpresso.tools.win32_10.3.0.201811011841/tools/bin/../lib/gcc/arm-none-eabi/7.3.1/../../../../arm-none-eabi/lib/thumb/v6-m\libcr_c.a(remove.o)
 .ARM.attributes
                0x00000788       0x31 c:/nxp/mcuxpressoide_10.3.0_2200/ide/plugins/com.nxp.mcuxpresso.tools.win32_10.3.0.201811011841/tools/bin/../lib/gcc/arm-none-eabi/7.3.1/../../../../arm-none-eabi/lib/thumb/v6-m\libcr_c.a(_cr_check_heap.o)
 .ARM.attributes
                0x000007b9       0x31 c:/nxp/mcuxpressoide_10.3.0_2200/ide/plugins/com.nxp.mcuxpresso.tools.win32_10.3.0.201811011841/tools/bin/../lib/gcc/arm-none-eabi/7.3.1/../../../../arm-none-eabi/lib/thumb/v6-m\libcr_c.a(_do_fflush.o)
 .ARM.attributes
                0x000007ea       0x21 c:/nxp/mcuxpressoide_10.3.0_2200/ide/plugins/com.nxp.mcuxpresso.tools.win32_10.3.0.201811011841/tools/bin/../lib/gcc/arm-none-eabi/7.3.1/thumb/v6-m\libcr_eabihelpers.a(division_32.o)
 .ARM.attributes
                0x0000080b       0x21 c:/nxp/mcuxpressoide_10.3.0_2200/ide/plugins/com.nxp.mcuxpresso.tools.win32_10.3.0.201811011841/tools/bin/../lib/gcc/arm-none-eabi/7.3.1/thumb/v6-m\libcr_eabihelpers.a(division_64.o)
 .ARM.attributes
                0x0000082c       0x21 c:/nxp/mcuxpressoide_10.3.0_2200/ide/plugins/com.nxp.mcuxpresso.tools.win32_10.3.0.201811011841/tools/bin/../lib/gcc/arm-none-eabi/7.3.1/thumb/v6-m\libcr_eabihelpers.a(division_idiv0.o)
 .ARM.attributes
                0x0000084d       0x21 c:/nxp/mcuxpressoide_10.3.0_2200/ide/plugins/com.nxp.mcuxpresso.tools.win32_10.3.0.201811011841/tools/bin/../lib/gcc/arm-none-eabi/7.3.1/thumb/v6-m\libcr_eabihelpers.a(memcpy.o)
 .ARM.attributes
                0x0000086e       0x31 c:/nxp/mcuxpressoide_10.3.0_2200/ide/plugins/com.nxp.mcuxpresso.tools.win32_10.3.0.201811011841/tools/bin/../lib/gcc/arm-none-eabi/7.3.1/../../../../arm-none-eabi/lib/thumb/v6-m\libcr_nohost_nf.a(__sys_close.o)
 .ARM.attributes
                0x0000089f       0x31 c:/nxp/mcuxpressoide_10.3.0_2200/ide/plugins/com.nxp.mcuxpresso.tools.win32_10.3.0.201811011841/tools/bin/../lib/gcc/arm-none-eabi/7.3.1/../../../../arm-none-eabi/lib/thumb/v6-m\libcr_nohost_nf.a(__sys_flen.o)
 .ARM.attributes
                0x000008d0       0x31 c:/nxp/mcuxpressoide_10.3.0_2200/ide/plugins/com.nxp.mcuxpresso.tools.win32_10.3.0.201811011841/tools/bin/../lib/gcc/arm-none-eabi/7.3.1/../../../../arm-none-eabi/lib/thumb/v6-m\libcr_nohost_nf.a(__sys_istty.o)
 .ARM.attributes
                0x00000901       0x31 c:/nxp/mcuxpressoide_10.3.0_2200/ide/plugins/com.nxp.mcuxpresso.tools.win32_10.3.0.201811011841/tools/bin/../lib/gcc/arm-none-eabi/7.3.1/../../../../arm-none-eabi/lib/thumb/v6-m\libcr_nohost_nf.a(__sys_remove.o)
 .ARM.attributes
                0x00000932       0x31 c:/nxp/mcuxpressoide_10.3.0_2200/ide/plugins/com.nxp.mcuxpresso.tools.win32_10.3.0.201811011841/tools/bin/../lib/gcc/arm-none-eabi/7.3.1/../../../../arm-none-eabi/lib/thumb/v6-m\libcr_nohost_nf.a(__sys_seek.o)
 .ARM.attributes
                0x00000963       0x31 c:/nxp/mcuxpressoide_10.3.0_2200/ide/plugins/com.nxp.mcuxpresso.tools.win32_10.3.0.201811011841/tools/bin/../lib/gcc/arm-none-eabi/7.3.1/../../../../arm-none-eabi/lib/thumb/v6-m\libcr_nohost_nf.a(__sys_tmpnam.o)
 .ARM.attributes
                0x00000994       0x31 c:/nxp/mcuxpressoide_10.3.0_2200/ide/plugins/com.nxp.mcuxpresso.tools.win32_10.3.0.201811011841/tools/bin/../lib/gcc/arm-none-eabi/7.3.1/../../../../arm-none-eabi/lib/thumb/v6-m\libcr_nohost_nf.a(__sys_write.o)

.debug_frame    0x00000000     0x173c
 .debug_frame   0x00000000      0x170 ./utilities/fsl_debug_console.o
 .debug_frame   0x00000170      0x3b0 ./startup/startup_lpc845.o
 .debug_frame   0x00000520       0x54 ./source/LPC845_BoB_OLED.o
 .debug_frame   0x00000574       0x20 ./source/semihost_hardfault.o
 .debug_frame   0x00000594      0x1e0 ./drivers/fsl_SSD1306.o
 .debug_frame   0x00000774       0xe8 ./drivers/fsl_Systick_Delay.o
 .debug_frame   0x0000085c      0x2fc ./drivers/fsl_clock.o
 .debug_frame   0x00000b58       0x70 ./drivers/fsl_gpio.o
 .debug_frame   0x00000bc8       0x70 ./drivers/fsl_reset.o
 .debug_frame   0x00000c38      0x488 ./drivers/fsl_spi.o
 .debug_frame   0x000010c0       0x50 ./drivers/fsl_swm.o
 .debug_frame   0x00001110      0x3fc ./drivers/fsl_usart.o
 .debug_frame   0x0000150c       0x50 ./board/board.o
 .debug_frame   0x0000155c       0xcc ./board/clock_config.o
 .debug_frame   0x00001628       0xac ./board/pin_mux.o
 .debug_frame   0x000016d4       0x68 ./CMSIS/system_LPC845.o
