Archive member included to satisfy reference by file (symbol)

c:/nxp/mcuxpressoide_10.3.0_2200/ide/plugins/com.nxp.mcuxpresso.tools.win32_10.3.0.201811011841/tools/bin/../lib/gcc/arm-none-eabi/7.3.1/../../../../arm-none-eabi/lib/thumb/v6-m\libcr_nohost_nf.a(_cr__main.o)
                              ./startup/startup_lpc845.o (__main)
c:/nxp/mcuxpressoide_10.3.0_2200/ide/plugins/com.nxp.mcuxpresso.tools.win32_10.3.0.201811011841/tools/bin/../lib/gcc/arm-none-eabi/7.3.1/../../../../arm-none-eabi/lib/thumb/v6-m\libcr_nohost_nf.a(_cr_assert.o)
                              ./drivers/fsl_adc.o (__assertion_failed)
c:/nxp/mcuxpressoide_10.3.0_2200/ide/plugins/com.nxp.mcuxpresso.tools.win32_10.3.0.201811011841/tools/bin/../lib/gcc/arm-none-eabi/7.3.1/../../../../arm-none-eabi/lib/thumb/v6-m\libcr_nohost_nf.a(__ciob.o)
                              c:/nxp/mcuxpressoide_10.3.0_2200/ide/plugins/com.nxp.mcuxpresso.tools.win32_10.3.0.201811011841/tools/bin/../lib/gcc/arm-none-eabi/7.3.1/../../../../arm-none-eabi/lib/thumb/v6-m\libcr_nohost_nf.a(_cr_assert.o) (__Ciob)
c:/nxp/mcuxpressoide_10.3.0_2200/ide/plugins/com.nxp.mcuxpresso.tools.win32_10.3.0.201811011841/tools/bin/../lib/gcc/arm-none-eabi/7.3.1/../../../../arm-none-eabi/lib/thumb/v6-m\libcr_nohost_nf.a(__sys_appexit.o)
                              c:/nxp/mcuxpressoide_10.3.0_2200/ide/plugins/com.nxp.mcuxpresso.tools.win32_10.3.0.201811011841/tools/bin/../lib/gcc/arm-none-eabi/7.3.1/../../../../arm-none-eabi/lib/thumb/v6-m\libcr_nohost_nf.a(_cr_assert.o) (__sys_appexit)
c:/nxp/mcuxpressoide_10.3.0_2200/ide/plugins/com.nxp.mcuxpresso.tools.win32_10.3.0.201811011841/tools/bin/../lib/gcc/arm-none-eabi/7.3.1/../../../../arm-none-eabi/lib/thumb/v6-m\libcr_c.a(memset.o)
                              ./drivers/fsl_usart.o (memset)
c:/nxp/mcuxpressoide_10.3.0_2200/ide/plugins/com.nxp.mcuxpresso.tools.win32_10.3.0.201811011841/tools/bin/../lib/gcc/arm-none-eabi/7.3.1/../../../../arm-none-eabi/lib/thumb/v6-m\libcr_c.a(_deferredlazyseek.o)
                              c:/nxp/mcuxpressoide_10.3.0_2200/ide/plugins/com.nxp.mcuxpresso.tools.win32_10.3.0.201811011841/tools/bin/../lib/gcc/arm-none-eabi/7.3.1/../../../../arm-none-eabi/lib/thumb/v6-m\libcr_nohost_nf.a(_cr_assert.o) (__flsbuf)
c:/nxp/mcuxpressoide_10.3.0_2200/ide/plugins/com.nxp.mcuxpresso.tools.win32_10.3.0.201811011841/tools/bin/../lib/gcc/arm-none-eabi/7.3.1/../../../../arm-none-eabi/lib/thumb/v6-m\libcr_c.a(_fflush.o)
                              c:/nxp/mcuxpressoide_10.3.0_2200/ide/plugins/com.nxp.mcuxpresso.tools.win32_10.3.0.201811011841/tools/bin/../lib/gcc/arm-none-eabi/7.3.1/../../../../arm-none-eabi/lib/thumb/v6-m\libcr_c.a(_deferredlazyseek.o) (_fflush)
c:/nxp/mcuxpressoide_10.3.0_2200/ide/plugins/com.nxp.mcuxpresso.tools.win32_10.3.0.201811011841/tools/bin/../lib/gcc/arm-none-eabi/7.3.1/../../../../arm-none-eabi/lib/thumb/v6-m\libcr_c.a(_writebuf.o)
                              c:/nxp/mcuxpressoide_10.3.0_2200/ide/plugins/com.nxp.mcuxpresso.tools.win32_10.3.0.201811011841/tools/bin/../lib/gcc/arm-none-eabi/7.3.1/../../../../arm-none-eabi/lib/thumb/v6-m\libcr_c.a(_deferredlazyseek.o) (_Cwritebuf)
c:/nxp/mcuxpressoide_10.3.0_2200/ide/plugins/com.nxp.mcuxpresso.tools.win32_10.3.0.201811011841/tools/bin/../lib/gcc/arm-none-eabi/7.3.1/../../../../arm-none-eabi/lib/thumb/v6-m\libcr_c.a(alloc.o)
                              ./drivers/fsl_common.o (malloc)
c:/nxp/mcuxpressoide_10.3.0_2200/ide/plugins/com.nxp.mcuxpresso.tools.win32_10.3.0.201811011841/tools/bin/../lib/gcc/arm-none-eabi/7.3.1/../../../../arm-none-eabi/lib/thumb/v6-m\libcr_c.a(fputs.o)
                              c:/nxp/mcuxpressoide_10.3.0_2200/ide/plugins/com.nxp.mcuxpresso.tools.win32_10.3.0.201811011841/tools/bin/../lib/gcc/arm-none-eabi/7.3.1/../../../../arm-none-eabi/lib/thumb/v6-m\libcr_nohost_nf.a(_cr_assert.o) (fputs)
c:/nxp/mcuxpressoide_10.3.0_2200/ide/plugins/com.nxp.mcuxpresso.tools.win32_10.3.0.201811011841/tools/bin/../lib/gcc/arm-none-eabi/7.3.1/../../../../arm-none-eabi/lib/thumb/v6-m\libcr_c.a(fseek.o)
                              c:/nxp/mcuxpressoide_10.3.0_2200/ide/plugins/com.nxp.mcuxpresso.tools.win32_10.3.0.201811011841/tools/bin/../lib/gcc/arm-none-eabi/7.3.1/../../../../arm-none-eabi/lib/thumb/v6-m\libcr_c.a(_deferredlazyseek.o) (fseek)
c:/nxp/mcuxpressoide_10.3.0_2200/ide/plugins/com.nxp.mcuxpresso.tools.win32_10.3.0.201811011841/tools/bin/../lib/gcc/arm-none-eabi/7.3.1/../../../../arm-none-eabi/lib/thumb/v6-m\libcr_c.a(ftell.o)
                              c:/nxp/mcuxpressoide_10.3.0_2200/ide/plugins/com.nxp.mcuxpresso.tools.win32_10.3.0.201811011841/tools/bin/../lib/gcc/arm-none-eabi/7.3.1/../../../../arm-none-eabi/lib/thumb/v6-m\libcr_c.a(fseek.o) (ftell)
c:/nxp/mcuxpressoide_10.3.0_2200/ide/plugins/com.nxp.mcuxpresso.tools.win32_10.3.0.201811011841/tools/bin/../lib/gcc/arm-none-eabi/7.3.1/../../../../arm-none-eabi/lib/thumb/v6-m\libcr_c.a(initio.o)
[...]
Memory Configuration

Name             Origin             Length             Attributes
PROGRAM_FLASH    0x00000000         0x00010000         xr
SRAM             0x10000000         0x00004000         xrw
*default*        0x00000000         0xffffffff

Linker script and memory map

LOAD ./utilities/fsl_assert.o
LOAD ./utilities/fsl_debug_console.o
LOAD ./startup/aeabi_romdiv_patch.o
LOAD ./startup/startup_lpc845.o
LOAD ./source/mtb.o
LOAD ./source/sctimer_simple_pwm.o
LOAD ./source/semihost_hardfault.o
LOAD ./drivers/fsl_adc.o
LOAD ./drivers/fsl_clock.o
LOAD ./drivers/fsl_common.o
LOAD ./drivers/fsl_gpio.o
LOAD ./drivers/fsl_inputmux.o
LOAD ./drivers/fsl_power.o
LOAD ./drivers/fsl_reset.o
LOAD ./drivers/fsl_sctimer.o
LOAD ./drivers/fsl_swm.o
LOAD ./drivers/fsl_syscon.o
LOAD ./drivers/fsl_usart.o
LOAD ./board/src/board.o
LOAD ./board/src/clock_config.o
LOAD ./board/pin_mux.o
LOAD ./CMSIS/system_LPC845.o
START GROUP
LOAD c:/nxp/mcuxpressoide_10.3.0_2200/ide/plugins/com.nxp.mcuxpresso.tools.win32_10.3.0.201811011841/tools/bin/../lib/gcc/arm-none-eabi/7.3.1/../../../../arm-none-eabi/lib/thumb/v6-m\libcr_nohost_nf.a
LOAD c:/nxp/mcuxpressoide_10.3.0_2200/ide/plugins/com.nxp.mcuxpresso.tools.win32_10.3.0.201811011841/tools/bin/../lib/gcc/arm-none-eabi/7.3.1/../../../../arm-none-eabi/lib/thumb/v6-m\libcr_c.a
LOAD c:/nxp/mcuxpressoide_10.3.0_2200/ide/plugins/com.nxp.mcuxpresso.tools.win32_10.3.0.201811011841/tools/bin/../lib/gcc/arm-none-eabi/7.3.1/thumb/v6-m\libcr_eabihelpers.a
END GROUP
                0x00000000                __base_PROGRAM_FLASH = 0x0
                0x00000000                __base_Flash = 0x0
                0x00010000                __top_PROGRAM_FLASH = 0x10000
                0x00010000                __top_Flash = 0x10000
                0x10000000                __base_SRAM = 0x10000000
                0x10000000                __base_RAM = 0x10000000
                0x10004000                __top_SRAM = 0x10004000
                0x10004000                __top_RAM = 0x10004000

.text           0x00000000     0x3828
 FILL mask 0xff
                0x00000000                __vectors_start__ = ABSOLUTE (.)
 *(SORT_BY_ALIGNMENT(.isr_vector))
 .isr_vector    0x00000000       0xc0 ./startup/startup_lpc845.o
                0x00000000                g_pfnVectors
                0x00000000                __Vectors
                0x000000c0                . = ALIGN (0x4)
                0x000000c0                __section_table_start = .
                0x000000c0                __data_section_table = .
                0x000000c0        0x4 LONG 0x3828 LOADADDR (.data)
                0x000000c4        0x4 LONG 0x10000080 ADDR (.data)
                0x000000c8        0x4 LONG 0x4 SIZEOF (.data)
                0x000000cc                __data_section_table_end = .
                0x000000cc                __bss_section_table = .
                0x000000cc        0x4 LONG 0x10000084 ADDR (.bss)
                0x000000d0        0x4 LONG 0x120 SIZEOF (.bss)
                0x000000d4                __bss_section_table_end = .
                0x000000d4                __section_table_end = .
 *(SORT_BY_ALIGNMENT(.after_vectors*))
 .after_vectors.reset
                0x000000d4       0x4c ./startup/startup_lpc845.o
                0x000000d4                ResetISR
 .after_vectors.init_data
                0x00000120       0x16 ./startup/startup_lpc845.o
                0x00000120                data_init
 .after_vectors.init_bss
                0x00000136       0x12 ./startup/startup_lpc845.o
                0x00000136                bss_init
 .after_vectors
                0x00000148      0x10c ./startup/startup_lpc845.o
                0x00000148                NMI_Handler
                0x0000014c                SVC_Handler
                0x0000014e                PendSV_Handler
                0x00000150                SysTick_Handler
                0x00000152                I2C0_DriverIRQHandler
                0x00000152                ADC0_OVR_DriverIRQHandler
                0x00000152                DMA0_DriverIRQHandler
                0x00000152                SPI1_DriverIRQHandler
                0x00000152                SCT0_DriverIRQHandler
                0x00000152                BOD_DriverIRQHandler
                0x00000152                I2C3_DriverIRQHandler
                0x00000152                I2C1_DriverIRQHandler
                0x00000152                PIN_INT3_DriverIRQHandler
                0x00000152                PIN_INT5_DAC1_DriverIRQHandler
                0x00000152                PIN_INT2_DriverIRQHandler
                0x00000152                PIN_INT1_DriverIRQHandler
                0x00000152                I2C2_DriverIRQHandler
                0x00000152                PIN_INT0_DriverIRQHandler
                0x00000152                WDT_DriverIRQHandler
                0x00000152                CTIMER0_DriverIRQHandler
                0x00000152                IntDefaultHandler
                0x00000152                ADC0_SEQB_DriverIRQHandler
                0x00000152                WKT_DriverIRQHandler
                0x00000152                DAC0_DriverIRQHandler
                0x00000152                MRT0_DriverIRQHandler
                0x00000152                PIN_INT4_DriverIRQHandler
                0x00000152                SPI0_DriverIRQHandler
                0x00000152                CMP_CAPT_DriverIRQHandler
                0x00000152                ADC0_THCMP_DriverIRQHandler
                0x00000152                ADC0_SEQA_DriverIRQHandler
                0x00000152                FLASH_DriverIRQHandler
                0x00000152                Reserved22_DriverIRQHandler
                0x00000154                SPI0_IRQHandler
                0x0000015c                SPI1_IRQHandler
                0x00000164                DAC0_IRQHandler
                0x0000016c                USART0_IRQHandler
                0x00000174                USART1_IRQHandler
                0x0000017c                USART2_IRQHandler
                0x00000184                Reserved22_IRQHandler
                0x0000018c                I2C1_IRQHandler
                0x00000194                I2C0_IRQHandler
                0x000001a4                MRT0_IRQHandler
                0x000001ac                CMP_CAPT_IRQHandler
                0x000001b4                WDT_IRQHandler
                0x000001bc                BOD_IRQHandler
                0x000001c4                FLASH_IRQHandler
                0x000001cc                WKT_IRQHandler
                0x000001d4                ADC0_SEQA_IRQHandler
                0x000001dc                ADC0_SEQB_IRQHandler
                0x000001e4                ADC0_THCMP_IRQHandler
                0x000001ec                ADC0_OVR_IRQHandler
                0x000001f4                DMA0_IRQHandler
                0x000001fc                I2C2_IRQHandler
                0x00000204                I2C3_IRQHandler
                0x0000020c                CTIMER0_IRQHandler
                0x00000214                PIN_INT0_IRQHandler
                0x0000021c                PIN_INT1_IRQHandler
                0x00000224                PIN_INT2_IRQHandler
                0x0000022c                PIN_INT3_IRQHandler
                0x00000234                PIN_INT4_IRQHandler
                0x0000023c                PIN_INT5_DAC1_IRQHandler
                0x00000244                PIN_INT6_USART3_IRQHandler
                0x0000024c                PIN_INT7_USART4_IRQHandler
                0x000002fc                . = 0x2fc
 *fill*         0x00000254       0xa8 ff
                0x000002fc                PROVIDE (__CRP_WORD_START__ = .)
 *(SORT_BY_ALIGNMENT(.crp))
 .crp           0x000002fc        0x4 ./startup/startup_lpc845.o
                0x000002fc                CRP_WORD
                0x00000300                PROVIDE (__CRP_WORD_END__ = .)
                0x00000001                ASSERT (! ((__CRP_WORD_START__ == __CRP_WORD_END__)), Linker CRP Enabled, but no CRP_WORD provided within application)
 *(SORT_BY_ALIGNMENT(.text*))
 .text.DbgConsole_Init
                0x00000300       0x7c ./utilities/fsl_debug_console.o
                0x00000300                DbgConsole_Init
 .text.DbgConsole_Printf
                0x0000037c       0x44 ./utilities/fsl_debug_console.o
                0x0000037c                DbgConsole_Printf
 .text.DbgConsole_Putchar
                0x000003c0       0x34 ./utilities/fsl_debug_console.o
                0x000003c0                DbgConsole_Putchar
 .text.DbgConsole_Getchar
                0x000003f4       0x40 ./utilities/fsl_debug_console.o
                0x000003f4                DbgConsole_Getchar
 .text.CLOCK_Select
                0x00000434       0x38 ./source/sctimer_simple_pwm.o
 .text.SCTIMER_StartTimer
                0x0000046c       0x48 ./source/sctimer_simple_pwm.o
 .text.main     0x000004b4      0x13c ./source/sctimer_simple_pwm.o
                0x000004b4                main
 .text.HardFault_Handler
                0x000005f0       0x30 ./source/semihost_hardfault.o
                0x000005f0                HardFault_Handler
 .text.CLOCK_GetCoreSysClkFreq
                0x00000620       0x24 ./drivers/fsl_clock.o
 .text.CLOCK_GetSystemPLLFreq
                0x00000644       0x20 ./drivers/fsl_clock.o
 .text.CLOCK_GetWdtOscFreq
                0x00000664       0x14 ./drivers/fsl_clock.o
 .text.CLOCK_GetExtClkFreq
                0x00000678       0x14 ./drivers/fsl_clock.o
 .text.CLOCK_UpdateClkSrc
                0x0000068c       0x4c ./drivers/fsl_clock.o
 .text.CLOCK_GetFRG0ClkFreq
                0x000006d8       0x34 ./drivers/fsl_clock.o
                0x000006d8                CLOCK_GetFRG0ClkFreq
 .text.CLOCK_GetFRG1ClkFreq
                0x0000070c       0x34 ./drivers/fsl_clock.o
                0x0000070c                CLOCK_GetFRG1ClkFreq
 .text.CLOCK_GetMainClkFreq
                0x00000740       0x6c ./drivers/fsl_clock.o
                0x00000740                CLOCK_GetMainClkFreq
 .text.CLOCK_GetFroFreq
                0x000007ac       0x78 ./drivers/fsl_clock.o
                0x000007ac                CLOCK_GetFroFreq
 .text.CLOCK_GetFreq
                0x00000824       0x90 ./drivers/fsl_clock.o
                0x00000824                CLOCK_GetFreq
 .text.CLOCK_GetSystemPLLInClockRate
                0x000008b4       0x58 ./drivers/fsl_clock.o
                0x000008b4                CLOCK_GetSystemPLLInClockRate
 .text.CLOCK_SetMainClkSrc
                0x0000090c       0x9c ./drivers/fsl_clock.o
                0x0000090c                CLOCK_SetMainClkSrc
 .text.CLOCK_SetFroOutClkSrc
                0x000009a8       0x48 ./drivers/fsl_clock.o
                0x000009a8                CLOCK_SetFroOutClkSrc
 .text.RESET_SetPeripheralReset
                0x000009f0       0x70 ./drivers/fsl_reset.o
                0x000009f0                RESET_SetPeripheralReset
 .text.RESET_ClearPeripheralReset
                0x00000a60       0x6c ./drivers/fsl_reset.o
                0x00000a60                RESET_ClearPeripheralReset
 .text.CLOCK_EnableClock
                0x00000acc       0x54 ./drivers/fsl_sctimer.o
 .text.SCTIMER_StartTimer
                0x00000b20       0x48 ./drivers/fsl_sctimer.o
 .text.SCTIMER_SetupOutputSetAction
                0x00000b68       0x48 ./drivers/fsl_sctimer.o
 .text.SCTIMER_SetupOutputClearAction
                0x00000bb0       0x4c ./drivers/fsl_sctimer.o
 .text.SCTIMER_GetInstance
                0x00000bfc       0x50 ./drivers/fsl_sctimer.o
 .text.SCTIMER_Init
                0x00000c4c      0x114 ./drivers/fsl_sctimer.o
                0x00000c4c                SCTIMER_Init
 .text.SCTIMER_GetDefaultConfig
                0x00000d60       0x54 ./drivers/fsl_sctimer.o
                0x00000d60                SCTIMER_GetDefaultConfig
 .text.SCTIMER_SetupPwm
                0x00000db4      0x260 ./drivers/fsl_sctimer.o
                0x00000db4                SCTIMER_SetupPwm
 .text.SCTIMER_UpdatePwmDutycycle
                0x00001014       0xe4 ./drivers/fsl_sctimer.o
                0x00001014                SCTIMER_UpdatePwmDutycycle
 .text.SCTIMER_CreateAndScheduleEvent
                0x000010f8      0x1f4 ./drivers/fsl_sctimer.o
                0x000010f8                SCTIMER_CreateAndScheduleEvent
 .text.SCTIMER_EventHandleIRQ
                0x000012ec       0x78 ./drivers/fsl_sctimer.o
                0x000012ec                SCTIMER_EventHandleIRQ
 .text.SCT0_IRQHandler
                0x00001364       0x1c ./drivers/fsl_sctimer.o
                0x00001364                SCT0_IRQHandler
 .text.SWM_SetMovablePinSelect
                0x00001380       0x9c ./drivers/fsl_swm.o
                0x00001380                SWM_SetMovablePinSelect
 .text.CLOCK_EnableClock
                0x0000141c       0x54 ./drivers/fsl_usart.o
 .text.USART_GetInstance
                0x00001470       0x44 ./drivers/fsl_usart.o
                0x00001470                USART_GetInstance
 .text.USART_Init
                0x000014b4      0x100 ./drivers/fsl_usart.o
                0x000014b4                USART_Init
 .text.USART_GetDefaultConfig
                0x000015b4       0x54 ./drivers/fsl_usart.o
                0x000015b4                USART_GetDefaultConfig
 .text.USART_SetBaudRate
                0x00001608      0x10c ./drivers/fsl_usart.o
                0x00001608                USART_SetBaudRate
 .text.USART_WriteBlocking
                0x00001714       0x60 ./drivers/fsl_usart.o
                0x00001714                USART_WriteBlocking
 .text.USART_ReadBlocking
                0x00001774       0xe0 ./drivers/fsl_usart.o
                0x00001774                USART_ReadBlocking
 .text.USART0_DriverIRQHandler
                0x00001854       0x24 ./drivers/fsl_usart.o
                0x00001854                USART0_DriverIRQHandler
 .text.USART1_DriverIRQHandler
                0x00001878       0x24 ./drivers/fsl_usart.o
                0x00001878                USART1_DriverIRQHandler
 .text.USART2_DriverIRQHandler
                0x0000189c       0x24 ./drivers/fsl_usart.o
                0x0000189c                USART2_DriverIRQHandler
 .text.PIN_INT6_USART3_DriverIRQHandler
                0x000018c0       0x24 ./drivers/fsl_usart.o
                0x000018c0                PIN_INT6_USART3_DriverIRQHandler
 .text.PIN_INT7_USART4_DriverIRQHandler
                0x000018e4       0x24 ./drivers/fsl_usart.o
                0x000018e4                PIN_INT7_USART4_DriverIRQHandler
 .text.CLOCK_Select
                0x00001908       0x38 ./board/src/board.o
 .text.BOARD_InitDebugConsole
                0x00001940       0x50 ./board/src/board.o
                0x00001940                BOARD_InitDebugConsole
 .text.CLOCK_Select
                0x00001990       0x38 ./board/src/clock_config.o
 .text.CLOCK_SetCoreSysClkDiv
                0x000019c8       0x3c ./board/src/clock_config.o
 .text.CLOCK_SetFroOscFreq
                0x00001a04       0x24 ./board/src/clock_config.o
 .text.POWER_DisablePD
                0x00001a28       0x2c ./board/src/clock_config.o
 .text.BOARD_BootClockFRO30M
                0x00001a54       0x58 ./board/src/clock_config.o
                0x00001a54                BOARD_BootClockFRO30M
 .text.CLOCK_EnableClock
                0x00001aac       0x54 ./board/pin_mux.o
 .text.CLOCK_DisableClock
                0x00001b00       0x58 ./board/pin_mux.o
 .text.BOARD_InitPins
                0x00001b58       0x40 ./board/pin_mux.o
                0x00001b58                BOARD_InitPins
 .text.SystemInit
                0x00001b98       0x2c ./CMSIS/system_LPC845.o
                0x00001b98                SystemInit
 .text.__assertion_failed
                0x00001bc4       0x4c c:/nxp/mcuxpressoide_10.3.0_2200/ide/plugins/com.nxp.mcuxpresso.tools.win32_10.3.0.201811011841/tools/bin/../lib/gcc/arm-none-eabi/7.3.1/../../../../arm-none-eabi/lib/thumb/v6-m\libcr_nohost_nf.a(_cr_assert.o)
                0x00001bc4                __assertion_failed
 .text._deferredlazyseek
                0x00001c10       0x40 c:/nxp/mcuxpressoide_10.3.0_2200/ide/plugins/com.nxp.mcuxpresso.tools.win32_10.3.0.201811011841/tools/bin/../lib/gcc/arm-none-eabi/7.3.1/../../../../arm-none-eabi/lib/thumb/v6-m\libcr_c.a(_deferredlazyseek.o)
                0x00001c10                _deferredlazyseek
 .text.__flsbuf
                0x00001c50      0x14c c:/nxp/mcuxpressoide_10.3.0_2200/ide/plugins/com.nxp.mcuxpresso.tools.win32_10.3.0.201811011841/tools/bin/../lib/gcc/arm-none-eabi/7.3.1/../../../../arm-none-eabi/lib/thumb/v6-m\libcr_c.a(_deferredlazyseek.o)
                0x00001c50                __flsbuf
 .text._fflush  0x00001d9c       0x5c c:/nxp/mcuxpressoide_10.3.0_2200/ide/plugins/com.nxp.mcuxpresso.tools.win32_10.3.0.201811011841/tools/bin/../lib/gcc/arm-none-eabi/7.3.1/../../../../arm-none-eabi/lib/thumb/v6-m\libcr_c.a(_fflush.o)
                0x00001d9c                _fflush
 .text._Cwritebuf
                0x00001df8       0x68 c:/nxp/mcuxpressoide_10.3.0_2200/ide/plugins/com.nxp.mcuxpresso.tools.win32_10.3.0.201811011841/tools/bin/../lib/gcc/arm-none-eabi/7.3.1/../../../../arm-none-eabi/lib/thumb/v6-m\libcr_c.a(_writebuf.o)
                0x00001df8                _Cwritebuf
 .text.malloc   0x00001e60       0xcc c:/nxp/mcuxpressoide_10.3.0_2200/ide/plugins/com.nxp.mcuxpresso.tools.win32_10.3.0.201811011841/tools/bin/../lib/gcc/arm-none-eabi/7.3.1/../../../../arm-none-eabi/lib/thumb/v6-m\libcr_c.a(alloc.o)
                0x00001e60                malloc
 .text._Csys_alloc
                0x00001f2c       0x20 c:/nxp/mcuxpressoide_10.3.0_2200/ide/plugins/com.nxp.mcuxpresso.tools.win32_10.3.0.201811011841/tools/bin/../lib/gcc/arm-none-eabi/7.3.1/../../../../arm-none-eabi/lib/thumb/v6-m\libcr_c.a(alloc.o)
                0x00001f2c                _Csys_alloc
 .text.fseek    0x00001f4c       0xf0 c:/nxp/mcuxpressoide_10.3.0_2200/ide/plugins/com.nxp.mcuxpresso.tools.win32_10.3.0.201811011841/tools/bin/../lib/gcc/arm-none-eabi/7.3.1/../../../../arm-none-eabi/lib/thumb/v6-m\libcr_c.a(fseek.o)
                0x00001f4c                fseek
 .text.ftell    0x0000203c       0x48 c:/nxp/mcuxpressoide_10.3.0_2200/ide/plugins/com.nxp.mcuxpresso.tools.win32_10.3.0.201811011841/tools/bin/../lib/gcc/arm-none-eabi/7.3.1/../../../../arm-none-eabi/lib/thumb/v6-m\libcr_c.a(ftell.o)
                0x0000203c                ftell
 .text._initio  0x00002084       0x7c c:/nxp/mcuxpressoide_10.3.0_2200/ide/plugins/com.nxp.mcuxpresso.tools.win32_10.3.0.201811011841/tools/bin/../lib/gcc/arm-none-eabi/7.3.1/../../../../arm-none-eabi/lib/thumb/v6-m\libcr_c.a(initio.o)
                0x00002084                _initio
 .text.setvbuf  0x00002100       0x48 c:/nxp/mcuxpressoide_10.3.0_2200/ide/plugins/com.nxp.mcuxpresso.tools.win32_10.3.0.201811011841/tools/bin/../lib/gcc/arm-none-eabi/7.3.1/../../../../arm-none-eabi/lib/thumb/v6-m\libcr_c.a(setvbuf.o)
                0x00002100                setvbuf
 .text.strlen   0x00002148       0x58 c:/nxp/mcuxpressoide_10.3.0_2200/ide/plugins/com.nxp.mcuxpresso.tools.win32_10.3.0.201811011841/tools/bin/../lib/gcc/arm-none-eabi/7.3.1/../../../../arm-none-eabi/lib/thumb/v6-m\libcr_c.a(strlen.o)
                0x00002148                strlen
 .text._sbrk    0x000021a0       0x40 c:/nxp/mcuxpressoide_10.3.0_2200/ide/plugins/com.nxp.mcuxpresso.tools.win32_10.3.0.201811011841/tools/bin/../lib/gcc/arm-none-eabi/7.3.1/../../../../arm-none-eabi/lib/thumb/v6-m\libcr_c.a(_cr_sbrk.o)
                0x000021a0                _sbrk
 .text._fdopen  0x000021e0       0x74 c:/nxp/mcuxpressoide_10.3.0_2200/ide/plugins/com.nxp.mcuxpresso.tools.win32_10.3.0.201811011841/tools/bin/../lib/gcc/arm-none-eabi/7.3.1/../../../../arm-none-eabi/lib/thumb/v6-m\libcr_c.a(_fdopen.o)
                0x000021e0                _fdopen
 .text.fclose   0x00002254       0x5c c:/nxp/mcuxpressoide_10.3.0_2200/ide/plugins/com.nxp.mcuxpresso.tools.win32_10.3.0.201811011841/tools/bin/../lib/gcc/arm-none-eabi/7.3.1/../../../../arm-none-eabi/lib/thumb/v6-m\libcr_c.a(fclose.o)
                0x00002254                fclose
 .text.fflush   0x000022b0       0x44 c:/nxp/mcuxpressoide_10.3.0_2200/ide/plugins/com.nxp.mcuxpresso.tools.win32_10.3.0.201811011841/tools/bin/../lib/gcc/arm-none-eabi/7.3.1/../../../../arm-none-eabi/lib/thumb/v6-m\libcr_c.a(fflush.o)
                0x000022b0                fflush
 .text.__check_heap_overflow
                0x000022f4       0x14 c:/nxp/mcuxpressoide_10.3.0_2200/ide/plugins/com.nxp.mcuxpresso.tools.win32_10.3.0.201811011841/tools/bin/../lib/gcc/arm-none-eabi/7.3.1/../../../../arm-none-eabi/lib/thumb/v6-m\libcr_c.a(_cr_check_heap.o)
                0x000022f4                __check_heap_overflow
 .text._do_fflush
                0x00002308       0x44 c:/nxp/mcuxpressoide_10.3.0_2200/ide/plugins/com.nxp.mcuxpresso.tools.win32_10.3.0.201811011841/tools/bin/../lib/gcc/arm-none-eabi/7.3.1/../../../../arm-none-eabi/lib/thumb/v6-m\libcr_c.a(_do_fflush.o)
                0x00002308                _do_fflush
 .text.DbgConsole_PrintfPaddingCharacter
                0x0000234c       0x46 ./utilities/fsl_debug_console.o
 .text.DbgConsole_ConvertRadixNumToString
                0x00002392      0x114 ./utilities/fsl_debug_console.o
 .text.DbgConsole_PrintfFormattedData
                0x000024a6      0x32c ./utilities/fsl_debug_console.o
 .text.CLOCK_GetFRGInputClkFreq
                0x000027d2       0x3e ./drivers/fsl_clock.o
 .text.RESET_PeripheralReset
                0x00002810       0x20 ./drivers/fsl_reset.o
                0x00002810                RESET_PeripheralReset
 .text.SCTIMER_StopTimer
                0x00002830       0x44 ./drivers/fsl_sctimer.o
 .text.SCTIMER_SetupCounterLimitAction
                0x00002874       0x60 ./drivers/fsl_sctimer.o
 .text.USART_EnableTx
                0x000028d4       0x46 ./drivers/fsl_usart.o
 .text.USART_EnableRx
                0x0000291a       0x44 ./drivers/fsl_usart.o
 .text.SystemInitHook
                0x0000295e        0xa ./CMSIS/system_LPC845.o
                0x0000295e                SystemInitHook
 .text.__main   0x00002968        0xc c:/nxp/mcuxpressoide_10.3.0_2200/ide/plugins/com.nxp.mcuxpresso.tools.win32_10.3.0.201811011841/tools/bin/../lib/gcc/arm-none-eabi/7.3.1/../../../../arm-none-eabi/lib/thumb/v6-m\libcr_nohost_nf.a(_cr__main.o)
                0x00002968                __main
 .text.__sys_appexit
                0x00002974        0x2 c:/nxp/mcuxpressoide_10.3.0_2200/ide/plugins/com.nxp.mcuxpresso.tools.win32_10.3.0.201811011841/tools/bin/../lib/gcc/arm-none-eabi/7.3.1/../../../../arm-none-eabi/lib/thumb/v6-m\libcr_nohost_nf.a(__sys_appexit.o)
                0x00002974                __sys_appexit
                0x00002974                __exit
 .text.memset   0x00002976        0x8 c:/nxp/mcuxpressoide_10.3.0_2200/ide/plugins/com.nxp.mcuxpresso.tools.win32_10.3.0.201811011841/tools/bin/../lib/gcc/arm-none-eabi/7.3.1/../../../../arm-none-eabi/lib/thumb/v6-m\libcr_c.a(memset.o)
                0x00002976                memset
 .text.free     0x0000297e       0x2c c:/nxp/mcuxpressoide_10.3.0_2200/ide/plugins/com.nxp.mcuxpresso.tools.win32_10.3.0.201811011841/tools/bin/../lib/gcc/arm-none-eabi/7.3.1/../../../../arm-none-eabi/lib/thumb/v6-m\libcr_c.a(alloc.o)
                0x0000297e                free
 .text.fputs    0x000029aa       0x2e c:/nxp/mcuxpressoide_10.3.0_2200/ide/plugins/com.nxp.mcuxpresso.tools.win32_10.3.0.201811011841/tools/bin/../lib/gcc/arm-none-eabi/7.3.1/../../../../arm-none-eabi/lib/thumb/v6-m\libcr_c.a(fputs.o)
                0x000029aa                fputs
 .text.remove   0x000029d8       0x12 c:/nxp/mcuxpressoide_10.3.0_2200/ide/plugins/com.nxp.mcuxpresso.tools.win32_10.3.0.201811011841/tools/bin/../lib/gcc/arm-none-eabi/7.3.1/../../../../arm-none-eabi/lib/thumb/v6-m\libcr_c.a(remove.o)
                0x000029d8                remove
 .text.__aeabi_division_idivmod
                0x000029ea       0x78 c:/nxp/mcuxpressoide_10.3.0_2200/ide/plugins/com.nxp.mcuxpresso.tools.win32_10.3.0.201811011841/tools/bin/../lib/gcc/arm-none-eabi/7.3.1/thumb/v6-m\libcr_eabihelpers.a(division_32.o)
                0x000029ea                __aeabi_idivmod
                0x000029ea                __aeabi_idiv
                0x000029f0                __aeabi_uidivmod
                0x000029f0                __aeabi_uidiv
 .text.__aeabi_division_idiv0
                0x00002a62        0x2 c:/nxp/mcuxpressoide_10.3.0_2200/ide/plugins/com.nxp.mcuxpresso.tools.win32_10.3.0.201811011841/tools/bin/../lib/gcc/arm-none-eabi/7.3.1/thumb/v6-m\libcr_eabihelpers.a(division_idiv0.o)
                0x00002a62                __aeabi_idiv0
 .text.__aeabi_memset_lowlevel
                0x00002a64       0x2a c:/nxp/mcuxpressoide_10.3.0_2200/ide/plugins/com.nxp.mcuxpresso.tools.win32_10.3.0.201811011841/tools/bin/../lib/gcc/arm-none-eabi/7.3.1/thumb/v6-m\libcr_eabihelpers.a(memcpy.o)
                0x00002a64                __aeabi_lowlevel_memset
 .text.__sys_close
                0x00002a8e        0x6 c:/nxp/mcuxpressoide_10.3.0_2200/ide/plugins/com.nxp.mcuxpresso.tools.win32_10.3.0.201811011841/tools/bin/../lib/gcc/arm-none-eabi/7.3.1/../../../../arm-none-eabi/lib/thumb/v6-m\libcr_nohost_nf.a(__sys_close.o)
                0x00002a8e                __sys_close
 .text.__sys_flen
                0x00002a94        0x6 c:/nxp/mcuxpressoide_10.3.0_2200/ide/plugins/com.nxp.mcuxpresso.tools.win32_10.3.0.201811011841/tools/bin/../lib/gcc/arm-none-eabi/7.3.1/../../../../arm-none-eabi/lib/thumb/v6-m\libcr_nohost_nf.a(__sys_flen.o)
                0x00002a94                __sys_flen
 .text.__sys_istty
                0x00002a9a        0x6 c:/nxp/mcuxpressoide_10.3.0_2200/ide/plugins/com.nxp.mcuxpresso.tools.win32_10.3.0.201811011841/tools/bin/../lib/gcc/arm-none-eabi/7.3.1/../../../../arm-none-eabi/lib/thumb/v6-m\libcr_nohost_nf.a(__sys_istty.o)
                0x00002a9a                __sys_istty
 .text.__sys_remove
                0x00002aa0        0x6 c:/nxp/mcuxpressoide_10.3.0_2200/ide/plugins/com.nxp.mcuxpresso.tools.win32_10.3.0.201811011841/tools/bin/../lib/gcc/arm-none-eabi/7.3.1/../../../../arm-none-eabi/lib/thumb/v6-m\libcr_nohost_nf.a(__sys_remove.o)
                0x00002aa0                __sys_remove
 .text.__sys_seek
                0x00002aa6        0x6 c:/nxp/mcuxpressoide_10.3.0_2200/ide/plugins/com.nxp.mcuxpresso.tools.win32_10.3.0.201811011841/tools/bin/../lib/gcc/arm-none-eabi/7.3.1/../../../../arm-none-eabi/lib/thumb/v6-m\libcr_nohost_nf.a(__sys_seek.o)
                0x00002aa6                __sys_seek
 .text.__sys_tmpnam
                0x00002aac        0x6 c:/nxp/mcuxpressoide_10.3.0_2200/ide/plugins/com.nxp.mcuxpresso.tools.win32_10.3.0.201811011841/tools/bin/../lib/gcc/arm-none-eabi/7.3.1/../../../../arm-none-eabi/lib/thumb/v6-m\libcr_nohost_nf.a(__sys_tmpnam.o)
                0x00002aac                __sys_tmpnam
 .text.__sys_write
                0x00002ab2        0x4 c:/nxp/mcuxpressoide_10.3.0_2200/ide/plugins/com.nxp.mcuxpresso.tools.win32_10.3.0.201811011841/tools/bin/../lib/gcc/arm-none-eabi/7.3.1/../../../../arm-none-eabi/lib/thumb/v6-m\libcr_nohost_nf.a(__sys_write.o)
                0x00002ab2                __sys_write
 *(SORT_BY_ALIGNMENT(.rodata) SORT_BY_ALIGNMENT(.rodata.*) SORT_BY_ALIGNMENT(.constdata) SORT_BY_ALIGNMENT(.constdata.*))
 *fill*         0x00002ab6        0x2 ff
 .rodata        0x00002ab8      0x1c6 ./source/sctimer_simple_pwm.o
 *fill*         0x00002c7e        0x2 ff
 .rodata        0x00002c80       0xf5 ./drivers/fsl_clock.o
 *fill*         0x00002d75        0x3 ff
 .rodata.CLOCK_GetFreq
                0x00002d78       0x24 ./drivers/fsl_clock.o
 .rodata        0x00002d9c       0x55 ./drivers/fsl_reset.o
 *fill*         0x00002df1        0x3 ff
 .rodata        0x00002df4      0x2c7 ./drivers/fsl_sctimer.o
 *fill*         0x000030bb        0x1 ff
 .rodata        0x000030bc       0xcf ./drivers/fsl_swm.o
 *fill*         0x0000318b        0x1 ff
 .rodata.s_usartBaseAddrs
                0x0000318c       0x14 ./drivers/fsl_usart.o
 .rodata.s_usartClock
                0x000031a0        0xa ./drivers/fsl_usart.o
 *fill*         0x000031aa        0x2 ff
 .rodata.s_usartRest
                0x000031ac       0x14 ./drivers/fsl_usart.o
 .rodata        0x000031c0      0x5d0 ./drivers/fsl_usart.o
 .rodata        0x00003790       0x34 ./board/src/board.o
 .rodata        0x000037c4       0x29 ./board/src/clock_config.o
 *fill*         0x000037ed        0x3 ff
 .rodata.__num_Ciob_streams
                0x000037f0        0x4 c:/nxp/mcuxpressoide_10.3.0_2200/ide/plugins/com.nxp.mcuxpresso.tools.win32_10.3.0.201811011841/tools/bin/../lib/gcc/arm-none-eabi/7.3.1/../../../../arm-none-eabi/lib/thumb/v6-m\libcr_nohost_nf.a(__ciob.o)
                0x000037f0                __num_Ciob_streams
 .rodata.__assertion_failed.str1.1
                0x000037f4       0x15 c:/nxp/mcuxpressoide_10.3.0_2200/ide/plugins/com.nxp.mcuxpresso.tools.win32_10.3.0.201811011841/tools/bin/../lib/gcc/arm-none-eabi/7.3.1/../../../../arm-none-eabi/lib/thumb/v6-m\libcr_nohost_nf.a(_cr_assert.o)
 .rodata._Csys_alloc.str1.1
                0x00003809       0x18 c:/nxp/mcuxpressoide_10.3.0_2200/ide/plugins/com.nxp.mcuxpresso.tools.win32_10.3.0.201811011841/tools/bin/../lib/gcc/arm-none-eabi/7.3.1/../../../../arm-none-eabi/lib/thumb/v6-m\libcr_c.a(alloc.o)
 .rodata._initio.str1.1
                0x00003821        0x4 c:/nxp/mcuxpressoide_10.3.0_2200/ide/plugins/com.nxp.mcuxpresso.tools.win32_10.3.0.201811011841/tools/bin/../lib/gcc/arm-none-eabi/7.3.1/../../../../arm-none-eabi/lib/thumb/v6-m\libcr_c.a(initio.o)
                0x00003828                . = ALIGN (0x4)
 *fill*         0x00003825        0x3 ff

.glue_7         0x00003828        0x0
 .glue_7        0x00003828        0x0 linker stubs

.glue_7t        0x00003828        0x0
 .glue_7t       0x00003828        0x0 linker stubs

.vfp11_veneer   0x00003828        0x0
 .vfp11_veneer  0x00003828        0x0 linker stubs

.v4_bx          0x00003828        0x0
 .v4_bx         0x00003828        0x0 linker stubs

.iplt           0x00003828        0x0
 .iplt          0x00003828        0x0 ./utilities/fsl_debug_console.o

.rel.dyn        0x00003828        0x0
 .rel.iplt      0x00003828        0x0 ./utilities/fsl_debug_console.o

.ARM.extab
 *(SORT_BY_ALIGNMENT(.ARM.extab*) SORT_BY_ALIGNMENT(.gnu.linkonce.armextab.*))
                0x00003828                __exidx_start = .

.ARM.exidx
 *(SORT_BY_ALIGNMENT(.ARM.exidx*) SORT_BY_ALIGNMENT(.gnu.linkonce.armexidx.*))
                0x00003828                __exidx_end = .
                0x00003828                _etext = .

.mtb_buffer_default
                0x10000000       0x80
 *(SORT_BY_ALIGNMENT(.mtb*))
 .mtb.$RAM1     0x10000000       0x80 ./source/mtb.o
                0x10000000                __mtb_buffer__

.uninit_RESERVED
                0x10000080        0x0
 *(SORT_BY_ALIGNMENT(.bss.$RESERVED*))
                0x10000080                . = ALIGN (0x4)
                0x10000080                _end_uninit_RESERVED = .

.data           0x10000080        0x4 load address 0x00003828
 FILL mask 0xff
                0x10000080                _data = .
 *(SORT_BY_ALIGNMENT(vtable))
 *(SORT_BY_ALIGNMENT(.ramfunc*))
 *(SORT_BY_ALIGNMENT(.data*))
 .data.SystemCoreClock
                0x10000080        0x4 ./CMSIS/system_LPC845.o
                0x10000080                SystemCoreClock
                0x10000084                . = ALIGN (0x4)
                0x10000084                _edata = .

.igot.plt       0x10000084        0x0 load address 0x0000382c
 .igot.plt      0x10000084        0x0 ./utilities/fsl_debug_console.o

.bss            0x10000084      0x120 load address 0x0000382c
                0x10000084                _bss = .
 *(SORT_BY_ALIGNMENT(.bss*))
 .bss.s_debugConsole
                0x10000084       0x10 ./utilities/fsl_debug_console.o
 .bss.g_Ext_Clk_Freq
                0x10000094        0x4 ./drivers/fsl_clock.o
                0x10000094                g_Ext_Clk_Freq
 .bss.g_Wdt_Osc_Freq
                0x10000098        0x4 ./drivers/fsl_clock.o
                0x10000098                g_Wdt_Osc_Freq
 .bss.s_eventCallback
                0x1000009c       0x20 ./drivers/fsl_sctimer.o
 .bss.s_currentEvent
                0x100000bc        0x4 ./drivers/fsl_sctimer.o
 .bss.s_currentState
                0x100000c0        0x4 ./drivers/fsl_sctimer.o
 .bss.s_currentMatch
                0x100000c4        0x4 ./drivers/fsl_sctimer.o
 .bss.s_sctimerIsr
                0x100000c8        0x4 ./drivers/fsl_sctimer.o
 .bss.s_usartHandle
                0x100000cc       0x14 ./drivers/fsl_usart.o
 .bss.s_usartIsr
                0x100000e0        0x4 ./drivers/fsl_usart.o
 .bss.__Ciob    0x100000e4       0xb4 c:/nxp/mcuxpressoide_10.3.0_2200/ide/plugins/com.nxp.mcuxpresso.tools.win32_10.3.0.201811011841/tools/bin/../lib/gcc/arm-none-eabi/7.3.1/../../../../arm-none-eabi/lib/thumb/v6-m\libcr_nohost_nf.a(__ciob.o)
                0x100000e4                __Ciob
 .bss.__end_of_heap
                0x10000198        0x4 c:/nxp/mcuxpressoide_10.3.0_2200/ide/plugins/com.nxp.mcuxpresso.tools.win32_10.3.0.201811011841/tools/bin/../lib/gcc/arm-none-eabi/7.3.1/../../../../arm-none-eabi/lib/thumb/v6-m\libcr_c.a(__init_alloc.o)
                0x10000198                __end_of_heap
 .bss.__heaps   0x1000019c        0x4 c:/nxp/mcuxpressoide_10.3.0_2200/ide/plugins/com.nxp.mcuxpresso.tools.win32_10.3.0.201811011841/tools/bin/../lib/gcc/arm-none-eabi/7.3.1/../../../../arm-none-eabi/lib/thumb/v6-m\libcr_c.a(__init_alloc.o)
                0x1000019c                __heaps
 .bss.errno     0x100001a0        0x4 c:/nxp/mcuxpressoide_10.3.0_2200/ide/plugins/com.nxp.mcuxpresso.tools.win32_10.3.0.201811011841/tools/bin/../lib/gcc/arm-none-eabi/7.3.1/../../../../arm-none-eabi/lib/thumb/v6-m\libcr_c.a(errno.o)
                0x100001a0                errno
 *(SORT_BY_ALIGNMENT(COMMON))
                0x100001a4                . = ALIGN (0x4)
                0x100001a4                _ebss = .
                [!provide]                PROVIDE (end = .)

.noinit         0x100001a4        0x0 load address 0x0000382c
                0x100001a4                _noinit = .
 *(SORT_BY_ALIGNMENT(.noinit*))
                0x100001a4                . = ALIGN (0x4)
                0x100001a4                _end_noinit = .
                0x00000400                _HeapSize = 0x400

.heap           0x100001a4      0x400 load address 0x0000382c
                0x100001a4                _pvHeapStart = .
                0x100005a4                . = (. + _HeapSize)
 *fill*         0x100001a4      0x400 
                0x100005a4                . = ALIGN (0x4)
                0x100005a4                _pvHeapLimit = .
                0x00000400                _StackSize = 0x400

.heap2stackfill
                0x100005a4      0x400 load address 0x0000382c
                0x100009a4                . = (. + _StackSize)
 *fill*         0x100005a4      0x400 

.stack          0x10003c00        0x0
                0x10003c00                _vStackBase = .
                0x10003c00                . = ALIGN (0x4)
                0x10004000                _vStackTop = (. + _StackSize)
                0xefffb7f1                PROVIDE (__valid_user_code_checksum = (0x0 - (((_vStackTop + (ResetISR + 0x1)) + (DEFINED (NMI_Handler)?NMI_Handler:M0_NMI_Handler + 0x1)) + (DEFINED (HardFault_Handler)?HardFault_Handler:M0_HardFault_Handler + 0x1))))
                0x00000000                _image_start = LOADADDR (.text)
                0x0000382c                _image_end = (LOADADDR (.data) + SIZEOF (.data))
                0x0000382c                _image_size = (_image_end - _image_start)
OUTPUT(LPC845_PWM_LED.axf elf32-littlearm)

.debug_info     0x00000000     0x96c1
 .debug_info    0x00000000     0x1014 ./utilities/fsl_debug_console.o
 .debug_info    0x00001014      0x45e ./startup/startup_lpc845.o
 .debug_info    0x00001472       0x4e ./source/mtb.o
 .debug_info    0x000014c0      0xf69 ./source/sctimer_simple_pwm.o
 .debug_info    0x00002429       0x37 ./source/semihost_hardfault.o
 .debug_info    0x00002460      0xf0d ./drivers/fsl_clock.o
 .debug_info    0x0000336d      0x71e ./drivers/fsl_reset.o
 .debug_info    0x00003a8b     0x162e ./drivers/fsl_sctimer.o
 .debug_info    0x000050b9      0x736 ./drivers/fsl_swm.o
 .debug_info    0x000057ef     0x17c0 ./drivers/fsl_usart.o
 .debug_info    0x00006faf      0xb96 ./board/src/board.o
 .debug_info    0x00007b45      0xa0f ./board/src/clock_config.o
 .debug_info    0x00008554      0xae8 ./board/pin_mux.o
 .debug_info    0x0000903c      0x685 ./CMSIS/system_LPC845.o

.debug_abbrev   0x00000000     0x1802
 .debug_abbrev  0x00000000      0x292 ./utilities/fsl_debug_console.o
 .debug_abbrev  0x00000292      0x14e ./startup/startup_lpc845.o
 .debug_abbrev  0x000003e0       0x41 ./source/mtb.o
 .debug_abbrev  0x00000421      0x20a ./source/sctimer_simple_pwm.o
 .debug_abbrev  0x0000062b       0x2c ./source/semihost_hardfault.o
 .debug_abbrev  0x00000657      0x2dd ./drivers/fsl_clock.o
 .debug_abbrev  0x00000934      0x160 ./drivers/fsl_reset.o
 .debug_abbrev  0x00000a94      0x2ef ./drivers/fsl_sctimer.o
 .debug_abbrev  0x00000d83      0x186 ./drivers/fsl_swm.o
 .debug_abbrev  0x00000f09      0x2b5 ./drivers/fsl_usart.o
 .debug_abbrev  0x000011be      0x18d ./board/src/board.o
 .debug_abbrev  0x0000134b      0x1ef ./board/src/clock_config.o
 .debug_abbrev  0x0000153a      0x18f ./board/pin_mux.o
 .debug_abbrev  0x000016c9      0x139 ./CMSIS/system_LPC845.o

.debug_aranges  0x00000000      0x638
 .debug_aranges
                0x00000000       0x70 ./utilities/fsl_debug_console.o
 .debug_aranges
                0x00000070      0x160 ./startup/startup_lpc845.o
 .debug_aranges
                0x000001d0       0x18 ./source/mtb.o
 .debug_aranges
                0x000001e8       0x30 ./source/sctimer_simple_pwm.o
 .debug_aranges
                0x00000218       0x20 ./source/semihost_hardfault.o
 .debug_aranges
                0x00000238       0xd8 ./drivers/fsl_clock.o
 .debug_aranges
                0x00000310       0x30 ./drivers/fsl_reset.o
 .debug_aranges
                0x00000340       0xc8 ./drivers/fsl_sctimer.o
 .debug_aranges
                0x00000408       0x28 ./drivers/fsl_swm.o
 .debug_aranges
                0x00000430      0x118 ./drivers/fsl_usart.o
 .debug_aranges
                0x00000548       0x28 ./board/src/board.o
 .debug_aranges
                0x00000570       0x60 ./board/src/clock_config.o
 .debug_aranges
                0x000005d0       0x38 ./board/pin_mux.o
 .debug_aranges
                0x00000608       0x30 ./CMSIS/system_LPC845.o

.debug_ranges   0x00000000      0x550
 .debug_ranges  0x00000000       0x60 ./utilities/fsl_debug_console.o
 .debug_ranges  0x00000060      0x150 ./startup/startup_lpc845.o
 .debug_ranges  0x000001b0       0x20 ./source/sctimer_simple_pwm.o
 .debug_ranges  0x000001d0       0x10 ./source/semihost_hardfault.o
 .debug_ranges  0x000001e0       0xc8 ./drivers/fsl_clock.o
 .debug_ranges  0x000002a8       0x20 ./drivers/fsl_reset.o
 .debug_ranges  0x000002c8       0xb8 ./drivers/fsl_sctimer.o
 .debug_ranges  0x00000380       0x18 ./drivers/fsl_swm.o
 .debug_ranges  0x00000398      0x108 ./drivers/fsl_usart.o
 .debug_ranges  0x000004a0       0x18 ./board/src/board.o
 .debug_ranges  0x000004b8       0x50 ./board/src/clock_config.o
 .debug_ranges  0x00000508       0x28 ./board/pin_mux.o
 .debug_ranges  0x00000530       0x20 ./CMSIS/system_LPC845.o

.debug_line     0x00000000     0x2576
 .debug_line    0x00000000      0x5a4 ./utilities/fsl_debug_console.o
 .debug_line    0x000005a4      0x127 ./startup/startup_lpc845.o
 .debug_line    0x000006cb       0x30 ./source/mtb.o
 .debug_line    0x000006fb      0x218 ./source/sctimer_simple_pwm.o
 .debug_line    0x00000913       0x54 ./source/semihost_hardfault.o
 .debug_line    0x00000967      0x49b ./drivers/fsl_clock.o
 .debug_line    0x00000e02      0x1dc ./drivers/fsl_reset.o
 .debug_line    0x00000fde      0x4bb ./drivers/fsl_sctimer.o
 .debug_line    0x00001499      0x1f4 ./drivers/fsl_swm.o
 .debug_line    0x0000168d      0x6d1 ./drivers/fsl_usart.o
 .debug_line    0x00001d5e      0x1d3 ./board/src/board.o
 .debug_line    0x00001f31      0x272 ./board/src/clock_config.o
 .debug_line    0x000021a3      0x1eb ./board/pin_mux.o
 .debug_line    0x0000238e      0x1e8 ./CMSIS/system_LPC845.o

.debug_str      0x00000000     0x4cff
 .debug_str     0x00000000     0x1049 ./utilities/fsl_debug_console.o
                               0x10aa (size before relaxing)
 .debug_str     0x00001049      0x3af ./startup/startup_lpc845.o
                                0x4d9 (size before relaxing)
 .debug_str     0x000013f8       0x1f ./source/mtb.o
                                0x148 (size before relaxing)
 .debug_str     0x00001417      0xdc0 ./source/sctimer_simple_pwm.o
                               0x18d8 (size before relaxing)
 .debug_str     0x000021d7       0x1f ./source/semihost_hardfault.o
                                0x148 (size before relaxing)
 .debug_str     0x000021f6      0x6d7 ./drivers/fsl_clock.o
                               0x11d7 (size before relaxing)
 .debug_str     0x000028cd      0x369 ./drivers/fsl_reset.o
                                0x85d (size before relaxing)
 .debug_str     0x00002c36      0x8ac ./drivers/fsl_sctimer.o
                               0x1cc6 (size before relaxing)
 .debug_str     0x000034e2      0xa7b ./drivers/fsl_swm.o
                                0xdba (size before relaxing)
 .debug_str     0x00003f5d      0xa87 ./drivers/fsl_usart.o
                               0x1cbd (size before relaxing)
 .debug_str     0x000049e4       0x37 ./board/src/board.o
                               0x1524 (size before relaxing)
 .debug_str     0x00004a1b      0x227 ./board/src/clock_config.o
                                0xf7a (size before relaxing)
 .debug_str     0x00004c42       0x35 ./board/pin_mux.o
                                0xf9d (size before relaxing)
 .debug_str     0x00004c77       0x88 ./CMSIS/system_LPC845.o
                                0x56b (size before relaxing)

.comment        0x00000000       0x7f
 .comment       0x00000000       0x7f ./utilities/fsl_debug_console.o
                                 0x80 (size before relaxing)
 .comment       0x0000007f       0x80 ./startup/startup_lpc845.o
 .comment       0x0000007f       0x80 ./source/mtb.o
 .comment       0x0000007f       0x80 ./source/sctimer_simple_pwm.o
 .comment       0x0000007f       0x80 ./source/semihost_hardfault.o
 .comment       0x0000007f       0x80 ./drivers/fsl_clock.o
 .comment       0x0000007f       0x80 ./drivers/fsl_reset.o
 .comment       0x0000007f       0x80 ./drivers/fsl_sctimer.o
 .comment       0x0000007f       0x80 ./drivers/fsl_swm.o
 .comment       0x0000007f       0x80 ./drivers/fsl_usart.o
 .comment       0x0000007f       0x80 ./board/src/board.o
 .comment       0x0000007f       0x80 ./board/src/clock_config.o
 .comment       0x0000007f       0x80 ./board/pin_mux.o
 .comment       0x0000007f       0x80 ./CMSIS/system_LPC845.o
 .comment       0x0000007f       0x80 c:/nxp/mcuxpressoide_10.3.0_2200/ide/plugins/com.nxp.mcuxpresso.tools.win32_10.3.0.201811011841/tools/bin/../lib/gcc/arm-none-eabi/7.3.1/../../../../arm-none-eabi/lib/thumb/v6-m\libcr_nohost_nf.a(_cr__main.o)
 .comment       0x0000007f       0x80 c:/nxp/mcuxpressoide_10.3.0_2200/ide/plugins/com.nxp.mcuxpresso.tools.win32_10.3.0.201811011841/tools/bin/../lib/gcc/arm-none-eabi/7.3.1/../../../../arm-none-eabi/lib/thumb/v6-m\libcr_nohost_nf.a(_cr_assert.o)
 .comment       0x0000007f       0x80 c:/nxp/mcuxpressoide_10.3.0_2200/ide/plugins/com.nxp.mcuxpresso.tools.win32_10.3.0.201811011841/tools/bin/../lib/gcc/arm-none-eabi/7.3.1/../../../../arm-none-eabi/lib/thumb/v6-m\libcr_nohost_nf.a(__ciob.o)
 .comment       0x0000007f       0x80 c:/nxp/mcuxpressoide_10.3.0_2200/ide/plugins/com.nxp.mcuxpresso.tools.win32_10.3.0.201811011841/tools/bin/../lib/gcc/arm-none-eabi/7.3.1/../../../../arm-none-eabi/lib/thumb/v6-m\libcr_nohost_nf.a(__sys_appexit.o)
 .comment       0x0000007f       0x80 c:/nxp/mcuxpressoide_10.3.0_2200/ide/plugins/com.nxp.mcuxpresso.tools.win32_10.3.0.201811011841/tools/bin/../lib/gcc/arm-none-eabi/7.3.1/../../../../arm-none-eabi/lib/thumb/v6-m\libcr_c.a(memset.o)
 .comment       0x0000007f       0x80 c:/nxp/mcuxpressoide_10.3.0_2200/ide/plugins/com.nxp.mcuxpresso.tools.win32_10.3.0.201811011841/tools/bin/../lib/gcc/arm-none-eabi/7.3.1/../../../../arm-none-eabi/lib/thumb/v6-m\libcr_c.a(_deferredlazyseek.o)
 .comment       0x0000007f       0x80 c:/nxp/mcuxpressoide_10.3.0_2200/ide/plugins/com.nxp.mcuxpresso.tools.win32_10.3.0.201811011841/tools/bin/../lib/gcc/arm-none-eabi/7.3.1/../../../../arm-none-eabi/lib/thumb/v6-m\libcr_c.a(_fflush.o)
 .comment       0x0000007f       0x80 c:/nxp/mcuxpressoide_10.3.0_2200/ide/plugins/com.nxp.mcuxpresso.tools.win32_10.3.0.201811011841/tools/bin/../lib/gcc/arm-none-eabi/7.3.1/../../../../arm-none-eabi/lib/thumb/v6-m\libcr_c.a(_writebuf.o)
 .comment       0x0000007f       0x80 c:/nxp/mcuxpressoide_10.3.0_2200/ide/plugins/com.nxp.mcuxpresso.tools.win32_10.3.0.201811011841/tools/bin/../lib/gcc/arm-none-eabi/7.3.1/../../../../arm-none-eabi/lib/thumb/v6-m\libcr_c.a(alloc.o)
 .comment       0x0000007f       0x80 c:/nxp/mcuxpressoide_10.3.0_2200/ide/plugins/com.nxp.mcuxpresso.tools.win32_10.3.0.201811011841/tools/bin/../lib/gcc/arm-none-eabi/7.3.1/../../../../arm-none-eabi/lib/thumb/v6-m\libcr_c.a(fputs.o)
 .comment       0x0000007f       0x80 c:/nxp/mcuxpressoide_10.3.0_2200/ide/plugins/com.nxp.mcuxpresso.tools.win32_10.3.0.201811011841/tools/bin/../lib/gcc/arm-none-eabi/7.3.1/../../../../arm-none-eabi/lib/thumb/v6-m\libcr_c.a(fseek.o)
 .comment       0x0000007f       0x80 c:/nxp/mcuxpressoide_10.3.0_2200/ide/plugins/com.nxp.mcuxpresso.tools.win32_10.3.0.201811011841/tools/bin/../lib/gcc/arm-none-eabi/7.3.1/../../../../arm-none-eabi/lib/thumb/v6-m\libcr_c.a(ftell.o)
 .comment       0x0000007f       0x80 c:/nxp/mcuxpressoide_10.3.0_2200/ide/plugins/com.nxp.mcuxpresso.tools.win32_10.3.0.201811011841/tools/bin/../lib/gcc/arm-none-eabi/7.3.1/../../../../arm-none-eabi/lib/thumb/v6-m\libcr_c.a(initio.o)
 .comment       0x0000007f       0x80 c:/nxp/mcuxpressoide_10.3.0_2200/ide/plugins/com.nxp.mcuxpresso.tools.win32_10.3.0.201811011841/tools/bin/../lib/gcc/arm-none-eabi/7.3.1/../../../../arm-none-eabi/lib/thumb/v6-m\libcr_c.a(setvbuf.o)
 .comment       0x0000007f       0x80 c:/nxp/mcuxpressoide_10.3.0_2200/ide/plugins/com.nxp.mcuxpresso.tools.win32_10.3.0.201811011841/tools/bin/../lib/gcc/arm-none-eabi/7.3.1/../../../../arm-none-eabi/lib/thumb/v6-m\libcr_c.a(strlen.o)
 .comment       0x0000007f       0x80 c:/nxp/mcuxpressoide_10.3.0_2200/ide/plugins/com.nxp.mcuxpresso.tools.win32_10.3.0.201811011841/tools/bin/../lib/gcc/arm-none-eabi/7.3.1/../../../../arm-none-eabi/lib/thumb/v6-m\libcr_c.a(__init_alloc.o)
 .comment       0x0000007f       0x80 c:/nxp/mcuxpressoide_10.3.0_2200/ide/plugins/com.nxp.mcuxpresso.tools.win32_10.3.0.201811011841/tools/bin/../lib/gcc/arm-none-eabi/7.3.1/../../../../arm-none-eabi/lib/thumb/v6-m\libcr_c.a(_cr_sbrk.o)
 .comment       0x0000007f       0x80 c:/nxp/mcuxpressoide_10.3.0_2200/ide/plugins/com.nxp.mcuxpresso.tools.win32_10.3.0.201811011841/tools/bin/../lib/gcc/arm-none-eabi/7.3.1/../../../../arm-none-eabi/lib/thumb/v6-m\libcr_c.a(_fdopen.o)
 .comment       0x0000007f       0x80 c:/nxp/mcuxpressoide_10.3.0_2200/ide/plugins/com.nxp.mcuxpresso.tools.win32_10.3.0.201811011841/tools/bin/../lib/gcc/arm-none-eabi/7.3.1/../../../../arm-none-eabi/lib/thumb/v6-m\libcr_c.a(errno.o)
 .comment       0x0000007f       0x80 c:/nxp/mcuxpressoide_10.3.0_2200/ide/plugins/com.nxp.mcuxpresso.tools.win32_10.3.0.201811011841/tools/bin/../lib/gcc/arm-none-eabi/7.3.1/../../../../arm-none-eabi/lib/thumb/v6-m\libcr_c.a(fclose.o)
 .comment       0x0000007f       0x80 c:/nxp/mcuxpressoide_10.3.0_2200/ide/plugins/com.nxp.mcuxpresso.tools.win32_10.3.0.201811011841/tools/bin/../lib/gcc/arm-none-eabi/7.3.1/../../../../arm-none-eabi/lib/thumb/v6-m\libcr_c.a(fflush.o)
 .comment       0x0000007f       0x80 c:/nxp/mcuxpressoide_10.3.0_2200/ide/plugins/com.nxp.mcuxpresso.tools.win32_10.3.0.201811011841/tools/bin/../lib/gcc/arm-none-eabi/7.3.1/../../../../arm-none-eabi/lib/thumb/v6-m\libcr_c.a(remove.o)
 .comment       0x0000007f       0x80 c:/nxp/mcuxpressoide_10.3.0_2200/ide/plugins/com.nxp.mcuxpresso.tools.win32_10.3.0.201811011841/tools/bin/../lib/gcc/arm-none-eabi/7.3.1/../../../../arm-none-eabi/lib/thumb/v6-m\libcr_c.a(_cr_check_heap.o)
 .comment       0x0000007f       0x80 c:/nxp/mcuxpressoide_10.3.0_2200/ide/plugins/com.nxp.mcuxpresso.tools.win32_10.3.0.201811011841/tools/bin/../lib/gcc/arm-none-eabi/7.3.1/../../../../arm-none-eabi/lib/thumb/v6-m\libcr_c.a(_do_fflush.o)
 .comment       0x0000007f       0x80 c:/nxp/mcuxpressoide_10.3.0_2200/ide/plugins/com.nxp.mcuxpresso.tools.win32_10.3.0.201811011841/tools/bin/../lib/gcc/arm-none-eabi/7.3.1/../../../../arm-none-eabi/lib/thumb/v6-m\libcr_nohost_nf.a(__sys_close.o)
 .comment       0x0000007f       0x80 c:/nxp/mcuxpressoide_10.3.0_2200/ide/plugins/com.nxp.mcuxpresso.tools.win32_10.3.0.201811011841/tools/bin/../lib/gcc/arm-none-eabi/7.3.1/../../../../arm-none-eabi/lib/thumb/v6-m\libcr_nohost_nf.a(__sys_flen.o)
 .comment       0x0000007f       0x80 c:/nxp/mcuxpressoide_10.3.0_2200/ide/plugins/com.nxp.mcuxpresso.tools.win32_10.3.0.201811011841/tools/bin/../lib/gcc/arm-none-eabi/7.3.1/../../../../arm-none-eabi/lib/thumb/v6-m\libcr_nohost_nf.a(__sys_istty.o)
 .comment       0x0000007f       0x80 c:/nxp/mcuxpressoide_10.3.0_2200/ide/plugins/com.nxp.mcuxpresso.tools.win32_10.3.0.201811011841/tools/bin/../lib/gcc/arm-none-eabi/7.3.1/../../../../arm-none-eabi/lib/thumb/v6-m\libcr_nohost_nf.a(__sys_remove.o)
 .comment       0x0000007f       0x80 c:/nxp/mcuxpressoide_10.3.0_2200/ide/plugins/com.nxp.mcuxpresso.tools.win32_10.3.0.201811011841/tools/bin/../lib/gcc/arm-none-eabi/7.3.1/../../../../arm-none-eabi/lib/thumb/v6-m\libcr_nohost_nf.a(__sys_seek.o)
 .comment       0x0000007f       0x80 c:/nxp/mcuxpressoide_10.3.0_2200/ide/plugins/com.nxp.mcuxpresso.tools.win32_10.3.0.201811011841/tools/bin/../lib/gcc/arm-none-eabi/7.3.1/../../../../arm-none-eabi/lib/thumb/v6-m\libcr_nohost_nf.a(__sys_tmpnam.o)
 .comment       0x0000007f       0x80 c:/nxp/mcuxpressoide_10.3.0_2200/ide/plugins/com.nxp.mcuxpresso.tools.win32_10.3.0.201811011841/tools/bin/../lib/gcc/arm-none-eabi/7.3.1/../../../../arm-none-eabi/lib/thumb/v6-m\libcr_nohost_nf.a(__sys_write.o)

.ARM.attributes
                0x00000000       0x30
 .ARM.attributes
                0x00000000       0x32 ./utilities/fsl_debug_console.o
 .ARM.attributes
                0x00000032       0x32 ./startup/startup_lpc845.o
 .ARM.attributes
                0x00000064       0x32 ./source/mtb.o
 .ARM.attributes
                0x00000096       0x32 ./source/sctimer_simple_pwm.o
 .ARM.attributes
                0x000000c8       0x32 ./source/semihost_hardfault.o
 .ARM.attributes
                0x000000fa       0x32 ./drivers/fsl_clock.o
 .ARM.attributes
                0x0000012c       0x32 ./drivers/fsl_reset.o
 .ARM.attributes
                0x0000015e       0x32 ./drivers/fsl_sctimer.o
 .ARM.attributes
                0x00000190       0x32 ./drivers/fsl_swm.o
 .ARM.attributes
                0x000001c2       0x32 ./drivers/fsl_usart.o
 .ARM.attributes
                0x000001f4       0x32 ./board/src/board.o
 .ARM.attributes
                0x00000226       0x32 ./board/src/clock_config.o
 .ARM.attributes
                0x00000258       0x32 ./board/pin_mux.o
 .ARM.attributes
                0x0000028a       0x32 ./CMSIS/system_LPC845.o
 .ARM.attributes
                0x000002bc       0x31 c:/nxp/mcuxpressoide_10.3.0_2200/ide/plugins/com.nxp.mcuxpresso.tools.win32_10.3.0.201811011841/tools/bin/../lib/gcc/arm-none-eabi/7.3.1/../../../../arm-none-eabi/lib/thumb/v6-m\libcr_nohost_nf.a(_cr__main.o)
 .ARM.attributes
                0x000002ed       0x31 c:/nxp/mcuxpressoide_10.3.0_2200/ide/plugins/com.nxp.mcuxpresso.tools.win32_10.3.0.201811011841/tools/bin/../lib/gcc/arm-none-eabi/7.3.1/../../../../arm-none-eabi/lib/thumb/v6-m\libcr_nohost_nf.a(_cr_assert.o)
 .ARM.attributes
                0x0000031e       0x31 c:/nxp/mcuxpressoide_10.3.0_2200/ide/plugins/com.nxp.mcuxpresso.tools.win32_10.3.0.201811011841/tools/bin/../lib/gcc/arm-none-eabi/7.3.1/../../../../arm-none-eabi/lib/thumb/v6-m\libcr_nohost_nf.a(__ciob.o)
 .ARM.attributes
                0x0000034f       0x31 c:/nxp/mcuxpressoide_10.3.0_2200/ide/plugins/com.nxp.mcuxpresso.tools.win32_10.3.0.201811011841/tools/bin/../lib/gcc/arm-none-eabi/7.3.1/../../../../arm-none-eabi/lib/thumb/v6-m\libcr_nohost_nf.a(__sys_appexit.o)
 .ARM.attributes
                0x00000380       0x31 c:/nxp/mcuxpressoide_10.3.0_2200/ide/plugins/com.nxp.mcuxpresso.tools.win32_10.3.0.201811011841/tools/bin/../lib/gcc/arm-none-eabi/7.3.1/../../../../arm-none-eabi/lib/thumb/v6-m\libcr_c.a(memset.o)
 .ARM.attributes
                0x000003b1       0x31 c:/nxp/mcuxpressoide_10.3.0_2200/ide/plugins/com.nxp.mcuxpresso.tools.win32_10.3.0.201811011841/tools/bin/../lib/gcc/arm-none-eabi/7.3.1/../../../../arm-none-eabi/lib/thumb/v6-m\libcr_c.a(_deferredlazyseek.o)
 .ARM.attributes
                0x000003e2       0x31 c:/nxp/mcuxpressoide_10.3.0_2200/ide/plugins/com.nxp.mcuxpresso.tools.win32_10.3.0.201811011841/tools/bin/../lib/gcc/arm-none-eabi/7.3.1/../../../../arm-none-eabi/lib/thumb/v6-m\libcr_c.a(_fflush.o)
 .ARM.attributes
                0x00000413       0x31 c:/nxp/mcuxpressoide_10.3.0_2200/ide/plugins/com.nxp.mcuxpresso.tools.win32_10.3.0.201811011841/tools/bin/../lib/gcc/arm-none-eabi/7.3.1/../../../../arm-none-eabi/lib/thumb/v6-m\libcr_c.a(_writebuf.o)
 .ARM.attributes
                0x00000444       0x31 c:/nxp/mcuxpressoide_10.3.0_2200/ide/plugins/com.nxp.mcuxpresso.tools.win32_10.3.0.201811011841/tools/bin/../lib/gcc/arm-none-eabi/7.3.1/../../../../arm-none-eabi/lib/thumb/v6-m\libcr_c.a(alloc.o)
 .ARM.attributes
                0x00000475       0x31 c:/nxp/mcuxpressoide_10.3.0_2200/ide/plugins/com.nxp.mcuxpresso.tools.win32_10.3.0.201811011841/tools/bin/../lib/gcc/arm-none-eabi/7.3.1/../../../../arm-none-eabi/lib/thumb/v6-m\libcr_c.a(fputs.o)
 .ARM.attributes
                0x000004a6       0x31 c:/nxp/mcuxpressoide_10.3.0_2200/ide/plugins/com.nxp.mcuxpresso.tools.win32_10.3.0.201811011841/tools/bin/../lib/gcc/arm-none-eabi/7.3.1/../../../../arm-none-eabi/lib/thumb/v6-m\libcr_c.a(fseek.o)
 .ARM.attributes
                0x000004d7       0x31 c:/nxp/mcuxpressoide_10.3.0_2200/ide/plugins/com.nxp.mcuxpresso.tools.win32_10.3.0.201811011841/tools/bin/../lib/gcc/arm-none-eabi/7.3.1/../../../../arm-none-eabi/lib/thumb/v6-m\libcr_c.a(ftell.o)
 .ARM.attributes
                0x00000508       0x31 c:/nxp/mcuxpressoide_10.3.0_2200/ide/plugins/com.nxp.mcuxpresso.tools.win32_10.3.0.201811011841/tools/bin/../lib/gcc/arm-none-eabi/7.3.1/../../../../arm-none-eabi/lib/thumb/v6-m\libcr_c.a(initio.o)
 .ARM.attributes
                0x00000539       0x31 c:/nxp/mcuxpressoide_10.3.0_2200/ide/plugins/com.nxp.mcuxpresso.tools.win32_10.3.0.201811011841/tools/bin/../lib/gcc/arm-none-eabi/7.3.1/../../../../arm-none-eabi/lib/thumb/v6-m\libcr_c.a(setvbuf.o)
 .ARM.attributes
                0x0000056a       0x31 c:/nxp/mcuxpressoide_10.3.0_2200/ide/plugins/com.nxp.mcuxpresso.tools.win32_10.3.0.201811011841/tools/bin/../lib/gcc/arm-none-eabi/7.3.1/../../../../arm-none-eabi/lib/thumb/v6-m\libcr_c.a(strlen.o)
 .ARM.attributes
                0x0000059b       0x31 c:/nxp/mcuxpressoide_10.3.0_2200/ide/plugins/com.nxp.mcuxpresso.tools.win32_10.3.0.201811011841/tools/bin/../lib/gcc/arm-none-eabi/7.3.1/../../../../arm-none-eabi/lib/thumb/v6-m\libcr_c.a(__init_alloc.o)
 .ARM.attributes
                0x000005cc       0x31 c:/nxp/mcuxpressoide_10.3.0_2200/ide/plugins/com.nxp.mcuxpresso.tools.win32_10.3.0.201811011841/tools/bin/../lib/gcc/arm-none-eabi/7.3.1/../../../../arm-none-eabi/lib/thumb/v6-m\libcr_c.a(_cr_sbrk.o)
 .ARM.attributes
                0x000005fd       0x31 c:/nxp/mcuxpressoide_10.3.0_2200/ide/plugins/com.nxp.mcuxpresso.tools.win32_10.3.0.201811011841/tools/bin/../lib/gcc/arm-none-eabi/7.3.1/../../../../arm-none-eabi/lib/thumb/v6-m\libcr_c.a(_fdopen.o)
 .ARM.attributes
                0x0000062e       0x31 c:/nxp/mcuxpressoide_10.3.0_2200/ide/plugins/com.nxp.mcuxpresso.tools.win32_10.3.0.201811011841/tools/bin/../lib/gcc/arm-none-eabi/7.3.1/../../../../arm-none-eabi/lib/thumb/v6-m\libcr_c.a(errno.o)
 .ARM.attributes
                0x0000065f       0x31 c:/nxp/mcuxpressoide_10.3.0_2200/ide/plugins/com.nxp.mcuxpresso.tools.win32_10.3.0.201811011841/tools/bin/../lib/gcc/arm-none-eabi/7.3.1/../../../../arm-none-eabi/lib/thumb/v6-m\libcr_c.a(fclose.o)
 .ARM.attributes
                0x00000690       0x31 c:/nxp/mcuxpressoide_10.3.0_2200/ide/plugins/com.nxp.mcuxpresso.tools.win32_10.3.0.201811011841/tools/bin/../lib/gcc/arm-none-eabi/7.3.1/../../../../arm-none-eabi/lib/thumb/v6-m\libcr_c.a(fflush.o)
 .ARM.attributes
                0x000006c1       0x31 c:/nxp/mcuxpressoide_10.3.0_2200/ide/plugins/com.nxp.mcuxpresso.tools.win32_10.3.0.201811011841/tools/bin/../lib/gcc/arm-none-eabi/7.3.1/../../../../arm-none-eabi/lib/thumb/v6-m\libcr_c.a(remove.o)
 .ARM.attributes
                0x000006f2       0x31 c:/nxp/mcuxpressoide_10.3.0_2200/ide/plugins/com.nxp.mcuxpresso.tools.win32_10.3.0.201811011841/tools/bin/../lib/gcc/arm-none-eabi/7.3.1/../../../../arm-none-eabi/lib/thumb/v6-m\libcr_c.a(_cr_check_heap.o)
 .ARM.attributes
                0x00000723       0x31 c:/nxp/mcuxpressoide_10.3.0_2200/ide/plugins/com.nxp.mcuxpresso.tools.win32_10.3.0.201811011841/tools/bin/../lib/gcc/arm-none-eabi/7.3.1/../../../../arm-none-eabi/lib/thumb/v6-m\libcr_c.a(_do_fflush.o)
 .ARM.attributes
                0x00000754       0x21 c:/nxp/mcuxpressoide_10.3.0_2200/ide/plugins/com.nxp.mcuxpresso.tools.win32_10.3.0.201811011841/tools/bin/../lib/gcc/arm-none-eabi/7.3.1/thumb/v6-m\libcr_eabihelpers.a(division_32.o)
 .ARM.attributes
                0x00000775       0x21 c:/nxp/mcuxpressoide_10.3.0_2200/ide/plugins/com.nxp.mcuxpresso.tools.win32_10.3.0.201811011841/tools/bin/../lib/gcc/arm-none-eabi/7.3.1/thumb/v6-m\libcr_eabihelpers.a(division_idiv0.o)
 .ARM.attributes
                0x00000796       0x21 c:/nxp/mcuxpressoide_10.3.0_2200/ide/plugins/com.nxp.mcuxpresso.tools.win32_10.3.0.201811011841/tools/bin/../lib/gcc/arm-none-eabi/7.3.1/thumb/v6-m\libcr_eabihelpers.a(memcpy.o)
 .ARM.attributes
                0x000007b7       0x31 c:/nxp/mcuxpressoide_10.3.0_2200/ide/plugins/com.nxp.mcuxpresso.tools.win32_10.3.0.201811011841/tools/bin/../lib/gcc/arm-none-eabi/7.3.1/../../../../arm-none-eabi/lib/thumb/v6-m\libcr_nohost_nf.a(__sys_close.o)
 .ARM.attributes
                0x000007e8       0x31 c:/nxp/mcuxpressoide_10.3.0_2200/ide/plugins/com.nxp.mcuxpresso.tools.win32_10.3.0.201811011841/tools/bin/../lib/gcc/arm-none-eabi/7.3.1/../../../../arm-none-eabi/lib/thumb/v6-m\libcr_nohost_nf.a(__sys_flen.o)
 .ARM.attributes
                0x00000819       0x31 c:/nxp/mcuxpressoide_10.3.0_2200/ide/plugins/com.nxp.mcuxpresso.tools.win32_10.3.0.201811011841/tools/bin/../lib/gcc/arm-none-eabi/7.3.1/../../../../arm-none-eabi/lib/thumb/v6-m\libcr_nohost_nf.a(__sys_istty.o)
 .ARM.attributes
                0x0000084a       0x31 c:/nxp/mcuxpressoide_10.3.0_2200/ide/plugins/com.nxp.mcuxpresso.tools.win32_10.3.0.201811011841/tools/bin/../lib/gcc/arm-none-eabi/7.3.1/../../../../arm-none-eabi/lib/thumb/v6-m\libcr_nohost_nf.a(__sys_remove.o)
 .ARM.attributes
                0x0000087b       0x31 c:/nxp/mcuxpressoide_10.3.0_2200/ide/plugins/com.nxp.mcuxpresso.tools.win32_10.3.0.201811011841/tools/bin/../lib/gcc/arm-none-eabi/7.3.1/../../../../arm-none-eabi/lib/thumb/v6-m\libcr_nohost_nf.a(__sys_seek.o)
 .ARM.attributes
                0x000008ac       0x31 c:/nxp/mcuxpressoide_10.3.0_2200/ide/plugins/com.nxp.mcuxpresso.tools.win32_10.3.0.201811011841/tools/bin/../lib/gcc/arm-none-eabi/7.3.1/../../../../arm-none-eabi/lib/thumb/v6-m\libcr_nohost_nf.a(__sys_tmpnam.o)
 .ARM.attributes
                0x000008dd       0x31 c:/nxp/mcuxpressoide_10.3.0_2200/ide/plugins/com.nxp.mcuxpresso.tools.win32_10.3.0.201811011841/tools/bin/../lib/gcc/arm-none-eabi/7.3.1/../../../../arm-none-eabi/lib/thumb/v6-m\libcr_nohost_nf.a(__sys_write.o)

.debug_frame    0x00000000     0x1298
 .debug_frame   0x00000000      0x170 ./utilities/fsl_debug_console.o
 .debug_frame   0x00000170      0x3b0 ./startup/startup_lpc845.o
 .debug_frame   0x00000520       0x74 ./source/sctimer_simple_pwm.o
 .debug_frame   0x00000594       0x20 ./source/semihost_hardfault.o
 .debug_frame   0x000005b4      0x2fc ./drivers/fsl_clock.o
 .debug_frame   0x000008b0       0x70 ./drivers/fsl_reset.o
 .debug_frame   0x00000920      0x2cc ./drivers/fsl_sctimer.o
 .debug_frame   0x00000bec       0x50 ./drivers/fsl_swm.o
 .debug_frame   0x00000c3c      0x3fc ./drivers/fsl_usart.o
 .debug_frame   0x00001038       0x50 ./board/src/board.o
 .debug_frame   0x00001088      0x120 ./board/src/clock_config.o
 .debug_frame   0x000011a8       0x88 ./board/pin_mux.o
 .debug_frame   0x00001230       0x68 ./CMSIS/system_LPC845.o
