startup_lpc845.c:275:6:data_init	8	static
startup_lpc845.c:284:6:bss_init	0	static
startup_lpc845.c:309:6:ResetISR	8	static
startup_lpc845.c:400:14:NMI_Handler	0	static
startup_lpc845.c:404:14:HardFault_Handler	0	static
startup_lpc845.c:408:14:SVC_Handler	0	static
startup_lpc845.c:412:14:PendSV_Handler	0	static
startup_lpc845.c:416:14:SysTick_Handler	0	static
startup_lpc845.c:424:14:IntDefaultHandler	0	static
startup_lpc845.c:434:14:SPI0_IRQHandler	8	static
startup_lpc845.c:438:14:SPI1_IRQHandler	8	static
startup_lpc845.c:442:14:DAC0_IRQHandler	8	static
startup_lpc845.c:446:14:USART0_IRQHandler	8	static
startup_lpc845.c:450:14:USART1_IRQHandler	8	static
startup_lpc845.c:454:14:USART2_IRQHandler	8	static
startup_lpc845.c:458:14:Reserved22_IRQHandler	8	static
startup_lpc845.c:462:14:I2C1_IRQHandler	8	static
startup_lpc845.c:466:14:I2C0_IRQHandler	8	static
startup_lpc845.c:470:14:SCT0_IRQHandler	8	static
startup_lpc845.c:474:14:MRT0_IRQHandler	8	static
startup_lpc845.c:478:14:CMP_CAPT_IRQHandler	8	static
startup_lpc845.c:482:14:WDT_IRQHandler	8	static
startup_lpc845.c:486:14:BOD_IRQHandler	8	static
startup_lpc845.c:490:14:FLASH_IRQHandler	8	static
startup_lpc845.c:494:14:WKT_IRQHandler	8	static
startup_lpc845.c:498:14:ADC0_SEQA_IRQHandler	8	static
startup_lpc845.c:502:14:ADC0_SEQB_IRQHandler	8	static
startup_lpc845.c:506:14:ADC0_THCMP_IRQHandler	8	static
startup_lpc845.c:510:14:ADC0_OVR_IRQHandler	8	static
startup_lpc845.c:514:14:DMA0_IRQHandler	8	static
startup_lpc845.c:518:14:I2C2_IRQHandler	8	static
startup_lpc845.c:522:14:I2C3_IRQHandler	8	static
startup_lpc845.c:526:14:CTIMER0_IRQHandler	8	static
startup_lpc845.c:530:14:PIN_INT0_IRQHandler	8	static
startup_lpc845.c:534:14:PIN_INT1_IRQHandler	8	static
startup_lpc845.c:538:14:PIN_INT2_IRQHandler	8	static
startup_lpc845.c:542:14:PIN_INT3_IRQHandler	8	static
startup_lpc845.c:546:14:PIN_INT4_IRQHandler	8	static
startup_lpc845.c:550:14:PIN_INT5_DAC1_IRQHandler	8	static
startup_lpc845.c:554:14:PIN_INT6_USART3_IRQHandler	8	static
startup_lpc845.c:558:14:PIN_INT7_USART4_IRQHandler	8	static
