Archive member included to satisfy reference by file (symbol)

c:/nxp/mcuxpressoide_10.3.0_2200/ide/plugins/com.nxp.mcuxpresso.tools.win32_10.3.0.201811011841/tools/bin/../lib/gcc/arm-none-eabi/7.3.1/../../../../arm-none-eabi/lib/thumb/v6-m\libcr_nohost_nf.a(_cr__main.o)
                              ./startup/startup_lpc845.o (__main)
c:/nxp/mcuxpressoide_10.3.0_2200/ide/plugins/com.nxp.mcuxpresso.tools.win32_10.3.0.201811011841/tools/bin/../lib/gcc/arm-none-eabi/7.3.1/../../../../arm-none-eabi/lib/thumb/v6-m\libcr_nohost_nf.a(_cr_assert.o)
                              ./drivers/fsl_clock.o (__assertion_failed)
c:/nxp/mcuxpressoide_10.3.0_2200/ide/plugins/com.nxp.mcuxpresso.tools.win32_10.3.0.201811011841/tools/bin/../lib/gcc/arm-none-eabi/7.3.1/../../../../arm-none-eabi/lib/thumb/v6-m\libcr_nohost_nf.a(__ciob.o)
                              c:/nxp/mcuxpressoide_10.3.0_2200/ide/plugins/com.nxp.mcuxpresso.tools.win32_10.3.0.201811011841/tools/bin/../lib/gcc/arm-none-eabi/7.3.1/../../../../arm-none-eabi/lib/thumb/v6-m\libcr_nohost_nf.a(_cr_assert.o) (__Ciob)
c:/nxp/mcuxpressoide_10.3.0_2200/ide/plugins/com.nxp.mcuxpresso.tools.win32_10.3.0.201811011841/tools/bin/../lib/gcc/arm-none-eabi/7.3.1/../../../../arm-none-eabi/lib/thumb/v6-m\libcr_nohost_nf.a(__sys_appexit.o)
                              c:/nxp/mcuxpressoide_10.3.0_2200/ide/plugins/com.nxp.mcuxpresso.tools.win32_10.3.0.201811011841/tools/bin/../lib/gcc/arm-none-eabi/7.3.1/../../../../arm-none-eabi/lib/thumb/v6-m\libcr_nohost_nf.a(_cr_assert.o) (__sys_appexit)
c:/nxp/mcuxpressoide_10.3.0_2200/ide/plugins/com.nxp.mcuxpresso.tools.win32_10.3.0.201811011841/tools/bin/../lib/gcc/arm-none-eabi/7.3.1/../../../../arm-none-eabi/lib/thumb/v6-m\libcr_c.a(memcpy.o)
                              ./drivers/fsl_i2c.o (memcpy)
c:/nxp/mcuxpressoide_10.3.0_2200/ide/plugins/com.nxp.mcuxpresso.tools.win32_10.3.0.201811011841/tools/bin/../lib/gcc/arm-none-eabi/7.3.1/../../../../arm-none-eabi/lib/thumb/v6-m\libcr_c.a(memset.o)
                              ./drivers/fsl_i2c.o (memset)
c:/nxp/mcuxpressoide_10.3.0_2200/ide/plugins/com.nxp.mcuxpresso.tools.win32_10.3.0.201811011841/tools/bin/../lib/gcc/arm-none-eabi/7.3.1/../../../../arm-none-eabi/lib/thumb/v6-m\libcr_c.a(_deferredlazyseek.o)
                              c:/nxp/mcuxpressoide_10.3.0_2200/ide/plugins/com.nxp.mcuxpresso.tools.win32_10.3.0.201811011841/tools/bin/../lib/gcc/arm-none-eabi/7.3.1/../../../../arm-none-eabi/lib/thumb/v6-m\libcr_nohost_nf.a(_cr_assert.o) (__flsbuf)
c:/nxp/mcuxpressoide_10.3.0_2200/ide/plugins/com.nxp.mcuxpresso.tools.win32_10.3.0.201811011841/tools/bin/../lib/gcc/arm-none-eabi/7.3.1/../../../../arm-none-eabi/lib/thumb/v6-m\libcr_c.a(_fflush.o)
                              c:/nxp/mcuxpressoide_10.3.0_2200/ide/plugins/com.nxp.mcuxpresso.tools.win32_10.3.0.201811011841/tools/bin/../lib/gcc/arm-none-eabi/7.3.1/../../../../arm-none-eabi/lib/thumb/v6-m\libcr_c.a(_deferredlazyseek.o) (_fflush)
c:/nxp/mcuxpressoide_10.3.0_2200/ide/plugins/com.nxp.mcuxpresso.tools.win32_10.3.0.201811011841/tools/bin/../lib/gcc/arm-none-eabi/7.3.1/../../../../arm-none-eabi/lib/thumb/v6-m\libcr_c.a(_writebuf.o)
                              c:/nxp/mcuxpressoide_10.3.0_2200/ide/plugins/com.nxp.mcuxpresso.tools.win32_10.3.0.201811011841/tools/bin/../lib/gcc/arm-none-eabi/7.3.1/../../../../arm-none-eabi/lib/thumb/v6-m\libcr_c.a(_deferredlazyseek.o) (_Cwritebuf)
c:/nxp/mcuxpressoide_10.3.0_2200/ide/plugins/com.nxp.mcuxpresso.tools.win32_10.3.0.201811011841/tools/bin/../lib/gcc/arm-none-eabi/7.3.1/../../../../arm-none-eabi/lib/thumb/v6-m\libcr_c.a(alloc.o)
                              ./drivers/fsl_common.o (malloc)
c:/nxp/mcuxpressoide_10.3.0_2200/ide/plugins/com.nxp.mcuxpresso.tools.win32_10.3.0.201811011841/tools/bin/../lib/gcc/arm-none-eabi/7.3.1/../../../../arm-none-eabi/lib/thumb/v6-m\libcr_c.a(floor.o)
                              ./source/lpc845_accel_i2c.o (floor)
c:/nxp/mcuxpressoide_10.3.0_2200/ide/plugins/com.nxp.mcuxpresso.tools.win32_10.3.0.201811011841/tools/bin/../lib/gcc/arm-none-eabi/7.3.1/../../../../arm-none-eabi/lib/thumb/v6-m\libcr_c.a(fputs.o)
                              c:/nxp/mcuxpressoide_10.3.0_2200/ide/plugins/com.nxp.mcuxpresso.tools.win32_10.3.0.201811011841/tools/bin/../lib/gcc/arm-none-eabi/7.3.1/../../../../arm-none-eabi/lib/thumb/v6-m\libcr_nohost_nf.a(_cr_assert.o) (fputs)
c:/nxp/mcuxpressoide_10.3.0_2200/ide/plugins/com.nxp.mcuxpresso.tools.win32_10.3.0.201811011841/tools/bin/../lib/gcc/arm-none-eabi/7.3.1/../../../../arm-none-eabi/lib/thumb/v6-m\libcr_c.a(fseek.o)
                              c:/nxp/mcuxpressoide_10.3.0_2200/ide/plugins/com.nxp.mcuxpresso.tools.win32_10.3.0.201811011841/tools/bin/../lib/gcc/arm-none-eabi/7.3.1/../../../../arm-none-eabi/lib/thumb/v6-m\libcr_c.a(_deferredlazyseek.o) (fseek)
[...]
Memory Configuration

Name             Origin             Length             Attributes
PROGRAM_FLASH    0x00000000         0x00010000         xr
SRAM             0x10000000         0x00004000         xrw
*default*        0x00000000         0xffffffff

Linker script and memory map

LOAD ./utilities/fsl_assert.o
LOAD ./utilities/fsl_debug_console.o
LOAD ./startup/aeabi_romdiv_patch.o
LOAD ./startup/startup_lpc845.o
LOAD ./source/lpc845_accel_i2c.o
LOAD ./source/mtb.o
LOAD ./source/semihost_hardfault.o
LOAD ./drivers/fsl_clock.o
LOAD ./drivers/fsl_common.o
LOAD ./drivers/fsl_gpio.o
LOAD ./drivers/fsl_i2c.o
LOAD ./drivers/fsl_mma.o
LOAD ./drivers/fsl_power.o
LOAD ./drivers/fsl_reset.o
LOAD ./drivers/fsl_swm.o
LOAD ./drivers/fsl_syscon.o
LOAD ./drivers/fsl_usart.o
LOAD ./board/src/board.o
LOAD ./board/src/clock_config.o
LOAD ./board/peripherals.o
LOAD ./board/pin_mux.o
LOAD ./CMSIS/system_LPC845.o
START GROUP
LOAD c:/nxp/mcuxpressoide_10.3.0_2200/ide/plugins/com.nxp.mcuxpresso.tools.win32_10.3.0.201811011841/tools/bin/../lib/gcc/arm-none-eabi/7.3.1/../../../../arm-none-eabi/lib/thumb/v6-m\libcr_nohost_nf.a
LOAD c:/nxp/mcuxpressoide_10.3.0_2200/ide/plugins/com.nxp.mcuxpresso.tools.win32_10.3.0.201811011841/tools/bin/../lib/gcc/arm-none-eabi/7.3.1/../../../../arm-none-eabi/lib/thumb/v6-m\libcr_c.a
LOAD c:/nxp/mcuxpressoide_10.3.0_2200/ide/plugins/com.nxp.mcuxpresso.tools.win32_10.3.0.201811011841/tools/bin/../lib/gcc/arm-none-eabi/7.3.1/thumb/v6-m\libcr_eabihelpers.a
END GROUP
                0x00000000                __base_PROGRAM_FLASH = 0x0
                0x00000000                __base_Flash = 0x0
                0x00010000                __top_PROGRAM_FLASH = 0x10000
                0x00010000                __top_Flash = 0x10000
                0x10000000                __base_SRAM = 0x10000000
                0x10000000                __base_RAM = 0x10000000
                0x10004000                __top_SRAM = 0x10004000
                0x10004000                __top_RAM = 0x10004000

.text           0x00000000     0x497c
 FILL mask 0xff
                0x00000000                __vectors_start__ = ABSOLUTE (.)
 *(SORT_BY_ALIGNMENT(.isr_vector))
 .isr_vector    0x00000000       0xc0 ./startup/startup_lpc845.o
                0x00000000                g_pfnVectors
                0x00000000                __Vectors
                0x000000c0                . = ALIGN (0x4)
                0x000000c0                __section_table_start = .
                0x000000c0                __data_section_table = .
                0x000000c0        0x4 LONG 0x497c LOADADDR (.data)
                0x000000c4        0x4 LONG 0x10000080 ADDR (.data)
                0x000000c8        0x4 LONG 0xc SIZEOF (.data)
                0x000000cc                __data_section_table_end = .
                0x000000cc                __bss_section_table = .
                0x000000cc        0x4 LONG 0x1000008c ADDR (.bss)
                0x000000d0        0x4 LONG 0x184 SIZEOF (.bss)
                0x000000d4                __bss_section_table_end = .
                0x000000d4                __section_table_end = .
 *(SORT_BY_ALIGNMENT(.after_vectors*))
 .after_vectors.reset
                0x000000d4       0x4c ./startup/startup_lpc845.o
                0x000000d4                ResetISR
 .after_vectors.init_data
                0x00000120       0x16 ./startup/startup_lpc845.o
                0x00000120                data_init
 .after_vectors.init_bss
                0x00000136       0x12 ./startup/startup_lpc845.o
                0x00000136                bss_init
 .after_vectors
                0x00000148      0x10c ./startup/startup_lpc845.o
                0x00000148                NMI_Handler
                0x0000014c                SVC_Handler
                0x0000014e                PendSV_Handler
                0x00000150                SysTick_Handler
                0x00000152                PIN_INT1_DriverIRQHandler
                0x00000152                WDT_DriverIRQHandler
                0x00000152                DMA0_DriverIRQHandler
                0x00000152                SCT0_DriverIRQHandler
                0x00000152                SPI1_DriverIRQHandler
                0x00000152                ADC0_OVR_DriverIRQHandler
                0x00000152                BOD_DriverIRQHandler
                0x00000152                I2C3_DriverIRQHandler
                0x00000152                CTIMER0_DriverIRQHandler
                0x00000152                PIN_INT3_DriverIRQHandler
                0x00000152                PIN_INT5_DAC1_DriverIRQHandler
                0x00000152                PIN_INT2_DriverIRQHandler
                0x00000152                ADC0_SEQB_DriverIRQHandler
                0x00000152                PIN_INT0_DriverIRQHandler
                0x00000152                FLASH_DriverIRQHandler
                0x00000152                ADC0_THCMP_DriverIRQHandler
                0x00000152                IntDefaultHandler
                0x00000152                SPI0_DriverIRQHandler
                0x00000152                WKT_DriverIRQHandler
                0x00000152                DAC0_DriverIRQHandler
                0x00000152                MRT0_DriverIRQHandler
                0x00000152                PIN_INT4_DriverIRQHandler
                0x00000152                ADC0_SEQA_DriverIRQHandler
                0x00000152                CMP_CAPT_DriverIRQHandler
                0x00000152                Reserved22_DriverIRQHandler
                0x00000154                SPI0_IRQHandler
                0x0000015c                SPI1_IRQHandler
                0x00000164                DAC0_IRQHandler
                0x0000016c                USART0_IRQHandler
                0x00000174                USART1_IRQHandler
                0x0000017c                USART2_IRQHandler
                0x00000184                Reserved22_IRQHandler
                0x0000018c                I2C1_IRQHandler
                0x00000194                I2C0_IRQHandler
                0x0000019c                SCT0_IRQHandler
                0x000001a4                MRT0_IRQHandler
                0x000001ac                CMP_CAPT_IRQHandler
                0x000001b4                WDT_IRQHandler
                0x000001bc                BOD_IRQHandler
                0x000001c4                FLASH_IRQHandler
                0x000001cc                WKT_IRQHandler
                0x000001d4                ADC0_SEQA_IRQHandler
                0x000001dc                ADC0_SEQB_IRQHandler
                0x000001e4                ADC0_THCMP_IRQHandler
                0x000001ec                ADC0_OVR_IRQHandler
                0x000001f4                DMA0_IRQHandler
                0x000001fc                I2C2_IRQHandler
                0x00000204                I2C3_IRQHandler
                0x0000020c                CTIMER0_IRQHandler
                0x00000214                PIN_INT0_IRQHandler
                0x0000021c                PIN_INT1_IRQHandler
                0x00000224                PIN_INT2_IRQHandler
                0x0000022c                PIN_INT3_IRQHandler
                0x00000234                PIN_INT4_IRQHandler
                0x0000023c                PIN_INT5_DAC1_IRQHandler
                0x00000244                PIN_INT6_USART3_IRQHandler
                0x0000024c                PIN_INT7_USART4_IRQHandler
                0x000002fc                . = 0x2fc
 *fill*         0x00000254       0xa8 ff
                0x000002fc                PROVIDE (__CRP_WORD_START__ = .)
 *(SORT_BY_ALIGNMENT(.crp))
 .crp           0x000002fc        0x4 ./startup/startup_lpc845.o
                0x000002fc                CRP_WORD
                0x00000300                PROVIDE (__CRP_WORD_END__ = .)
                0x00000001                ASSERT (! ((__CRP_WORD_START__ == __CRP_WORD_END__)), Linker CRP Enabled, but no CRP_WORD provided within application)
 *(SORT_BY_ALIGNMENT(.text*))
 .text.DbgConsole_Init
                0x00000300       0x7c ./utilities/fsl_debug_console.o
                0x00000300                DbgConsole_Init
 .text.DbgConsole_Printf
                0x0000037c       0x44 ./utilities/fsl_debug_console.o
                0x0000037c                DbgConsole_Printf
 .text.DbgConsole_Putchar
                0x000003c0       0x34 ./utilities/fsl_debug_console.o
                0x000003c0                DbgConsole_Putchar
 .text.i2c_master_callback
                0x000003f4       0x28 ./source/lpc845_accel_i2c.o
                0x000003f4                i2c_master_callback
 .text.init_i2c_master
                0x0000041c       0x6c ./source/lpc845_accel_i2c.o
                0x0000041c                init_i2c_master
 .text.init_accel
                0x00000488       0x50 ./source/lpc845_accel_i2c.o
                0x00000488                init_accel
 .text.accel_read_value
                0x000004d8       0x34 ./source/lpc845_accel_i2c.o
                0x000004d8                accel_read_value
 .text.main     0x0000050c      0x2fc ./source/lpc845_accel_i2c.o
                0x0000050c                main
 .text.HardFault_Handler
                0x00000808       0x30 ./source/semihost_hardfault.o
                0x00000808                HardFault_Handler
 .text.CLOCK_GetSystemPLLFreq
                0x00000838       0x20 ./drivers/fsl_clock.o
 .text.CLOCK_GetWdtOscFreq
                0x00000858       0x14 ./drivers/fsl_clock.o
 .text.CLOCK_GetExtClkFreq
                0x0000086c       0x14 ./drivers/fsl_clock.o
 .text.CLOCK_SetFRGClkFreq
                0x00000880       0x8c ./drivers/fsl_clock.o
 .text.CLOCK_UpdateClkSrc
                0x0000090c       0x4c ./drivers/fsl_clock.o
 .text.CLOCK_SetFRG0ClkFreq
                0x00000958       0x24 ./drivers/fsl_clock.o
                0x00000958                CLOCK_SetFRG0ClkFreq
 .text.CLOCK_SetFRG1ClkFreq
                0x0000097c       0x24 ./drivers/fsl_clock.o
                0x0000097c                CLOCK_SetFRG1ClkFreq
 .text.CLOCK_GetMainClkFreq
                0x000009a0       0x6c ./drivers/fsl_clock.o
                0x000009a0                CLOCK_GetMainClkFreq
 .text.CLOCK_GetFroFreq
                0x00000a0c       0x78 ./drivers/fsl_clock.o
                0x00000a0c                CLOCK_GetFroFreq
 .text.CLOCK_GetSystemPLLInClockRate
                0x00000a84       0x58 ./drivers/fsl_clock.o
                0x00000a84                CLOCK_GetSystemPLLInClockRate
 .text.findSyestemPllPsel
                0x00000adc       0x50 ./drivers/fsl_clock.o
 .text.CLOCK_InitSystemPll
                0x00000b2c      0x100 ./drivers/fsl_clock.o
                0x00000b2c                CLOCK_InitSystemPll
 .text.CLOCK_SetMainClkSrc
                0x00000c2c       0x9c ./drivers/fsl_clock.o
                0x00000c2c                CLOCK_SetMainClkSrc
 .text.CLOCK_SetFroOutClkSrc
                0x00000cc8       0x48 ./drivers/fsl_clock.o
                0x00000cc8                CLOCK_SetFroOutClkSrc
 .text.CLOCK_EnableClock
                0x00000d10       0x54 ./drivers/fsl_gpio.o
 .text.GPIO_PortInit
                0x00000d64       0x38 ./drivers/fsl_gpio.o
                0x00000d64                GPIO_PortInit
 .text.__NVIC_EnableIRQ
                0x00000d9c       0x34 ./drivers/fsl_i2c.o
 .text.CLOCK_EnableClock
                0x00000dd0       0x54 ./drivers/fsl_i2c.o
 .text.I2C_GetInstance
                0x00000e24       0x4c ./drivers/fsl_i2c.o
                0x00000e24                I2C_GetInstance
 .text.I2C_MasterGetDefaultConfig
                0x00000e70       0x28 ./drivers/fsl_i2c.o
                0x00000e70                I2C_MasterGetDefaultConfig
 .text.I2C_MasterInit
                0x00000e98       0x4c ./drivers/fsl_i2c.o
                0x00000e98                I2C_MasterInit
 .text.I2C_MasterSetBaudRate
                0x00000ee4       0xb0 ./drivers/fsl_i2c.o
                0x00000ee4                I2C_MasterSetBaudRate
 .text.I2C_MasterStart
                0x00000f94       0x58 ./drivers/fsl_i2c.o
                0x00000f94                I2C_MasterStart
 .text.I2C_MasterStop
                0x00000fec       0x34 ./drivers/fsl_i2c.o
                0x00000fec                I2C_MasterStop
 .text.I2C_MasterWriteBlocking
                0x00001020      0x108 ./drivers/fsl_i2c.o
                0x00001020                I2C_MasterWriteBlocking
 .text.I2C_MasterReadBlocking
                0x00001128       0xf0 ./drivers/fsl_i2c.o
                0x00001128                I2C_MasterReadBlocking
 .text.I2C_MasterTransferBlocking
                0x00001218      0x164 ./drivers/fsl_i2c.o
                0x00001218                I2C_MasterTransferBlocking
 .text.I2C_MasterTransferCreateHandle
                0x0000137c       0x88 ./drivers/fsl_i2c.o
                0x0000137c                I2C_MasterTransferCreateHandle
 .text.I2C_RunTransferStateMachine
                0x00001404      0x254 ./drivers/fsl_i2c.o
 .text.I2C_MasterTransferHandleIRQ
                0x00001658       0x70 ./drivers/fsl_i2c.o
                0x00001658                I2C_MasterTransferHandleIRQ
 .text.I2C_TransferCommonIRQHandler
                0x000016c8       0x40 ./drivers/fsl_i2c.o
 .text.I2C0_DriverIRQHandler
                0x00001708       0x20 ./drivers/fsl_i2c.o
                0x00001708                I2C0_DriverIRQHandler
 .text.I2C1_DriverIRQHandler
                0x00001728       0x20 ./drivers/fsl_i2c.o
                0x00001728                I2C1_DriverIRQHandler
 .text.I2C2_DriverIRQHandler
                0x00001748       0x20 ./drivers/fsl_i2c.o
                0x00001748                I2C2_DriverIRQHandler
 .text.RESET_SetPeripheralReset
                0x00001768       0x70 ./drivers/fsl_reset.o
                0x00001768                RESET_SetPeripheralReset
 .text.RESET_ClearPeripheralReset
                0x000017d8       0x6c ./drivers/fsl_reset.o
                0x000017d8                RESET_ClearPeripheralReset
 .text.SWM_SetMovablePinSelect
                0x00001844       0x9c ./drivers/fsl_swm.o
                0x00001844                SWM_SetMovablePinSelect
 .text.SWM_SetFixedPinSelect
                0x000018e0       0xbc ./drivers/fsl_swm.o
                0x000018e0                SWM_SetFixedPinSelect
 .text.CLOCK_EnableClock
                0x0000199c       0x54 ./drivers/fsl_usart.o
 .text.USART_GetInstance
                0x000019f0       0x44 ./drivers/fsl_usart.o
                0x000019f0                USART_GetInstance
 .text.USART_Init
                0x00001a34      0x100 ./drivers/fsl_usart.o
                0x00001a34                USART_Init
 .text.USART_GetDefaultConfig
                0x00001b34       0x54 ./drivers/fsl_usart.o
                0x00001b34                USART_GetDefaultConfig
 .text.USART_SetBaudRate
                0x00001b88      0x10c ./drivers/fsl_usart.o
                0x00001b88                USART_SetBaudRate
 .text.USART_WriteBlocking
                0x00001c94       0x60 ./drivers/fsl_usart.o
                0x00001c94                USART_WriteBlocking
 .text.USART_ReadBlocking
                0x00001cf4       0xe0 ./drivers/fsl_usart.o
                0x00001cf4                USART_ReadBlocking
 .text.USART0_DriverIRQHandler
                0x00001dd4       0x24 ./drivers/fsl_usart.o
                0x00001dd4                USART0_DriverIRQHandler
 .text.USART1_DriverIRQHandler
                0x00001df8       0x24 ./drivers/fsl_usart.o
                0x00001df8                USART1_DriverIRQHandler
 .text.USART2_DriverIRQHandler
                0x00001e1c       0x24 ./drivers/fsl_usart.o
                0x00001e1c                USART2_DriverIRQHandler
 .text.PIN_INT6_USART3_DriverIRQHandler
                0x00001e40       0x24 ./drivers/fsl_usart.o
                0x00001e40                PIN_INT6_USART3_DriverIRQHandler
 .text.PIN_INT7_USART4_DriverIRQHandler
                0x00001e64       0x24 ./drivers/fsl_usart.o
                0x00001e64                PIN_INT7_USART4_DriverIRQHandler
 .text.CLOCK_Select
                0x00001e88       0x38 ./board/src/board.o
 .text.BOARD_InitDebugConsole
                0x00001ec0       0x50 ./board/src/board.o
                0x00001ec0                BOARD_InitDebugConsole
 .text.CLOCK_Select
                0x00001f10       0x38 ./board/src/clock_config.o
 .text.CLOCK_SetCoreSysClkDiv
                0x00001f48       0x3c ./board/src/clock_config.o
 .text.CLOCK_SetFroOscFreq
                0x00001f84       0x24 ./board/src/clock_config.o
 .text.POWER_DisablePD
                0x00001fa8       0x2c ./board/src/clock_config.o
 .text.BOARD_BootClockRUN
                0x00001fd4       0xb0 ./board/src/clock_config.o
                0x00001fd4                BOARD_BootClockRUN
 .text.CLOCK_EnableClock
                0x00002084       0x54 ./board/pin_mux.o
 .text.CLOCK_DisableClock
                0x000020d8       0x58 ./board/pin_mux.o
 .text.BOARD_InitPins
                0x00002130       0xc0 ./board/pin_mux.o
                0x00002130                BOARD_InitPins
 .text.SystemInit
                0x000021f0       0x2c ./CMSIS/system_LPC845.o
                0x000021f0                SystemInit
 .text.__assertion_failed
                0x0000221c       0x4c c:/nxp/mcuxpressoide_10.3.0_2200/ide/plugins/com.nxp.mcuxpresso.tools.win32_10.3.0.201811011841/tools/bin/../lib/gcc/arm-none-eabi/7.3.1/../../../../arm-none-eabi/lib/thumb/v6-m\libcr_nohost_nf.a(_cr_assert.o)
                0x0000221c                __assertion_failed
 .text._deferredlazyseek
                0x00002268       0x40 c:/nxp/mcuxpressoide_10.3.0_2200/ide/plugins/com.nxp.mcuxpresso.tools.win32_10.3.0.201811011841/tools/bin/../lib/gcc/arm-none-eabi/7.3.1/../../../../arm-none-eabi/lib/thumb/v6-m\libcr_c.a(_deferredlazyseek.o)
                0x00002268                _deferredlazyseek
 .text.__flsbuf
                0x000022a8      0x14c c:/nxp/mcuxpressoide_10.3.0_2200/ide/plugins/com.nxp.mcuxpresso.tools.win32_10.3.0.201811011841/tools/bin/../lib/gcc/arm-none-eabi/7.3.1/../../../../arm-none-eabi/lib/thumb/v6-m\libcr_c.a(_deferredlazyseek.o)
                0x000022a8                __flsbuf
 .text._fflush  0x000023f4       0x5c c:/nxp/mcuxpressoide_10.3.0_2200/ide/plugins/com.nxp.mcuxpresso.tools.win32_10.3.0.201811011841/tools/bin/../lib/gcc/arm-none-eabi/7.3.1/../../../../arm-none-eabi/lib/thumb/v6-m\libcr_c.a(_fflush.o)
                0x000023f4                _fflush
 .text._Cwritebuf
                0x00002450       0x68 c:/nxp/mcuxpressoide_10.3.0_2200/ide/plugins/com.nxp.mcuxpresso.tools.win32_10.3.0.201811011841/tools/bin/../lib/gcc/arm-none-eabi/7.3.1/../../../../arm-none-eabi/lib/thumb/v6-m\libcr_c.a(_writebuf.o)
                0x00002450                _Cwritebuf
 .text.malloc   0x000024b8       0xcc c:/nxp/mcuxpressoide_10.3.0_2200/ide/plugins/com.nxp.mcuxpresso.tools.win32_10.3.0.201811011841/tools/bin/../lib/gcc/arm-none-eabi/7.3.1/../../../../arm-none-eabi/lib/thumb/v6-m\libcr_c.a(alloc.o)
                0x000024b8                malloc
 .text._Csys_alloc
                0x00002584       0x20 c:/nxp/mcuxpressoide_10.3.0_2200/ide/plugins/com.nxp.mcuxpresso.tools.win32_10.3.0.201811011841/tools/bin/../lib/gcc/arm-none-eabi/7.3.1/../../../../arm-none-eabi/lib/thumb/v6-m\libcr_c.a(alloc.o)
                0x00002584                _Csys_alloc
 .text.floor    0x000025a4       0xa8 c:/nxp/mcuxpressoide_10.3.0_2200/ide/plugins/com.nxp.mcuxpresso.tools.win32_10.3.0.201811011841/tools/bin/../lib/gcc/arm-none-eabi/7.3.1/../../../../arm-none-eabi/lib/thumb/v6-m\libcr_c.a(floor.o)
                0x000025a4                floor
 .text.fseek    0x0000264c       0xf0 c:/nxp/mcuxpressoide_10.3.0_2200/ide/plugins/com.nxp.mcuxpresso.tools.win32_10.3.0.201811011841/tools/bin/../lib/gcc/arm-none-eabi/7.3.1/../../../../arm-none-eabi/lib/thumb/v6-m\libcr_c.a(fseek.o)
                0x0000264c                fseek
 .text.ftell    0x0000273c       0x48 c:/nxp/mcuxpressoide_10.3.0_2200/ide/plugins/com.nxp.mcuxpresso.tools.win32_10.3.0.201811011841/tools/bin/../lib/gcc/arm-none-eabi/7.3.1/../../../../arm-none-eabi/lib/thumb/v6-m\libcr_c.a(ftell.o)
                0x0000273c                ftell
 .text._initio  0x00002784       0x7c c:/nxp/mcuxpressoide_10.3.0_2200/ide/plugins/com.nxp.mcuxpresso.tools.win32_10.3.0.201811011841/tools/bin/../lib/gcc/arm-none-eabi/7.3.1/../../../../arm-none-eabi/lib/thumb/v6-m\libcr_c.a(initio.o)
                0x00002784                _initio
 .text.setvbuf  0x00002800       0x48 c:/nxp/mcuxpressoide_10.3.0_2200/ide/plugins/com.nxp.mcuxpresso.tools.win32_10.3.0.201811011841/tools/bin/../lib/gcc/arm-none-eabi/7.3.1/../../../../arm-none-eabi/lib/thumb/v6-m\libcr_c.a(setvbuf.o)
                0x00002800                setvbuf
 .text.strlen   0x00002848       0x58 c:/nxp/mcuxpressoide_10.3.0_2200/ide/plugins/com.nxp.mcuxpresso.tools.win32_10.3.0.201811011841/tools/bin/../lib/gcc/arm-none-eabi/7.3.1/../../../../arm-none-eabi/lib/thumb/v6-m\libcr_c.a(strlen.o)
                0x00002848                strlen
 .text._sbrk    0x000028a0       0x40 c:/nxp/mcuxpressoide_10.3.0_2200/ide/plugins/com.nxp.mcuxpresso.tools.win32_10.3.0.201811011841/tools/bin/../lib/gcc/arm-none-eabi/7.3.1/../../../../arm-none-eabi/lib/thumb/v6-m\libcr_c.a(_cr_sbrk.o)
                0x000028a0                _sbrk
 .text._fdopen  0x000028e0       0x74 c:/nxp/mcuxpressoide_10.3.0_2200/ide/plugins/com.nxp.mcuxpresso.tools.win32_10.3.0.201811011841/tools/bin/../lib/gcc/arm-none-eabi/7.3.1/../../../../arm-none-eabi/lib/thumb/v6-m\libcr_c.a(_fdopen.o)
                0x000028e0                _fdopen
 .text.fclose   0x00002954       0x5c c:/nxp/mcuxpressoide_10.3.0_2200/ide/plugins/com.nxp.mcuxpresso.tools.win32_10.3.0.201811011841/tools/bin/../lib/gcc/arm-none-eabi/7.3.1/../../../../arm-none-eabi/lib/thumb/v6-m\libcr_c.a(fclose.o)
                0x00002954                fclose
 .text.fflush   0x000029b0       0x44 c:/nxp/mcuxpressoide_10.3.0_2200/ide/plugins/com.nxp.mcuxpresso.tools.win32_10.3.0.201811011841/tools/bin/../lib/gcc/arm-none-eabi/7.3.1/../../../../arm-none-eabi/lib/thumb/v6-m\libcr_c.a(fflush.o)
                0x000029b0                fflush
 .text.__check_heap_overflow
                0x000029f4       0x14 c:/nxp/mcuxpressoide_10.3.0_2200/ide/plugins/com.nxp.mcuxpresso.tools.win32_10.3.0.201811011841/tools/bin/../lib/gcc/arm-none-eabi/7.3.1/../../../../arm-none-eabi/lib/thumb/v6-m\libcr_c.a(_cr_check_heap.o)
                0x000029f4                __check_heap_overflow
 .text._do_fflush
                0x00002a08       0x44 c:/nxp/mcuxpressoide_10.3.0_2200/ide/plugins/com.nxp.mcuxpresso.tools.win32_10.3.0.201811011841/tools/bin/../lib/gcc/arm-none-eabi/7.3.1/../../../../arm-none-eabi/lib/thumb/v6-m\libcr_c.a(_do_fflush.o)
                0x00002a08                _do_fflush
 .text.__aeabi_dmul
                0x00002a4c      0x184 c:/nxp/mcuxpressoide_10.3.0_2200/ide/plugins/com.nxp.mcuxpresso.tools.win32_10.3.0.201811011841/tools/bin/../lib/gcc/arm-none-eabi/7.3.1/thumb/v6-m\libcr_eabihelpers.a(double.o)
                0x00002a4c                __aeabi_dmul
 .text.__aeabi_ddiv
                0x00002bd0      0x148 c:/nxp/mcuxpressoide_10.3.0_2200/ide/plugins/com.nxp.mcuxpresso.tools.win32_10.3.0.201811011841/tools/bin/../lib/gcc/arm-none-eabi/7.3.1/thumb/v6-m\libcr_eabihelpers.a(double.o)
                0x00002bd0                __aeabi_ddiv
 .text.__aeabi_dsub
                0x00002d18      0x1bc c:/nxp/mcuxpressoide_10.3.0_2200/ide/plugins/com.nxp.mcuxpresso.tools.win32_10.3.0.201811011841/tools/bin/../lib/gcc/arm-none-eabi/7.3.1/thumb/v6-m\libcr_eabihelpers.a(double.o)
                0x00002d18                __aeabi_dsub
 .text.__aeabi_dadd
                0x00002ed4      0x128 c:/nxp/mcuxpressoide_10.3.0_2200/ide/plugins/com.nxp.mcuxpresso.tools.win32_10.3.0.201811011841/tools/bin/../lib/gcc/arm-none-eabi/7.3.1/thumb/v6-m\libcr_eabihelpers.a(double.o)
                0x00002ed4                __aeabi_dadd
 .text.__aeabi_d2iz
                0x00002ffc       0x44 c:/nxp/mcuxpressoide_10.3.0_2200/ide/plugins/com.nxp.mcuxpresso.tools.win32_10.3.0.201811011841/tools/bin/../lib/gcc/arm-none-eabi/7.3.1/thumb/v6-m\libcr_eabihelpers.a(double.o)
                0x00002ffc                __aeabi_d2iz
 .text.__aeabi_dcmpeq
                0x00003040       0x30 c:/nxp/mcuxpressoide_10.3.0_2200/ide/plugins/com.nxp.mcuxpresso.tools.win32_10.3.0.201811011841/tools/bin/../lib/gcc/arm-none-eabi/7.3.1/thumb/v6-m\libcr_eabihelpers.a(double.o)
                0x00003040                __aeabi_dcmpeq
 .text.DbgConsole_PrintfPaddingCharacter
                0x00003070       0x46 ./utilities/fsl_debug_console.o
 .text.DbgConsole_ConvertRadixNumToString
                0x000030b6      0x114 ./utilities/fsl_debug_console.o
 .text.DbgConsole_PrintfFormattedData
                0x000031ca      0x32c ./utilities/fsl_debug_console.o
 .text.GPIO_PinWrite
                0x000034f6       0x2c ./source/lpc845_accel_i2c.o
 .text.CLOCK_GetFRGInputClkFreq
                0x00003522       0x3e ./drivers/fsl_clock.o
 .text.GPIO_PinInit
                0x00003560       0xb4 ./drivers/fsl_gpio.o
                0x00003560                GPIO_PinInit
 .text.EnableIRQ
                0x00003614       0x30 ./drivers/fsl_i2c.o
 .text.I2C_MasterEnable
                0x00003644       0x3c ./drivers/fsl_i2c.o
 .text.I2C_GetStatusFlags
                0x00003680       0x14 ./drivers/fsl_i2c.o
 .text.I2C_MasterClearStatusFlags
                0x00003694       0x1c ./drivers/fsl_i2c.o
 .text.I2C_DisableInterrupts
                0x000036b0       0x18 ./drivers/fsl_i2c.o
 .text.I2C_MasterRepeatedStart
                0x000036c8       0x32 ./drivers/fsl_i2c.o
 .text.I2C_PendingStatusWait
                0x000036fa       0x30 ./drivers/fsl_i2c.o
 .text.MMA_Init
                0x0000372a      0x15a ./drivers/fsl_mma.o
                0x0000372a                MMA_Init
 .text.MMA_ReadSensorData
                0x00003884       0xfe ./drivers/fsl_mma.o
                0x00003884                MMA_ReadSensorData
 .text.MMA_ReadReg
                0x00003982       0x5a ./drivers/fsl_mma.o
                0x00003982                MMA_ReadReg
 .text.MMA_WriteReg
                0x000039dc       0x6a ./drivers/fsl_mma.o
                0x000039dc                MMA_WriteReg
 .text.RESET_PeripheralReset
                0x00003a46       0x20 ./drivers/fsl_reset.o
                0x00003a46                RESET_PeripheralReset
 .text.USART_EnableTx
                0x00003a66       0x46 ./drivers/fsl_usart.o
 .text.USART_EnableRx
                0x00003aac       0x44 ./drivers/fsl_usart.o
 .text.SystemInitHook
                0x00003af0        0xa ./CMSIS/system_LPC845.o
                0x00003af0                SystemInitHook
 .text.__main   0x00003afa        0xc c:/nxp/mcuxpressoide_10.3.0_2200/ide/plugins/com.nxp.mcuxpresso.tools.win32_10.3.0.201811011841/tools/bin/../lib/gcc/arm-none-eabi/7.3.1/../../../../arm-none-eabi/lib/thumb/v6-m\libcr_nohost_nf.a(_cr__main.o)
                0x00003afa                __main
 .text.__sys_appexit
                0x00003b06        0x2 c:/nxp/mcuxpressoide_10.3.0_2200/ide/plugins/com.nxp.mcuxpresso.tools.win32_10.3.0.201811011841/tools/bin/../lib/gcc/arm-none-eabi/7.3.1/../../../../arm-none-eabi/lib/thumb/v6-m\libcr_nohost_nf.a(__sys_appexit.o)
                0x00003b06                __sys_appexit
                0x00003b06                __exit
 .text.memset   0x00003b08        0x8 c:/nxp/mcuxpressoide_10.3.0_2200/ide/plugins/com.nxp.mcuxpresso.tools.win32_10.3.0.201811011841/tools/bin/../lib/gcc/arm-none-eabi/7.3.1/../../../../arm-none-eabi/lib/thumb/v6-m\libcr_c.a(memset.o)
                0x00003b08                memset
 .text.free     0x00003b10       0x2c c:/nxp/mcuxpressoide_10.3.0_2200/ide/plugins/com.nxp.mcuxpresso.tools.win32_10.3.0.201811011841/tools/bin/../lib/gcc/arm-none-eabi/7.3.1/../../../../arm-none-eabi/lib/thumb/v6-m\libcr_c.a(alloc.o)
                0x00003b10                free
 .text.fputs    0x00003b3c       0x2e c:/nxp/mcuxpressoide_10.3.0_2200/ide/plugins/com.nxp.mcuxpresso.tools.win32_10.3.0.201811011841/tools/bin/../lib/gcc/arm-none-eabi/7.3.1/../../../../arm-none-eabi/lib/thumb/v6-m\libcr_c.a(fputs.o)
                0x00003b3c                fputs
 .text.remove   0x00003b6a       0x12 c:/nxp/mcuxpressoide_10.3.0_2200/ide/plugins/com.nxp.mcuxpresso.tools.win32_10.3.0.201811011841/tools/bin/../lib/gcc/arm-none-eabi/7.3.1/../../../../arm-none-eabi/lib/thumb/v6-m\libcr_c.a(remove.o)
                0x00003b6a                remove
 .text.__aeabi_division_idivmod
                0x00003b7c       0x78 c:/nxp/mcuxpressoide_10.3.0_2200/ide/plugins/com.nxp.mcuxpresso.tools.win32_10.3.0.201811011841/tools/bin/../lib/gcc/arm-none-eabi/7.3.1/thumb/v6-m\libcr_eabihelpers.a(division_32.o)
                0x00003b7c                __aeabi_idivmod
                0x00003b7c                __aeabi_idiv
                0x00003b82                __aeabi_uidivmod
                0x00003b82                __aeabi_uidiv
 .text.__aeabi_division_uldivmod
                0x00003bf4       0x5a c:/nxp/mcuxpressoide_10.3.0_2200/ide/plugins/com.nxp.mcuxpresso.tools.win32_10.3.0.201811011841/tools/bin/../lib/gcc/arm-none-eabi/7.3.1/thumb/v6-m\libcr_eabihelpers.a(division_64.o)
                0x00003bf4                __aeabi_uldivmod
 .text.__aeabi_division_idiv0
                0x00003c4e        0x2 c:/nxp/mcuxpressoide_10.3.0_2200/ide/plugins/com.nxp.mcuxpresso.tools.win32_10.3.0.201811011841/tools/bin/../lib/gcc/arm-none-eabi/7.3.1/thumb/v6-m\libcr_eabihelpers.a(division_idiv0.o)
                0x00003c4e                __aeabi_idiv0
 .text.__bhs_ui2d
                0x00003c50       0x5e c:/nxp/mcuxpressoide_10.3.0_2200/ide/plugins/com.nxp.mcuxpresso.tools.win32_10.3.0.201811011841/tools/bin/../lib/gcc/arm-none-eabi/7.3.1/thumb/v6-m\libcr_eabihelpers.a(double.o)
                0x00003c50                __bhs_ui2d
 .text.__aeabi_i2d
                0x00003cae       0x18 c:/nxp/mcuxpressoide_10.3.0_2200/ide/plugins/com.nxp.mcuxpresso.tools.win32_10.3.0.201811011841/tools/bin/../lib/gcc/arm-none-eabi/7.3.1/thumb/v6-m\libcr_eabihelpers.a(double.o)
                0x00003cae                __aeabi_i2d
 .text.__aeabi_ui2d
                0x00003cc6        0xc c:/nxp/mcuxpressoide_10.3.0_2200/ide/plugins/com.nxp.mcuxpresso.tools.win32_10.3.0.201811011841/tools/bin/../lib/gcc/arm-none-eabi/7.3.1/thumb/v6-m\libcr_eabihelpers.a(double.o)
                0x00003cc6                __aeabi_ui2d
 .text.__aeabi_llong_lmul
                0x00003cd2       0x2e c:/nxp/mcuxpressoide_10.3.0_2200/ide/plugins/com.nxp.mcuxpresso.tools.win32_10.3.0.201811011841/tools/bin/../lib/gcc/arm-none-eabi/7.3.1/thumb/v6-m\libcr_eabihelpers.a(llong.o)
                0x00003cd2                __aeabi_lmul
 .text.__aeabi_memset_lowlevel
                0x00003d00       0x2a c:/nxp/mcuxpressoide_10.3.0_2200/ide/plugins/com.nxp.mcuxpresso.tools.win32_10.3.0.201811011841/tools/bin/../lib/gcc/arm-none-eabi/7.3.1/thumb/v6-m\libcr_eabihelpers.a(memcpy.o)
                0x00003d00                __aeabi_lowlevel_memset
 .text.__sys_close
                0x00003d2a        0x6 c:/nxp/mcuxpressoide_10.3.0_2200/ide/plugins/com.nxp.mcuxpresso.tools.win32_10.3.0.201811011841/tools/bin/../lib/gcc/arm-none-eabi/7.3.1/../../../../arm-none-eabi/lib/thumb/v6-m\libcr_nohost_nf.a(__sys_close.o)
                0x00003d2a                __sys_close
 .text.__sys_flen
                0x00003d30        0x6 c:/nxp/mcuxpressoide_10.3.0_2200/ide/plugins/com.nxp.mcuxpresso.tools.win32_10.3.0.201811011841/tools/bin/../lib/gcc/arm-none-eabi/7.3.1/../../../../arm-none-eabi/lib/thumb/v6-m\libcr_nohost_nf.a(__sys_flen.o)
                0x00003d30                __sys_flen
 .text.__sys_istty
                0x00003d36        0x6 c:/nxp/mcuxpressoide_10.3.0_2200/ide/plugins/com.nxp.mcuxpresso.tools.win32_10.3.0.201811011841/tools/bin/../lib/gcc/arm-none-eabi/7.3.1/../../../../arm-none-eabi/lib/thumb/v6-m\libcr_nohost_nf.a(__sys_istty.o)
                0x00003d36                __sys_istty
 .text.__sys_remove
                0x00003d3c        0x6 c:/nxp/mcuxpressoide_10.3.0_2200/ide/plugins/com.nxp.mcuxpresso.tools.win32_10.3.0.201811011841/tools/bin/../lib/gcc/arm-none-eabi/7.3.1/../../../../arm-none-eabi/lib/thumb/v6-m\libcr_nohost_nf.a(__sys_remove.o)
                0x00003d3c                __sys_remove
 .text.__sys_seek
                0x00003d42        0x6 c:/nxp/mcuxpressoide_10.3.0_2200/ide/plugins/com.nxp.mcuxpresso.tools.win32_10.3.0.201811011841/tools/bin/../lib/gcc/arm-none-eabi/7.3.1/../../../../arm-none-eabi/lib/thumb/v6-m\libcr_nohost_nf.a(__sys_seek.o)
                0x00003d42                __sys_seek
 .text.__sys_tmpnam
                0x00003d48        0x6 c:/nxp/mcuxpressoide_10.3.0_2200/ide/plugins/com.nxp.mcuxpresso.tools.win32_10.3.0.201811011841/tools/bin/../lib/gcc/arm-none-eabi/7.3.1/../../../../arm-none-eabi/lib/thumb/v6-m\libcr_nohost_nf.a(__sys_tmpnam.o)
                0x00003d48                __sys_tmpnam
 .text.__sys_write
                0x00003d4e        0x4 c:/nxp/mcuxpressoide_10.3.0_2200/ide/plugins/com.nxp.mcuxpresso.tools.win32_10.3.0.201811011841/tools/bin/../lib/gcc/arm-none-eabi/7.3.1/../../../../arm-none-eabi/lib/thumb/v6-m\libcr_nohost_nf.a(__sys_write.o)
                0x00003d4e                __sys_write
 *(SORT_BY_ALIGNMENT(.rodata) SORT_BY_ALIGNMENT(.rodata.*) SORT_BY_ALIGNMENT(.constdata) SORT_BY_ALIGNMENT(.constdata.*))
 *fill*         0x00003d52        0x2 ff
 .rodata        0x00003d54       0x85 ./source/lpc845_accel_i2c.o
 *fill*         0x00003dd9        0x3 ff
 .rodata        0x00003ddc       0xf5 ./drivers/fsl_clock.o
 *fill*         0x00003ed1        0x3 ff
 .rodata.s_gpioClockName
                0x00003ed4        0x4 ./drivers/fsl_gpio.o
 .rodata        0x00003ed8       0x3e ./drivers/fsl_gpio.o
 *fill*         0x00003f16        0x2 ff
 .rodata.s_i2cBases
                0x00003f18       0x10 ./drivers/fsl_i2c.o
 .rodata.s_i2cClocks
                0x00003f28        0x8 ./drivers/fsl_i2c.o
 .rodata.s_i2cIRQ
                0x00003f30        0x4 ./drivers/fsl_i2c.o
                0x00003f30                s_i2cIRQ
 .rodata        0x00003f34      0x262 ./drivers/fsl_i2c.o
 *fill*         0x00004196        0x2 ff
 .rodata.I2C_RunTransferStateMachine
                0x00004198       0x20 ./drivers/fsl_i2c.o
 .rodata        0x000041b8       0x55 ./drivers/fsl_reset.o
 *fill*         0x0000420d        0x3 ff
 .rodata        0x00004210       0xcf ./drivers/fsl_swm.o
 *fill*         0x000042df        0x1 ff
 .rodata.s_usartBaseAddrs
                0x000042e0       0x14 ./drivers/fsl_usart.o
 .rodata.s_usartClock
                0x000042f4        0xa ./drivers/fsl_usart.o
 *fill*         0x000042fe        0x2 ff
 .rodata.s_usartRest
                0x00004300       0x14 ./drivers/fsl_usart.o
 .rodata        0x00004314      0x5d0 ./drivers/fsl_usart.o
 .rodata        0x000048e4       0x34 ./board/src/board.o
 .rodata        0x00004918       0x29 ./board/src/clock_config.o
 *fill*         0x00004941        0x3 ff
 .rodata.__num_Ciob_streams
                0x00004944        0x4 c:/nxp/mcuxpressoide_10.3.0_2200/ide/plugins/com.nxp.mcuxpresso.tools.win32_10.3.0.201811011841/tools/bin/../lib/gcc/arm-none-eabi/7.3.1/../../../../arm-none-eabi/lib/thumb/v6-m\libcr_nohost_nf.a(__ciob.o)
                0x00004944                __num_Ciob_streams
 .rodata.__assertion_failed.str1.1
                0x00004948       0x15 c:/nxp/mcuxpressoide_10.3.0_2200/ide/plugins/com.nxp.mcuxpresso.tools.win32_10.3.0.201811011841/tools/bin/../lib/gcc/arm-none-eabi/7.3.1/../../../../arm-none-eabi/lib/thumb/v6-m\libcr_nohost_nf.a(_cr_assert.o)
 .rodata._Csys_alloc.str1.1
                0x0000495d       0x18 c:/nxp/mcuxpressoide_10.3.0_2200/ide/plugins/com.nxp.mcuxpresso.tools.win32_10.3.0.201811011841/tools/bin/../lib/gcc/arm-none-eabi/7.3.1/../../../../arm-none-eabi/lib/thumb/v6-m\libcr_c.a(alloc.o)
 .rodata._initio.str1.1
                0x00004975        0x4 c:/nxp/mcuxpressoide_10.3.0_2200/ide/plugins/com.nxp.mcuxpresso.tools.win32_10.3.0.201811011841/tools/bin/../lib/gcc/arm-none-eabi/7.3.1/../../../../arm-none-eabi/lib/thumb/v6-m\libcr_c.a(initio.o)
                0x0000497c                . = ALIGN (0x4)
 *fill*         0x00004979        0x3 ff

.glue_7         0x0000497c        0x0
 .glue_7        0x0000497c        0x0 linker stubs

.glue_7t        0x0000497c        0x0
 .glue_7t       0x0000497c        0x0 linker stubs

.vfp11_veneer   0x0000497c        0x0
 .vfp11_veneer  0x0000497c        0x0 linker stubs

.v4_bx          0x0000497c        0x0
 .v4_bx         0x0000497c        0x0 linker stubs

.iplt           0x0000497c        0x0
 .iplt          0x0000497c        0x0 ./utilities/fsl_debug_console.o

.rel.dyn        0x0000497c        0x0
 .rel.iplt      0x0000497c        0x0 ./utilities/fsl_debug_console.o

.ARM.extab
 *(SORT_BY_ALIGNMENT(.ARM.extab*) SORT_BY_ALIGNMENT(.gnu.linkonce.armextab.*))
                0x0000497c                __exidx_start = .

.ARM.exidx
 *(SORT_BY_ALIGNMENT(.ARM.exidx*) SORT_BY_ALIGNMENT(.gnu.linkonce.armexidx.*))
                0x0000497c                __exidx_end = .
                0x0000497c                _etext = .

.mtb_buffer_default
                0x10000000       0x80
 *(SORT_BY_ALIGNMENT(.mtb*))
 .mtb.$RAM1     0x10000000       0x80 ./source/mtb.o
                0x10000000                __mtb_buffer__

.uninit_RESERVED
                0x10000080        0x0
 *(SORT_BY_ALIGNMENT(.bss.$RESERVED*))
                0x10000080                . = ALIGN (0x4)
                0x10000080                _end_uninit_RESERVED = .

.data           0x10000080        0xc load address 0x0000497c
 FILL mask 0xff
                0x10000080                _data = .
 *(SORT_BY_ALIGNMENT(vtable))
 *(SORT_BY_ALIGNMENT(.ramfunc*))
 *(SORT_BY_ALIGNMENT(.data*))
 .data.led_config
                0x10000080        0x2 ./source/lpc845_accel_i2c.o
                0x10000080                led_config
 *fill*         0x10000082        0x2 ff
 .data.status   0x10000084        0x4 ./source/lpc845_accel_i2c.o
                0x10000084                status
 .data.SystemCoreClock
                0x10000088        0x4 ./CMSIS/system_LPC845.o
                0x10000088                SystemCoreClock
                0x1000008c                . = ALIGN (0x4)
                0x1000008c                _edata = .

.igot.plt       0x1000008c        0x0 load address 0x00004988
 .igot.plt      0x1000008c        0x0 ./utilities/fsl_debug_console.o

.bss            0x1000008c      0x184 load address 0x00004988
                0x1000008c                _bss = .
 *(SORT_BY_ALIGNMENT(.bss*))
 .bss.s_debugConsole
                0x1000008c       0x10 ./utilities/fsl_debug_console.o
 .bss.g_MasterHandle
                0x1000009c       0x38 ./source/lpc845_accel_i2c.o
                0x1000009c                g_MasterHandle
 .bss.masterConfig
                0x100000d4        0xc ./source/lpc845_accel_i2c.o
                0x100000d4                masterConfig
 .bss.mmaHandle
                0x100000e0       0x20 ./source/lpc845_accel_i2c.o
                0x100000e0                mmaHandle
 .bss.accelSensorData
                0x10000100        0x6 ./source/lpc845_accel_i2c.o
                0x10000100                accelSensorData
 *fill*         0x10000106        0x2 
 .bss.g_Ext_Clk_Freq
                0x10000108        0x4 ./drivers/fsl_clock.o
                0x10000108                g_Ext_Clk_Freq
 .bss.g_Wdt_Osc_Freq
                0x1000010c        0x4 ./drivers/fsl_clock.o
                0x1000010c                g_Wdt_Osc_Freq
 .bss.s_i2cHandle
                0x10000110       0x10 ./drivers/fsl_i2c.o
                0x10000110                s_i2cHandle
 .bss.s_i2cMasterIsr
                0x10000120        0x4 ./drivers/fsl_i2c.o
                0x10000120                s_i2cMasterIsr
 .bss.s_i2cSlaveIsr
                0x10000124        0x4 ./drivers/fsl_i2c.o
 .bss.s_usartHandle
                0x10000128       0x14 ./drivers/fsl_usart.o
 .bss.s_usartIsr
                0x1000013c        0x4 ./drivers/fsl_usart.o
 .bss.__Ciob    0x10000140       0xb4 c:/nxp/mcuxpressoide_10.3.0_2200/ide/plugins/com.nxp.mcuxpresso.tools.win32_10.3.0.201811011841/tools/bin/../lib/gcc/arm-none-eabi/7.3.1/../../../../arm-none-eabi/lib/thumb/v6-m\libcr_nohost_nf.a(__ciob.o)
                0x10000140                __Ciob
 .bss.__end_of_heap
                0x100001f4        0x4 c:/nxp/mcuxpressoide_10.3.0_2200/ide/plugins/com.nxp.mcuxpresso.tools.win32_10.3.0.201811011841/tools/bin/../lib/gcc/arm-none-eabi/7.3.1/../../../../arm-none-eabi/lib/thumb/v6-m\libcr_c.a(__init_alloc.o)
                0x100001f4                __end_of_heap
 .bss.__heaps   0x100001f8        0x4 c:/nxp/mcuxpressoide_10.3.0_2200/ide/plugins/com.nxp.mcuxpresso.tools.win32_10.3.0.201811011841/tools/bin/../lib/gcc/arm-none-eabi/7.3.1/../../../../arm-none-eabi/lib/thumb/v6-m\libcr_c.a(__init_alloc.o)
                0x100001f8                __heaps
 .bss.errno     0x100001fc        0x4 c:/nxp/mcuxpressoide_10.3.0_2200/ide/plugins/com.nxp.mcuxpresso.tools.win32_10.3.0.201811011841/tools/bin/../lib/gcc/arm-none-eabi/7.3.1/../../../../arm-none-eabi/lib/thumb/v6-m\libcr_c.a(errno.o)
                0x100001fc                errno
 .bss.accelXData
                0x10000200        0x2 ./source/lpc845_accel_i2c.o
                0x10000200                accelXData
 .bss.accelYData
                0x10000202        0x2 ./source/lpc845_accel_i2c.o
                0x10000202                accelYData
 .bss.accelZData
                0x10000204        0x2 ./source/lpc845_accel_i2c.o
                0x10000204                accelZData
 .bss.xAngle    0x10000206        0x2 ./source/lpc845_accel_i2c.o
                0x10000206                xAngle
 .bss.yAngle    0x10000208        0x2 ./source/lpc845_accel_i2c.o
                0x10000208                yAngle
 .bss.g_MasterCompletionFlag
                0x1000020a        0x1 ./source/lpc845_accel_i2c.o
                0x1000020a                g_MasterCompletionFlag
 .bss.accelGValue
                0x1000020b        0x1 ./source/lpc845_accel_i2c.o
                0x1000020b                accelGValue
 .bss.dataScale
                0x1000020c        0x1 ./source/lpc845_accel_i2c.o
                0x1000020c                dataScale
 *(SORT_BY_ALIGNMENT(COMMON))
                0x10000210                . = ALIGN (0x4)
 *fill*         0x1000020d        0x3 
                0x10000210                _ebss = .
                [!provide]                PROVIDE (end = .)

.noinit         0x10000210        0x0 load address 0x00004988
                0x10000210                _noinit = .
 *(SORT_BY_ALIGNMENT(.noinit*))
                0x10000210                . = ALIGN (0x4)
                0x10000210                _end_noinit = .
                0x00000400                _HeapSize = 0x400

.heap           0x10000210      0x400 load address 0x00004988
                0x10000210                _pvHeapStart = .
                0x10000610                . = (. + _HeapSize)
 *fill*         0x10000210      0x400 
                0x10000610                . = ALIGN (0x4)
                0x10000610                _pvHeapLimit = .
                0x00000400                _StackSize = 0x400

.heap2stackfill
                0x10000610      0x400 load address 0x00004988
                0x10000a10                . = (. + _StackSize)
 *fill*         0x10000610      0x400 

.stack          0x10003c00        0x0
                0x10003c00                _vStackBase = .
                0x10003c00                . = ALIGN (0x4)
                0x10004000                _vStackTop = (. + _StackSize)
                0xefffb5d9                PROVIDE (__valid_user_code_checksum = (0x0 - (((_vStackTop + (ResetISR + 0x1)) + (DEFINED (NMI_Handler)?NMI_Handler:M0_NMI_Handler + 0x1)) + (DEFINED (HardFault_Handler)?HardFault_Handler:M0_HardFault_Handler + 0x1))))
                0x00000000                _image_start = LOADADDR (.text)
                0x00004988                _image_end = (LOADADDR (.data) + SIZEOF (.data))
                0x00004988                _image_size = (_image_end - _image_start)
OUTPUT(LPC845_I2C_accel_led.axf elf32-littlearm)

.debug_info     0x00000000     0xbb98
 .debug_info    0x00000000     0x1014 ./utilities/fsl_debug_console.o
 .debug_info    0x00001014      0x45e ./startup/startup_lpc845.o
 .debug_info    0x00001472     0x1263 ./source/lpc845_accel_i2c.o
 .debug_info    0x000026d5       0x4e ./source/mtb.o
 .debug_info    0x00002723       0x37 ./source/semihost_hardfault.o
 .debug_info    0x0000275a      0xf0d ./drivers/fsl_clock.o
 .debug_info    0x00003667      0xb2f ./drivers/fsl_gpio.o
 .debug_info    0x00004196     0x21c3 ./drivers/fsl_i2c.o
 .debug_info    0x00006359      0x7f7 ./drivers/fsl_mma.o
 .debug_info    0x00006b50      0x71e ./drivers/fsl_reset.o
 .debug_info    0x0000726e      0x736 ./drivers/fsl_swm.o
 .debug_info    0x000079a4     0x17c0 ./drivers/fsl_usart.o
 .debug_info    0x00009164      0xb96 ./board/src/board.o
 .debug_info    0x00009cfa      0x9dc ./board/src/clock_config.o
 .debug_info    0x0000a6d6      0xe3d ./board/pin_mux.o
 .debug_info    0x0000b513      0x685 ./CMSIS/system_LPC845.o

.debug_abbrev   0x00000000     0x1bf0
 .debug_abbrev  0x00000000      0x292 ./utilities/fsl_debug_console.o
 .debug_abbrev  0x00000292      0x14e ./startup/startup_lpc845.o
 .debug_abbrev  0x000003e0      0x1f4 ./source/lpc845_accel_i2c.o
 .debug_abbrev  0x000005d4       0x41 ./source/mtb.o
 .debug_abbrev  0x00000615       0x2c ./source/semihost_hardfault.o
 .debug_abbrev  0x00000641      0x2dd ./drivers/fsl_clock.o
 .debug_abbrev  0x0000091e      0x1c3 ./drivers/fsl_gpio.o
 .debug_abbrev  0x00000ae1      0x36e ./drivers/fsl_i2c.o
 .debug_abbrev  0x00000e4f      0x1a1 ./drivers/fsl_mma.o
 .debug_abbrev  0x00000ff0      0x160 ./drivers/fsl_reset.o
 .debug_abbrev  0x00001150      0x186 ./drivers/fsl_swm.o
 .debug_abbrev  0x000012d6      0x2b5 ./drivers/fsl_usart.o
 .debug_abbrev  0x0000158b      0x18d ./board/src/board.o
 .debug_abbrev  0x00001718      0x1ef ./board/src/clock_config.o
 .debug_abbrev  0x00001907      0x1b0 ./board/pin_mux.o
 .debug_abbrev  0x00001ab7      0x139 ./CMSIS/system_LPC845.o

.debug_aranges  0x00000000      0x798
 .debug_aranges
                0x00000000       0x70 ./utilities/fsl_debug_console.o
 .debug_aranges
                0x00000070      0x160 ./startup/startup_lpc845.o
 .debug_aranges
                0x000001d0       0x48 ./source/lpc845_accel_i2c.o
 .debug_aranges
                0x00000218       0x18 ./source/mtb.o
 .debug_aranges
                0x00000230       0x20 ./source/semihost_hardfault.o
 .debug_aranges
                0x00000250       0xd8 ./drivers/fsl_clock.o
 .debug_aranges
                0x00000328       0x30 ./drivers/fsl_gpio.o
 .debug_aranges
                0x00000358      0x1c0 ./drivers/fsl_i2c.o
 .debug_aranges
                0x00000518       0x38 ./drivers/fsl_mma.o
 .debug_aranges
                0x00000550       0x30 ./drivers/fsl_reset.o
 .debug_aranges
                0x00000580       0x28 ./drivers/fsl_swm.o
 .debug_aranges
                0x000005a8      0x118 ./drivers/fsl_usart.o
 .debug_aranges
                0x000006c0       0x28 ./board/src/board.o
 .debug_aranges
                0x000006e8       0x48 ./board/src/clock_config.o
 .debug_aranges
                0x00000730       0x38 ./board/pin_mux.o
 .debug_aranges
                0x00000768       0x30 ./CMSIS/system_LPC845.o

.debug_ranges   0x00000000      0x6d8
 .debug_ranges  0x00000000       0x60 ./utilities/fsl_debug_console.o
 .debug_ranges  0x00000060      0x150 ./startup/startup_lpc845.o
 .debug_ranges  0x000001b0       0x38 ./source/lpc845_accel_i2c.o
 .debug_ranges  0x000001e8       0x10 ./source/semihost_hardfault.o
 .debug_ranges  0x000001f8       0xc8 ./drivers/fsl_clock.o
 .debug_ranges  0x000002c0       0x20 ./drivers/fsl_gpio.o
 .debug_ranges  0x000002e0      0x1f8 ./drivers/fsl_i2c.o
 .debug_ranges  0x000004d8       0x28 ./drivers/fsl_mma.o
 .debug_ranges  0x00000500       0x20 ./drivers/fsl_reset.o
 .debug_ranges  0x00000520       0x18 ./drivers/fsl_swm.o
 .debug_ranges  0x00000538      0x108 ./drivers/fsl_usart.o
 .debug_ranges  0x00000640       0x18 ./board/src/board.o
 .debug_ranges  0x00000658       0x38 ./board/src/clock_config.o
 .debug_ranges  0x00000690       0x28 ./board/pin_mux.o
 .debug_ranges  0x000006b8       0x20 ./CMSIS/system_LPC845.o

.debug_line     0x00000000     0x2ebc
 .debug_line    0x00000000      0x5a4 ./utilities/fsl_debug_console.o
 .debug_line    0x000005a4      0x127 ./startup/startup_lpc845.o
 .debug_line    0x000006cb      0x2ae ./source/lpc845_accel_i2c.o
 .debug_line    0x00000979       0x30 ./source/mtb.o
 .debug_line    0x000009a9       0x54 ./source/semihost_hardfault.o
 .debug_line    0x000009fd      0x49b ./drivers/fsl_clock.o
 .debug_line    0x00000e98      0x1e6 ./drivers/fsl_gpio.o
 .debug_line    0x0000107e      0x982 ./drivers/fsl_i2c.o
 .debug_line    0x00001a00      0x23a ./drivers/fsl_mma.o
 .debug_line    0x00001c3a      0x1dc ./drivers/fsl_reset.o
 .debug_line    0x00001e16      0x1f4 ./drivers/fsl_swm.o
 .debug_line    0x0000200a      0x6d1 ./drivers/fsl_usart.o
 .debug_line    0x000026db      0x1d3 ./board/src/board.o
 .debug_line    0x000028ae      0x225 ./board/src/clock_config.o
 .debug_line    0x00002ad3      0x201 ./board/pin_mux.o
 .debug_line    0x00002cd4      0x1e8 ./CMSIS/system_LPC845.o

.debug_str      0x00000000     0x528e
 .debug_str     0x00000000     0x1044 ./utilities/fsl_debug_console.o
                               0x10b0 (size before relaxing)
 .debug_str     0x00001044      0x3af ./startup/startup_lpc845.o
                                0x4df (size before relaxing)
 .debug_str     0x000013f3      0x84f ./source/lpc845_accel_i2c.o
                               0x1413 (size before relaxing)
 .debug_str     0x00001c42       0x1f ./source/mtb.o
                                0x14e (size before relaxing)
 .debug_str     0x00001c61       0x1f ./source/semihost_hardfault.o
                                0x14e (size before relaxing)
 .debug_str     0x00001c80      0x75f ./drivers/fsl_clock.o
                               0x11dd (size before relaxing)
 .debug_str     0x000023df      0x1fe ./drivers/fsl_gpio.o
                                0xd19 (size before relaxing)
 .debug_str     0x000025dd      0xccf ./drivers/fsl_i2c.o
                               0x1e46 (size before relaxing)
 .debug_str     0x000032ac       0x58 ./drivers/fsl_mma.o
                                0x9c3 (size before relaxing)
 .debug_str     0x00003304      0x369 ./drivers/fsl_reset.o
                                0x863 (size before relaxing)
 .debug_str     0x0000366d      0xa7b ./drivers/fsl_swm.o
                                0xdc0 (size before relaxing)
 .debug_str     0x000040e8      0x7f2 ./drivers/fsl_usart.o
                               0x1cc3 (size before relaxing)
 .debug_str     0x000048da      0x71b ./board/src/board.o
                               0x152a (size before relaxing)
 .debug_str     0x00004ff5      0x1dc ./board/src/clock_config.o
                                0xf3b (size before relaxing)
 .debug_str     0x000051d1       0x35 ./board/pin_mux.o
                               0x1214 (size before relaxing)
 .debug_str     0x00005206       0x88 ./CMSIS/system_LPC845.o
                                0x571 (size before relaxing)

.comment        0x00000000       0x7f
 .comment       0x00000000       0x7f ./utilities/fsl_debug_console.o
                                 0x80 (size before relaxing)
 .comment       0x0000007f       0x80 ./startup/startup_lpc845.o
 .comment       0x0000007f       0x80 ./source/lpc845_accel_i2c.o
 .comment       0x0000007f       0x80 ./source/mtb.o
 .comment       0x0000007f       0x80 ./source/semihost_hardfault.o
 .comment       0x0000007f       0x80 ./drivers/fsl_clock.o
 .comment       0x0000007f       0x80 ./drivers/fsl_gpio.o
 .comment       0x0000007f       0x80 ./drivers/fsl_i2c.o
 .comment       0x0000007f       0x80 ./drivers/fsl_mma.o
 .comment       0x0000007f       0x80 ./drivers/fsl_reset.o
 .comment       0x0000007f       0x80 ./drivers/fsl_swm.o
 .comment       0x0000007f       0x80 ./drivers/fsl_usart.o
 .comment       0x0000007f       0x80 ./board/src/board.o
 .comment       0x0000007f       0x80 ./board/src/clock_config.o
 .comment       0x0000007f       0x80 ./board/pin_mux.o
 .comment       0x0000007f       0x80 ./CMSIS/system_LPC845.o
 .comment       0x0000007f       0x80 c:/nxp/mcuxpressoide_10.3.0_2200/ide/plugins/com.nxp.mcuxpresso.tools.win32_10.3.0.201811011841/tools/bin/../lib/gcc/arm-none-eabi/7.3.1/../../../../arm-none-eabi/lib/thumb/v6-m\libcr_nohost_nf.a(_cr__main.o)
 .comment       0x0000007f       0x80 c:/nxp/mcuxpressoide_10.3.0_2200/ide/plugins/com.nxp.mcuxpresso.tools.win32_10.3.0.201811011841/tools/bin/../lib/gcc/arm-none-eabi/7.3.1/../../../../arm-none-eabi/lib/thumb/v6-m\libcr_nohost_nf.a(_cr_assert.o)
 .comment       0x0000007f       0x80 c:/nxp/mcuxpressoide_10.3.0_2200/ide/plugins/com.nxp.mcuxpresso.tools.win32_10.3.0.201811011841/tools/bin/../lib/gcc/arm-none-eabi/7.3.1/../../../../arm-none-eabi/lib/thumb/v6-m\libcr_nohost_nf.a(__ciob.o)
 .comment       0x0000007f       0x80 c:/nxp/mcuxpressoide_10.3.0_2200/ide/plugins/com.nxp.mcuxpresso.tools.win32_10.3.0.201811011841/tools/bin/../lib/gcc/arm-none-eabi/7.3.1/../../../../arm-none-eabi/lib/thumb/v6-m\libcr_nohost_nf.a(__sys_appexit.o)
 .comment       0x0000007f       0x80 c:/nxp/mcuxpressoide_10.3.0_2200/ide/plugins/com.nxp.mcuxpresso.tools.win32_10.3.0.201811011841/tools/bin/../lib/gcc/arm-none-eabi/7.3.1/../../../../arm-none-eabi/lib/thumb/v6-m\libcr_c.a(memset.o)
 .comment       0x0000007f       0x80 c:/nxp/mcuxpressoide_10.3.0_2200/ide/plugins/com.nxp.mcuxpresso.tools.win32_10.3.0.201811011841/tools/bin/../lib/gcc/arm-none-eabi/7.3.1/../../../../arm-none-eabi/lib/thumb/v6-m\libcr_c.a(_deferredlazyseek.o)
 .comment       0x0000007f       0x80 c:/nxp/mcuxpressoide_10.3.0_2200/ide/plugins/com.nxp.mcuxpresso.tools.win32_10.3.0.201811011841/tools/bin/../lib/gcc/arm-none-eabi/7.3.1/../../../../arm-none-eabi/lib/thumb/v6-m\libcr_c.a(_fflush.o)
 .comment       0x0000007f       0x80 c:/nxp/mcuxpressoide_10.3.0_2200/ide/plugins/com.nxp.mcuxpresso.tools.win32_10.3.0.201811011841/tools/bin/../lib/gcc/arm-none-eabi/7.3.1/../../../../arm-none-eabi/lib/thumb/v6-m\libcr_c.a(_writebuf.o)
 .comment       0x0000007f       0x80 c:/nxp/mcuxpressoide_10.3.0_2200/ide/plugins/com.nxp.mcuxpresso.tools.win32_10.3.0.201811011841/tools/bin/../lib/gcc/arm-none-eabi/7.3.1/../../../../arm-none-eabi/lib/thumb/v6-m\libcr_c.a(alloc.o)
 .comment       0x0000007f       0x80 c:/nxp/mcuxpressoide_10.3.0_2200/ide/plugins/com.nxp.mcuxpresso.tools.win32_10.3.0.201811011841/tools/bin/../lib/gcc/arm-none-eabi/7.3.1/../../../../arm-none-eabi/lib/thumb/v6-m\libcr_c.a(floor.o)
 .comment       0x0000007f       0x80 c:/nxp/mcuxpressoide_10.3.0_2200/ide/plugins/com.nxp.mcuxpresso.tools.win32_10.3.0.201811011841/tools/bin/../lib/gcc/arm-none-eabi/7.3.1/../../../../arm-none-eabi/lib/thumb/v6-m\libcr_c.a(fputs.o)
 .comment       0x0000007f       0x80 c:/nxp/mcuxpressoide_10.3.0_2200/ide/plugins/com.nxp.mcuxpresso.tools.win32_10.3.0.201811011841/tools/bin/../lib/gcc/arm-none-eabi/7.3.1/../../../../arm-none-eabi/lib/thumb/v6-m\libcr_c.a(fseek.o)
 .comment       0x0000007f       0x80 c:/nxp/mcuxpressoide_10.3.0_2200/ide/plugins/com.nxp.mcuxpresso.tools.win32_10.3.0.201811011841/tools/bin/../lib/gcc/arm-none-eabi/7.3.1/../../../../arm-none-eabi/lib/thumb/v6-m\libcr_c.a(ftell.o)
 .comment       0x0000007f       0x80 c:/nxp/mcuxpressoide_10.3.0_2200/ide/plugins/com.nxp.mcuxpresso.tools.win32_10.3.0.201811011841/tools/bin/../lib/gcc/arm-none-eabi/7.3.1/../../../../arm-none-eabi/lib/thumb/v6-m\libcr_c.a(initio.o)
 .comment       0x0000007f       0x80 c:/nxp/mcuxpressoide_10.3.0_2200/ide/plugins/com.nxp.mcuxpresso.tools.win32_10.3.0.201811011841/tools/bin/../lib/gcc/arm-none-eabi/7.3.1/../../../../arm-none-eabi/lib/thumb/v6-m\libcr_c.a(setvbuf.o)
 .comment       0x0000007f       0x80 c:/nxp/mcuxpressoide_10.3.0_2200/ide/plugins/com.nxp.mcuxpresso.tools.win32_10.3.0.201811011841/tools/bin/../lib/gcc/arm-none-eabi/7.3.1/../../../../arm-none-eabi/lib/thumb/v6-m\libcr_c.a(strlen.o)
 .comment       0x0000007f       0x80 c:/nxp/mcuxpressoide_10.3.0_2200/ide/plugins/com.nxp.mcuxpresso.tools.win32_10.3.0.201811011841/tools/bin/../lib/gcc/arm-none-eabi/7.3.1/../../../../arm-none-eabi/lib/thumb/v6-m\libcr_c.a(__init_alloc.o)
 .comment       0x0000007f       0x80 c:/nxp/mcuxpressoide_10.3.0_2200/ide/plugins/com.nxp.mcuxpresso.tools.win32_10.3.0.201811011841/tools/bin/../lib/gcc/arm-none-eabi/7.3.1/../../../../arm-none-eabi/lib/thumb/v6-m\libcr_c.a(_cr_sbrk.o)
 .comment       0x0000007f       0x80 c:/nxp/mcuxpressoide_10.3.0_2200/ide/plugins/com.nxp.mcuxpresso.tools.win32_10.3.0.201811011841/tools/bin/../lib/gcc/arm-none-eabi/7.3.1/../../../../arm-none-eabi/lib/thumb/v6-m\libcr_c.a(_fdopen.o)
 .comment       0x0000007f       0x80 c:/nxp/mcuxpressoide_10.3.0_2200/ide/plugins/com.nxp.mcuxpresso.tools.win32_10.3.0.201811011841/tools/bin/../lib/gcc/arm-none-eabi/7.3.1/../../../../arm-none-eabi/lib/thumb/v6-m\libcr_c.a(errno.o)
 .comment       0x0000007f       0x80 c:/nxp/mcuxpressoide_10.3.0_2200/ide/plugins/com.nxp.mcuxpresso.tools.win32_10.3.0.201811011841/tools/bin/../lib/gcc/arm-none-eabi/7.3.1/../../../../arm-none-eabi/lib/thumb/v6-m\libcr_c.a(fclose.o)
 .comment       0x0000007f       0x80 c:/nxp/mcuxpressoide_10.3.0_2200/ide/plugins/com.nxp.mcuxpresso.tools.win32_10.3.0.201811011841/tools/bin/../lib/gcc/arm-none-eabi/7.3.1/../../../../arm-none-eabi/lib/thumb/v6-m\libcr_c.a(fflush.o)
 .comment       0x0000007f       0x80 c:/nxp/mcuxpressoide_10.3.0_2200/ide/plugins/com.nxp.mcuxpresso.tools.win32_10.3.0.201811011841/tools/bin/../lib/gcc/arm-none-eabi/7.3.1/../../../../arm-none-eabi/lib/thumb/v6-m\libcr_c.a(remove.o)
 .comment       0x0000007f       0x80 c:/nxp/mcuxpressoide_10.3.0_2200/ide/plugins/com.nxp.mcuxpresso.tools.win32_10.3.0.201811011841/tools/bin/../lib/gcc/arm-none-eabi/7.3.1/../../../../arm-none-eabi/lib/thumb/v6-m\libcr_c.a(_cr_check_heap.o)
 .comment       0x0000007f       0x80 c:/nxp/mcuxpressoide_10.3.0_2200/ide/plugins/com.nxp.mcuxpresso.tools.win32_10.3.0.201811011841/tools/bin/../lib/gcc/arm-none-eabi/7.3.1/../../../../arm-none-eabi/lib/thumb/v6-m\libcr_c.a(_do_fflush.o)
 .comment       0x0000007f       0x80 c:/nxp/mcuxpressoide_10.3.0_2200/ide/plugins/com.nxp.mcuxpresso.tools.win32_10.3.0.201811011841/tools/bin/../lib/gcc/arm-none-eabi/7.3.1/thumb/v6-m\libcr_eabihelpers.a(double.o)
 .comment       0x0000007f       0x80 c:/nxp/mcuxpressoide_10.3.0_2200/ide/plugins/com.nxp.mcuxpresso.tools.win32_10.3.0.201811011841/tools/bin/../lib/gcc/arm-none-eabi/7.3.1/../../../../arm-none-eabi/lib/thumb/v6-m\libcr_nohost_nf.a(__sys_close.o)
 .comment       0x0000007f       0x80 c:/nxp/mcuxpressoide_10.3.0_2200/ide/plugins/com.nxp.mcuxpresso.tools.win32_10.3.0.201811011841/tools/bin/../lib/gcc/arm-none-eabi/7.3.1/../../../../arm-none-eabi/lib/thumb/v6-m\libcr_nohost_nf.a(__sys_flen.o)
 .comment       0x0000007f       0x80 c:/nxp/mcuxpressoide_10.3.0_2200/ide/plugins/com.nxp.mcuxpresso.tools.win32_10.3.0.201811011841/tools/bin/../lib/gcc/arm-none-eabi/7.3.1/../../../../arm-none-eabi/lib/thumb/v6-m\libcr_nohost_nf.a(__sys_istty.o)
 .comment       0x0000007f       0x80 c:/nxp/mcuxpressoide_10.3.0_2200/ide/plugins/com.nxp.mcuxpresso.tools.win32_10.3.0.201811011841/tools/bin/../lib/gcc/arm-none-eabi/7.3.1/../../../../arm-none-eabi/lib/thumb/v6-m\libcr_nohost_nf.a(__sys_remove.o)
 .comment       0x0000007f       0x80 c:/nxp/mcuxpressoide_10.3.0_2200/ide/plugins/com.nxp.mcuxpresso.tools.win32_10.3.0.201811011841/tools/bin/../lib/gcc/arm-none-eabi/7.3.1/../../../../arm-none-eabi/lib/thumb/v6-m\libcr_nohost_nf.a(__sys_seek.o)
 .comment       0x0000007f       0x80 c:/nxp/mcuxpressoide_10.3.0_2200/ide/plugins/com.nxp.mcuxpresso.tools.win32_10.3.0.201811011841/tools/bin/../lib/gcc/arm-none-eabi/7.3.1/../../../../arm-none-eabi/lib/thumb/v6-m\libcr_nohost_nf.a(__sys_tmpnam.o)
 .comment       0x0000007f       0x80 c:/nxp/mcuxpressoide_10.3.0_2200/ide/plugins/com.nxp.mcuxpresso.tools.win32_10.3.0.201811011841/tools/bin/../lib/gcc/arm-none-eabi/7.3.1/../../../../arm-none-eabi/lib/thumb/v6-m\libcr_nohost_nf.a(__sys_write.o)

.ARM.attributes
                0x00000000       0x30
 .ARM.attributes
                0x00000000       0x32 ./utilities/fsl_debug_console.o
 .ARM.attributes
                0x00000032       0x32 ./startup/startup_lpc845.o
 .ARM.attributes
                0x00000064       0x32 ./source/lpc845_accel_i2c.o
 .ARM.attributes
                0x00000096       0x32 ./source/mtb.o
 .ARM.attributes
                0x000000c8       0x32 ./source/semihost_hardfault.o
 .ARM.attributes
                0x000000fa       0x32 ./drivers/fsl_clock.o
 .ARM.attributes
                0x0000012c       0x32 ./drivers/fsl_gpio.o
 .ARM.attributes
                0x0000015e       0x32 ./drivers/fsl_i2c.o
 .ARM.attributes
                0x00000190       0x32 ./drivers/fsl_mma.o
 .ARM.attributes
                0x000001c2       0x32 ./drivers/fsl_reset.o
 .ARM.attributes
                0x000001f4       0x32 ./drivers/fsl_swm.o
 .ARM.attributes
                0x00000226       0x32 ./drivers/fsl_usart.o
 .ARM.attributes
                0x00000258       0x32 ./board/src/board.o
 .ARM.attributes
                0x0000028a       0x32 ./board/src/clock_config.o
 .ARM.attributes
                0x000002bc       0x32 ./board/pin_mux.o
 .ARM.attributes
                0x000002ee       0x32 ./CMSIS/system_LPC845.o
 .ARM.attributes
                0x00000320       0x31 c:/nxp/mcuxpressoide_10.3.0_2200/ide/plugins/com.nxp.mcuxpresso.tools.win32_10.3.0.201811011841/tools/bin/../lib/gcc/arm-none-eabi/7.3.1/../../../../arm-none-eabi/lib/thumb/v6-m\libcr_nohost_nf.a(_cr__main.o)
 .ARM.attributes
                0x00000351       0x31 c:/nxp/mcuxpressoide_10.3.0_2200/ide/plugins/com.nxp.mcuxpresso.tools.win32_10.3.0.201811011841/tools/bin/../lib/gcc/arm-none-eabi/7.3.1/../../../../arm-none-eabi/lib/thumb/v6-m\libcr_nohost_nf.a(_cr_assert.o)
 .ARM.attributes
                0x00000382       0x31 c:/nxp/mcuxpressoide_10.3.0_2200/ide/plugins/com.nxp.mcuxpresso.tools.win32_10.3.0.201811011841/tools/bin/../lib/gcc/arm-none-eabi/7.3.1/../../../../arm-none-eabi/lib/thumb/v6-m\libcr_nohost_nf.a(__ciob.o)
 .ARM.attributes
                0x000003b3       0x31 c:/nxp/mcuxpressoide_10.3.0_2200/ide/plugins/com.nxp.mcuxpresso.tools.win32_10.3.0.201811011841/tools/bin/../lib/gcc/arm-none-eabi/7.3.1/../../../../arm-none-eabi/lib/thumb/v6-m\libcr_nohost_nf.a(__sys_appexit.o)
 .ARM.attributes
                0x000003e4       0x31 c:/nxp/mcuxpressoide_10.3.0_2200/ide/plugins/com.nxp.mcuxpresso.tools.win32_10.3.0.201811011841/tools/bin/../lib/gcc/arm-none-eabi/7.3.1/../../../../arm-none-eabi/lib/thumb/v6-m\libcr_c.a(memset.o)
 .ARM.attributes
                0x00000415       0x31 c:/nxp/mcuxpressoide_10.3.0_2200/ide/plugins/com.nxp.mcuxpresso.tools.win32_10.3.0.201811011841/tools/bin/../lib/gcc/arm-none-eabi/7.3.1/../../../../arm-none-eabi/lib/thumb/v6-m\libcr_c.a(_deferredlazyseek.o)
 .ARM.attributes
                0x00000446       0x31 c:/nxp/mcuxpressoide_10.3.0_2200/ide/plugins/com.nxp.mcuxpresso.tools.win32_10.3.0.201811011841/tools/bin/../lib/gcc/arm-none-eabi/7.3.1/../../../../arm-none-eabi/lib/thumb/v6-m\libcr_c.a(_fflush.o)
 .ARM.attributes
                0x00000477       0x31 c:/nxp/mcuxpressoide_10.3.0_2200/ide/plugins/com.nxp.mcuxpresso.tools.win32_10.3.0.201811011841/tools/bin/../lib/gcc/arm-none-eabi/7.3.1/../../../../arm-none-eabi/lib/thumb/v6-m\libcr_c.a(_writebuf.o)
 .ARM.attributes
                0x000004a8       0x31 c:/nxp/mcuxpressoide_10.3.0_2200/ide/plugins/com.nxp.mcuxpresso.tools.win32_10.3.0.201811011841/tools/bin/../lib/gcc/arm-none-eabi/7.3.1/../../../../arm-none-eabi/lib/thumb/v6-m\libcr_c.a(alloc.o)
 .ARM.attributes
                0x000004d9       0x31 c:/nxp/mcuxpressoide_10.3.0_2200/ide/plugins/com.nxp.mcuxpresso.tools.win32_10.3.0.201811011841/tools/bin/../lib/gcc/arm-none-eabi/7.3.1/../../../../arm-none-eabi/lib/thumb/v6-m\libcr_c.a(floor.o)
 .ARM.attributes
                0x0000050a       0x31 c:/nxp/mcuxpressoide_10.3.0_2200/ide/plugins/com.nxp.mcuxpresso.tools.win32_10.3.0.201811011841/tools/bin/../lib/gcc/arm-none-eabi/7.3.1/../../../../arm-none-eabi/lib/thumb/v6-m\libcr_c.a(fputs.o)
 .ARM.attributes
                0x0000053b       0x31 c:/nxp/mcuxpressoide_10.3.0_2200/ide/plugins/com.nxp.mcuxpresso.tools.win32_10.3.0.201811011841/tools/bin/../lib/gcc/arm-none-eabi/7.3.1/../../../../arm-none-eabi/lib/thumb/v6-m\libcr_c.a(fseek.o)
 .ARM.attributes
                0x0000056c       0x31 c:/nxp/mcuxpressoide_10.3.0_2200/ide/plugins/com.nxp.mcuxpresso.tools.win32_10.3.0.201811011841/tools/bin/../lib/gcc/arm-none-eabi/7.3.1/../../../../arm-none-eabi/lib/thumb/v6-m\libcr_c.a(ftell.o)
 .ARM.attributes
                0x0000059d       0x31 c:/nxp/mcuxpressoide_10.3.0_2200/ide/plugins/com.nxp.mcuxpresso.tools.win32_10.3.0.201811011841/tools/bin/../lib/gcc/arm-none-eabi/7.3.1/../../../../arm-none-eabi/lib/thumb/v6-m\libcr_c.a(initio.o)
 .ARM.attributes
                0x000005ce       0x31 c:/nxp/mcuxpressoide_10.3.0_2200/ide/plugins/com.nxp.mcuxpresso.tools.win32_10.3.0.201811011841/tools/bin/../lib/gcc/arm-none-eabi/7.3.1/../../../../arm-none-eabi/lib/thumb/v6-m\libcr_c.a(setvbuf.o)
 .ARM.attributes
                0x000005ff       0x31 c:/nxp/mcuxpressoide_10.3.0_2200/ide/plugins/com.nxp.mcuxpresso.tools.win32_10.3.0.201811011841/tools/bin/../lib/gcc/arm-none-eabi/7.3.1/../../../../arm-none-eabi/lib/thumb/v6-m\libcr_c.a(strlen.o)
 .ARM.attributes
                0x00000630       0x31 c:/nxp/mcuxpressoide_10.3.0_2200/ide/plugins/com.nxp.mcuxpresso.tools.win32_10.3.0.201811011841/tools/bin/../lib/gcc/arm-none-eabi/7.3.1/../../../../arm-none-eabi/lib/thumb/v6-m\libcr_c.a(__init_alloc.o)
 .ARM.attributes
                0x00000661       0x31 c:/nxp/mcuxpressoide_10.3.0_2200/ide/plugins/com.nxp.mcuxpresso.tools.win32_10.3.0.201811011841/tools/bin/../lib/gcc/arm-none-eabi/7.3.1/../../../../arm-none-eabi/lib/thumb/v6-m\libcr_c.a(_cr_sbrk.o)
 .ARM.attributes
                0x00000692       0x31 c:/nxp/mcuxpressoide_10.3.0_2200/ide/plugins/com.nxp.mcuxpresso.tools.win32_10.3.0.201811011841/tools/bin/../lib/gcc/arm-none-eabi/7.3.1/../../../../arm-none-eabi/lib/thumb/v6-m\libcr_c.a(_fdopen.o)
 .ARM.attributes
                0x000006c3       0x31 c:/nxp/mcuxpressoide_10.3.0_2200/ide/plugins/com.nxp.mcuxpresso.tools.win32_10.3.0.201811011841/tools/bin/../lib/gcc/arm-none-eabi/7.3.1/../../../../arm-none-eabi/lib/thumb/v6-m\libcr_c.a(errno.o)
 .ARM.attributes
                0x000006f4       0x31 c:/nxp/mcuxpressoide_10.3.0_2200/ide/plugins/com.nxp.mcuxpresso.tools.win32_10.3.0.201811011841/tools/bin/../lib/gcc/arm-none-eabi/7.3.1/../../../../arm-none-eabi/lib/thumb/v6-m\libcr_c.a(fclose.o)
 .ARM.attributes
                0x00000725       0x31 c:/nxp/mcuxpressoide_10.3.0_2200/ide/plugins/com.nxp.mcuxpresso.tools.win32_10.3.0.201811011841/tools/bin/../lib/gcc/arm-none-eabi/7.3.1/../../../../arm-none-eabi/lib/thumb/v6-m\libcr_c.a(fflush.o)
 .ARM.attributes
                0x00000756       0x31 c:/nxp/mcuxpressoide_10.3.0_2200/ide/plugins/com.nxp.mcuxpresso.tools.win32_10.3.0.201811011841/tools/bin/../lib/gcc/arm-none-eabi/7.3.1/../../../../arm-none-eabi/lib/thumb/v6-m\libcr_c.a(remove.o)
 .ARM.attributes
                0x00000787       0x31 c:/nxp/mcuxpressoide_10.3.0_2200/ide/plugins/com.nxp.mcuxpresso.tools.win32_10.3.0.201811011841/tools/bin/../lib/gcc/arm-none-eabi/7.3.1/../../../../arm-none-eabi/lib/thumb/v6-m\libcr_c.a(_cr_check_heap.o)
 .ARM.attributes
                0x000007b8       0x31 c:/nxp/mcuxpressoide_10.3.0_2200/ide/plugins/com.nxp.mcuxpresso.tools.win32_10.3.0.201811011841/tools/bin/../lib/gcc/arm-none-eabi/7.3.1/../../../../arm-none-eabi/lib/thumb/v6-m\libcr_c.a(_do_fflush.o)
 .ARM.attributes
                0x000007e9       0x21 c:/nxp/mcuxpressoide_10.3.0_2200/ide/plugins/com.nxp.mcuxpresso.tools.win32_10.3.0.201811011841/tools/bin/../lib/gcc/arm-none-eabi/7.3.1/thumb/v6-m\libcr_eabihelpers.a(division_32.o)
 .ARM.attributes
                0x0000080a       0x21 c:/nxp/mcuxpressoide_10.3.0_2200/ide/plugins/com.nxp.mcuxpresso.tools.win32_10.3.0.201811011841/tools/bin/../lib/gcc/arm-none-eabi/7.3.1/thumb/v6-m\libcr_eabihelpers.a(division_64.o)
 .ARM.attributes
                0x0000082b       0x21 c:/nxp/mcuxpressoide_10.3.0_2200/ide/plugins/com.nxp.mcuxpresso.tools.win32_10.3.0.201811011841/tools/bin/../lib/gcc/arm-none-eabi/7.3.1/thumb/v6-m\libcr_eabihelpers.a(division_idiv0.o)
 .ARM.attributes
                0x0000084c       0x31 c:/nxp/mcuxpressoide_10.3.0_2200/ide/plugins/com.nxp.mcuxpresso.tools.win32_10.3.0.201811011841/tools/bin/../lib/gcc/arm-none-eabi/7.3.1/thumb/v6-m\libcr_eabihelpers.a(double.o)
 .ARM.attributes
                0x0000087d       0x21 c:/nxp/mcuxpressoide_10.3.0_2200/ide/plugins/com.nxp.mcuxpresso.tools.win32_10.3.0.201811011841/tools/bin/../lib/gcc/arm-none-eabi/7.3.1/thumb/v6-m\libcr_eabihelpers.a(llong.o)
 .ARM.attributes
                0x0000089e       0x21 c:/nxp/mcuxpressoide_10.3.0_2200/ide/plugins/com.nxp.mcuxpresso.tools.win32_10.3.0.201811011841/tools/bin/../lib/gcc/arm-none-eabi/7.3.1/thumb/v6-m\libcr_eabihelpers.a(memcpy.o)
 .ARM.attributes
                0x000008bf       0x31 c:/nxp/mcuxpressoide_10.3.0_2200/ide/plugins/com.nxp.mcuxpresso.tools.win32_10.3.0.201811011841/tools/bin/../lib/gcc/arm-none-eabi/7.3.1/../../../../arm-none-eabi/lib/thumb/v6-m\libcr_nohost_nf.a(__sys_close.o)
 .ARM.attributes
                0x000008f0       0x31 c:/nxp/mcuxpressoide_10.3.0_2200/ide/plugins/com.nxp.mcuxpresso.tools.win32_10.3.0.201811011841/tools/bin/../lib/gcc/arm-none-eabi/7.3.1/../../../../arm-none-eabi/lib/thumb/v6-m\libcr_nohost_nf.a(__sys_flen.o)
 .ARM.attributes
                0x00000921       0x31 c:/nxp/mcuxpressoide_10.3.0_2200/ide/plugins/com.nxp.mcuxpresso.tools.win32_10.3.0.201811011841/tools/bin/../lib/gcc/arm-none-eabi/7.3.1/../../../../arm-none-eabi/lib/thumb/v6-m\libcr_nohost_nf.a(__sys_istty.o)
 .ARM.attributes
                0x00000952       0x31 c:/nxp/mcuxpressoide_10.3.0_2200/ide/plugins/com.nxp.mcuxpresso.tools.win32_10.3.0.201811011841/tools/bin/../lib/gcc/arm-none-eabi/7.3.1/../../../../arm-none-eabi/lib/thumb/v6-m\libcr_nohost_nf.a(__sys_remove.o)
 .ARM.attributes
                0x00000983       0x31 c:/nxp/mcuxpressoide_10.3.0_2200/ide/plugins/com.nxp.mcuxpresso.tools.win32_10.3.0.201811011841/tools/bin/../lib/gcc/arm-none-eabi/7.3.1/../../../../arm-none-eabi/lib/thumb/v6-m\libcr_nohost_nf.a(__sys_seek.o)
 .ARM.attributes
                0x000009b4       0x31 c:/nxp/mcuxpressoide_10.3.0_2200/ide/plugins/com.nxp.mcuxpresso.tools.win32_10.3.0.201811011841/tools/bin/../lib/gcc/arm-none-eabi/7.3.1/../../../../arm-none-eabi/lib/thumb/v6-m\libcr_nohost_nf.a(__sys_tmpnam.o)
 .ARM.attributes
                0x000009e5       0x31 c:/nxp/mcuxpressoide_10.3.0_2200/ide/plugins/com.nxp.mcuxpresso.tools.win32_10.3.0.201811011841/tools/bin/../lib/gcc/arm-none-eabi/7.3.1/../../../../arm-none-eabi/lib/thumb/v6-m\libcr_nohost_nf.a(__sys_write.o)

.debug_frame    0x00000000     0x176c
 .debug_frame   0x00000000      0x170 ./utilities/fsl_debug_console.o
 .debug_frame   0x00000170      0x3b0 ./startup/startup_lpc845.o
 .debug_frame   0x00000520       0xc4 ./source/lpc845_accel_i2c.o
 .debug_frame   0x000005e4       0x20 ./source/semihost_hardfault.o
 .debug_frame   0x00000604      0x2fc ./drivers/fsl_clock.o
 .debug_frame   0x00000900       0x70 ./drivers/fsl_gpio.o
 .debug_frame   0x00000970      0x6a4 ./drivers/fsl_i2c.o
 .debug_frame   0x00001014       0x90 ./drivers/fsl_mma.o
 .debug_frame   0x000010a4       0x70 ./drivers/fsl_reset.o
 .debug_frame   0x00001114       0x50 ./drivers/fsl_swm.o
 .debug_frame   0x00001164      0x3fc ./drivers/fsl_usart.o
 .debug_frame   0x00001560       0x50 ./board/src/board.o
 .debug_frame   0x000015b0       0xcc ./board/src/clock_config.o
 .debug_frame   0x0000167c       0x88 ./board/pin_mux.o
 .debug_frame   0x00001704       0x68 ./CMSIS/system_LPC845.o
